WARNING:
   redefining OPENLDK::|java/lang/invoke/MethodType.methodType(Ljava/lang/Class;[Ljava/lang/Class;)| in DEFUN
WARNING:
   redefining OPENLDK::|java/lang/invoke/MethodType.methodType(Ljava/lang/Class;)| in DEFUN
WARNING:
   redefining OPENLDK::|java/lang/invoke/MethodType.methodType(Ljava/lang/Class;Ljava/lang/Class;)| in DEFUN
DI3: get()Ljava/util/function/Supplier;
DI4: method-name=get
; in:
;      PROGN (DEFUN OPENLDK::|java/lang/invoke/MethodType.fromMethodDescriptorString(Ljava/lang/String;Ljava/lang/ClassLoader;)|
;               (OPENLDK::|arg0| OPENLDK::|arg1|)
;          "bridge=NIL"
;          (LET ((OPENLDK::|condition-cache|)
;                (OPENLDK::|s{33}|)
;                (OPENLDK::|s{31}|)
;                (OPENLDK::|s{30}|)
;                (OPENLDK::|s{29}|)
;                (OPENLDK::|s{28}|)
;                (OPENLDK::|s{27}|)
;                (OPENLDK::|s{26}|)
;                (OPENLDK::|s{25}|)
;                (OPENLDK::|s{22}|)
;                (OPENLDK::|s{21}|)
;                (OPENLDK::|s{20}|)
;                ...)
;            (BLOCK NIL
;              (TAGBODY
;               |branch-target-0|
;                (SETF #)
;                (SETF #)
;                (WHEN # #)
;               |branch-target-9|
;                (SETF #)
;                (SETF #)
;                (WHEN # #)
;               |branch-target-18|
;                (SETF #)
;                (SETF #) ...))))
;     (OPENLDK::|condition-cache|)
; 
; caught STYLE-WARNING:
;   The variable OPENLDK::|condition-cache| is assigned but never read.

;     (OPENLDK::|s{31}|)
; 
; caught STYLE-WARNING:
;   The variable OPENLDK::|s{31}| is assigned but never read.

;     (OPENLDK::|s{30}|)
; 
; caught STYLE-WARNING:
;   The variable OPENLDK::|s{30}| is assigned but never read.

;     (OPENLDK::|s{28}|)
; 
; caught STYLE-WARNING:
;   The variable OPENLDK::|s{28}| is assigned but never read.

;     (OPENLDK::|s{26}|)
; 
; caught STYLE-WARNING:
;   The variable OPENLDK::|s{26}| is assigned but never read.

;     (OPENLDK::|s{21}|)
; 
; caught STYLE-WARNING:
;   The variable OPENLDK::|s{21}| is assigned but never read.

;     (OPENLDK::|s{20}|)
; 
; caught STYLE-WARNING:
;   The variable OPENLDK::|s{20}| is assigned but never read.

;     (OPENLDK::|s{18}|)
; 
; caught STYLE-WARNING:
;   The variable OPENLDK::|s{18}| is assigned but never read.

;     (OPENLDK::|s{17}|)
; 
; caught STYLE-WARNING:
;   The variable OPENLDK::|s{17}| is assigned but never read.

;     (OPENLDK::|s{13}|)
; 
; caught STYLE-WARNING:
;   The variable OPENLDK::|s{13}| is assigned but never read.

;     (OPENLDK::|s{7}|)
; 
; caught STYLE-WARNING:
;   The variable OPENLDK::|s{7}| is assigned but never read.

;     (OPENLDK::|s{4}|)
; 
; caught STYLE-WARNING:
;   The variable OPENLDK::|s{4}| is assigned but never read.

;     (OPENLDK::|s{1}|)
; 
; caught STYLE-WARNING:
;   The variable OPENLDK::|s{1}| is assigned but never read.

;     (OPENLDK::|local-5|)
; 
; caught STYLE-WARNING:
;   The variable OPENLDK::|local-5| is defined but never used.

;     (OPENLDK::|local-6|)
; 
; caught STYLE-WARNING:
;   The variable OPENLDK::|local-6| is defined but never used.

;     (OPENLDK::|local-7|)
; 
; caught STYLE-WARNING:
;   The variable OPENLDK::|local-7| is defined but never used.
; 
; compilation unit finished
;   caught 16 STYLE-WARNING conditions
WARNING:
   redefining OPENLDK::|java/lang/invoke/MethodType.fromMethodDescriptorString(Ljava/lang/String;Ljava/lang/ClassLoader;)| in DEFUN
; in:
;      PROGN (DEFUN OPENLDK::|sun/invoke/util/BytecodeDescriptor.parseMethod(Ljava/lang/String;Ljava/lang/ClassLoader;)|
;               (OPENLDK::|arg0| OPENLDK::|arg1|)
;          "bridge=NIL"
;          (LET ((OPENLDK::|condition-cache|)
;                (OPENLDK::|s{6}|)
;                (OPENLDK::|s{5}|)
;                (OPENLDK::|s{4}|)
;                (OPENLDK::|s{3}|)
;                (OPENLDK::|s{1}|)
;                (OPENLDK::|local-0| OPENLDK::|arg0|)
;                (OPENLDK::|local-1| OPENLDK::|arg1|)
;                (OPENLDK::|local-2|)
;                (OPENLDK::|local-3|)
;                (OPENLDK::|local-4|))
;            (BLOCK NIL
;              (TAGBODY
;               |branch-target-0|
;                (SETF #)
;                (SETF #)
;                (SETF #)
;                (SETF #)
;                (UNLESS # #)
;                (SETF #)
;                (LET #
;                  #
;                  #)))))
;     (OPENLDK::|condition-cache|)
; 
; caught STYLE-WARNING:
;   The variable OPENLDK::|condition-cache| is defined but never used.

;     (OPENLDK::|s{5}|)
; 
; caught STYLE-WARNING:
;   The variable OPENLDK::|s{5}| is assigned but never read.

;     (OPENLDK::|s{3}|)
; 
; caught STYLE-WARNING:
;   The variable OPENLDK::|s{3}| is assigned but never read.

;     (OPENLDK::|s{1}|)
; 
; caught STYLE-WARNING:
;   The variable OPENLDK::|s{1}| is assigned but never read.

;     (OPENLDK::|local-2|)
; 
; caught STYLE-WARNING:
;   The variable OPENLDK::|local-2| is defined but never used.

;     (OPENLDK::|local-3|)
; 
; caught STYLE-WARNING:
;   The variable OPENLDK::|local-3| is defined but never used.

;     (OPENLDK::|local-4|)
; 
; caught STYLE-WARNING:
;   The variable OPENLDK::|local-4| is defined but never used.
; 
; compilation unit finished
;   caught 7 STYLE-WARNING conditions
WARNING:
   redefining OPENLDK::|sun/invoke/util/BytecodeDescriptor.parseMethod(Ljava/lang/String;Ljava/lang/ClassLoader;)| in DEFUN
; in:
;      PROGN (DEFUN OPENLDK::|sun/invoke/util/BytecodeDescriptor.parseMethod(Ljava/lang/String;IILjava/lang/ClassLoader;)|
;               (OPENLDK::|arg0| OPENLDK::|arg1| OPENLDK::|arg2| OPENLDK::|arg3|)
;          "bridge=NIL"
;          (LET ((OPENLDK::|condition-cache|)
;                (OPENLDK::|s{69}|)
;                (OPENLDK::|s{68}|)
;                (OPENLDK::|s{67}|)
;                (OPENLDK::|s{66}|)
;                (OPENLDK::|s{64}|)
;                (OPENLDK::|s{63}|)
;                (OPENLDK::|s{62}|)
;                (OPENLDK::|s{60}|)
;                (OPENLDK::|s{59}|)
;                (OPENLDK::|s{58}|)
;                (OPENLDK::|s{57}|)
;                ...)
;            (HANDLER-BIND ((SB-INT:INVALID-ARRAY-INDEX-ERROR #) (TYPE-ERROR #))
;              (BLOCK NIL
;                (TAGBODY
;                 |branch-target-0|
;                  #
;                  #
;                 |branch-target-4|
;                  #
;                  #
;                  #
;                 |branch-target-8|
;                  #
;                  #
;                  # ...)))))
;     (OPENLDK::|condition-cache|)
; 
; caught STYLE-WARNING:
;   The variable OPENLDK::|condition-cache| is defined but never used.

;     (OPENLDK::|s{69}|)
; 
; caught STYLE-WARNING:
;   The variable OPENLDK::|s{69}| is assigned but never read.

;     (OPENLDK::|s{68}|)
; 
; caught STYLE-WARNING:
;   The variable OPENLDK::|s{68}| is assigned but never read.

;     (OPENLDK::|s{67}|)
; 
; caught STYLE-WARNING:
;   The variable OPENLDK::|s{67}| is assigned but never read.

;     (OPENLDK::|s{66}|)
; 
; caught STYLE-WARNING:
;   The variable OPENLDK::|s{66}| is assigned but never read.

;     (OPENLDK::|s{64}|)
; 
; caught STYLE-WARNING:
;   The variable OPENLDK::|s{64}| is assigned but never read.

;     (OPENLDK::|s{63}|)
; 
; caught STYLE-WARNING:
;   The variable OPENLDK::|s{63}| is assigned but never read.

;     (OPENLDK::|s{60}|)
; 
; caught STYLE-WARNING:
;   The variable OPENLDK::|s{60}| is assigned but never read.

;     (OPENLDK::|s{59}|)
; 
; caught STYLE-WARNING:
;   The variable OPENLDK::|s{59}| is assigned but never read.

;     (OPENLDK::|s{57}|)
; 
; caught STYLE-WARNING:
;   The variable OPENLDK::|s{57}| is assigned but never read.

;     (OPENLDK::|s{56}|)
; 
; caught STYLE-WARNING:
;   The variable OPENLDK::|s{56}| is assigned but never read.

;     (OPENLDK::|s{55}|)
; 
; caught STYLE-WARNING:
;   The variable OPENLDK::|s{55}| is assigned but never read.

;     (OPENLDK::|s{54}|)
; 
; caught STYLE-WARNING:
;   The variable OPENLDK::|s{54}| is assigned but never read.

;     (OPENLDK::|s{52}|)
; 
; caught STYLE-WARNING:
;   The variable OPENLDK::|s{52}| is assigned but never read.

;     (OPENLDK::|s{47}|)
; 
; caught STYLE-WARNING:
;   The variable OPENLDK::|s{47}| is assigned but never read.

;     (OPENLDK::|s{46}|)
; 
; caught STYLE-WARNING:
;   The variable OPENLDK::|s{46}| is assigned but never read.

;     (OPENLDK::|s{45}|)
; 
; caught STYLE-WARNING:
;   The variable OPENLDK::|s{45}| is assigned but never read.

;     (OPENLDK::|s{44}|)
; 
; caught STYLE-WARNING:
;   The variable OPENLDK::|s{44}| is assigned but never read.

;     (OPENLDK::|s{42}|)
; 
; caught STYLE-WARNING:
;   The variable OPENLDK::|s{42}| is assigned but never read.

;     (OPENLDK::|s{40}|)
; 
; caught STYLE-WARNING:
;   The variable OPENLDK::|s{40}| is assigned but never read.

;     (OPENLDK::|s{39}|)
; 
; caught STYLE-WARNING:
;   The variable OPENLDK::|s{39}| is assigned but never read.

;     (OPENLDK::|s{37}|)
; 
; caught STYLE-WARNING:
;   The variable OPENLDK::|s{37}| is assigned but never read.

;     (OPENLDK::|s{36}|)
; 
; caught STYLE-WARNING:
;   The variable OPENLDK::|s{36}| is assigned but never read.

;     (OPENLDK::|s{35}|)
; 
; caught STYLE-WARNING:
;   The variable OPENLDK::|s{35}| is assigned but never read.

;     (OPENLDK::|s{34}|)
; 
; caught STYLE-WARNING:
;   The variable OPENLDK::|s{34}| is assigned but never read.

;     (OPENLDK::|s{29}|)
; 
; caught STYLE-WARNING:
;   The variable OPENLDK::|s{29}| is assigned but never read.

;     (OPENLDK::|s{28}|)
; 
; caught STYLE-WARNING:
;   The variable OPENLDK::|s{28}| is assigned but never read.

;     (OPENLDK::|s{27}|)
; 
; caught STYLE-WARNING:
;   The variable OPENLDK::|s{27}| is assigned but never read.

;     (OPENLDK::|s{24}|)
; 
; caught STYLE-WARNING:
;   The variable OPENLDK::|s{24}| is assigned but never read.

;     (OPENLDK::|s{19}|)
; 
; caught STYLE-WARNING:
;   The variable OPENLDK::|s{19}| is assigned but never read.

;     (OPENLDK::|s{14}|)
; 
; caught STYLE-WARNING:
;   The variable OPENLDK::|s{14}| is assigned but never read.

;     (OPENLDK::|s{13}|)
; 
; caught STYLE-WARNING:
;   The variable OPENLDK::|s{13}| is assigned but never read.

;     (OPENLDK::|s{12}|)
; 
; caught STYLE-WARNING:
;   The variable OPENLDK::|s{12}| is assigned but never read.

;     (OPENLDK::|s{9}|)
; 
; caught STYLE-WARNING:
;   The variable OPENLDK::|s{9}| is assigned but never read.

;     (OPENLDK::|s{7}|)
; 
; caught STYLE-WARNING:
;   The variable OPENLDK::|s{7}| is assigned but never read.

;     (OPENLDK::|s{3}|)
; 
; caught STYLE-WARNING:
;   The variable OPENLDK::|s{3}| is assigned but never read.

;     (OPENLDK::|s{1}|)
; 
; caught STYLE-WARNING:
;   The variable OPENLDK::|s{1}| is assigned but never read.

;     (OPENLDK::|local-8|)
; 
; caught STYLE-WARNING:
;   The variable OPENLDK::|local-8| is defined but never used.

;     (OPENLDK::|local-9|)
; 
; caught STYLE-WARNING:
;   The variable OPENLDK::|local-9| is defined but never used.

;     (OPENLDK::|local-10|)
; 
; caught STYLE-WARNING:
;   The variable OPENLDK::|local-10| is defined but never used.

;     (SB-INT:INVALID-ARRAY-INDEX-ERROR
;      (LAMBDA (OPENLDK::E)
;        (ERROR
;         (OPENLDK::%LISP-CONDITION
;          (OPENLDK::%MAKE-THROWABLE
;           'OPENLDK::|java/lang/ArrayIndexOutOfBoundsException|)))))
; 
; caught STYLE-WARNING:
;   The variable OPENLDK::E is defined but never used.
; 
; compilation unit finished
;   caught 41 STYLE-WARNING conditions
WARNING:
   redefining OPENLDK::|sun/invoke/util/BytecodeDescriptor.parseMethod(Ljava/lang/String;IILjava/lang/ClassLoader;)| in DEFUN
; in:
;      PROGN (DEFUN OPENLDK::|sun/invoke/util/BytecodeDescriptor.parseSig(Ljava/lang/String;[IILjava/lang/ClassLoader;)|
;               (OPENLDK::|arg0| OPENLDK::|arg1| OPENLDK::|arg2| OPENLDK::|arg3|)
;          "bridge=NIL"
;          (LET ((OPENLDK::|condition-cache|)
;                (OPENLDK::|s{58}|)
;                (OPENLDK::|s{57}|)
;                (OPENLDK::|s{56}|)
;                (OPENLDK::|s{55}|)
;                (OPENLDK::|s{54}|)
;                (OPENLDK::|s{53}|)
;                (OPENLDK::|s{51}|)
;                (OPENLDK::|s{50}|)
;                (OPENLDK::|s{49}|)
;                (OPENLDK::|s{48}|)
;                (OPENLDK::|s{47}|)
;                ...)
;            (HANDLER-BIND ((SB-INT:INVALID-ARRAY-INDEX-ERROR #) (TYPE-ERROR #))
;              (BLOCK NIL
;                (TAGBODY
;                 |branch-target-0|
;                  #
;                  #
;                  #
;                  #
;                 |branch-target-7|
;                  #
;                 |branch-target-9|
;                  #
;                  #
;                  # ...)))))
;     (SB-INT:INVALID-ARRAY-INDEX-ERROR
;      (LAMBDA (OPENLDK::E)
;        (ERROR
;         (OPENLDK::%LISP-CONDITION
;          (OPENLDK::%MAKE-THROWABLE
;           'OPENLDK::|java/lang/ArrayIndexOutOfBoundsException|)))))
; 
; caught STYLE-WARNING:
;   The variable OPENLDK::E is defined but never used.

;     (OPENLDK::|s{56}|)
; 
; caught STYLE-WARNING:
;   The variable OPENLDK::|s{56}| is assigned but never read.

;     (OPENLDK::|s{55}|)
; 
; caught STYLE-WARNING:
;   The variable OPENLDK::|s{55}| is assigned but never read.

;     (OPENLDK::|s{51}|)
; 
; caught STYLE-WARNING:
;   The variable OPENLDK::|s{51}| is assigned but never read.

;     (OPENLDK::|s{50}|)
; 
; caught STYLE-WARNING:
;   The variable OPENLDK::|s{50}| is assigned but never read.

;     (OPENLDK::|s{48}|)
; 
; caught STYLE-WARNING:
;   The variable OPENLDK::|s{48}| is assigned but never read.

;     (OPENLDK::|s{47}|)
; 
; caught STYLE-WARNING:
;   The variable OPENLDK::|s{47}| is assigned but never read.

;     (OPENLDK::|s{46}|)
; 
; caught STYLE-WARNING:
;   The variable OPENLDK::|s{46}| is assigned but never read.

;     (OPENLDK::|s{45}|)
; 
; caught STYLE-WARNING:
;   The variable OPENLDK::|s{45}| is assigned but never read.

;     (OPENLDK::|s{43}|)
; 
; caught STYLE-WARNING:
;   The variable OPENLDK::|s{43}| is assigned but never read.

;     (OPENLDK::|s{42}|)
; 
; caught STYLE-WARNING:
;   The variable OPENLDK::|s{42}| is assigned but never read.

;     (OPENLDK::|s{41}|)
; 
; caught STYLE-WARNING:
;   The variable OPENLDK::|s{41}| is assigned but never read.

;     (OPENLDK::|s{37}|)
; 
; caught STYLE-WARNING:
;   The variable OPENLDK::|s{37}| is assigned but never read.

;     (OPENLDK::|s{36}|)
; 
; caught STYLE-WARNING:
;   The variable OPENLDK::|s{36}| is assigned but never read.

;     (OPENLDK::|s{31}|)
; 
; caught STYLE-WARNING:
;   The variable OPENLDK::|s{31}| is assigned but never read.

;     (OPENLDK::|s{30}|)
; 
; caught STYLE-WARNING:
;   The variable OPENLDK::|s{30}| is assigned but never read.

;     (OPENLDK::|s{29}|)
; 
; caught STYLE-WARNING:
;   The variable OPENLDK::|s{29}| is assigned but never read.

;     (OPENLDK::|s{26}|)
; 
; caught STYLE-WARNING:
;   The variable OPENLDK::|s{26}| is assigned but never read.

;     (OPENLDK::|s{24}|)
; 
; caught STYLE-WARNING:
;   The variable OPENLDK::|s{24}| is assigned but never read.

;     (OPENLDK::|s{22}|)
; 
; caught STYLE-WARNING:
;   The variable OPENLDK::|s{22}| is assigned but never read.

;     (OPENLDK::|s{20}|)
; 
; caught STYLE-WARNING:
;   The variable OPENLDK::|s{20}| is assigned but never read.

;     (OPENLDK::|s{18}|)
; 
; caught STYLE-WARNING:
;   The variable OPENLDK::|s{18}| is assigned but never read.

;     (OPENLDK::|s{15}|)
; 
; caught STYLE-WARNING:
;   The variable OPENLDK::|s{15}| is assigned but never read.

;     (OPENLDK::|s{13}|)
; 
; caught STYLE-WARNING:
;   The variable OPENLDK::|s{13}| is assigned but never read.

;     (OPENLDK::|s{7}|)
; 
; caught STYLE-WARNING:
;   The variable OPENLDK::|s{7}| is assigned but never read.

;     (OPENLDK::|s{6}|)
; 
; caught STYLE-WARNING:
;   The variable OPENLDK::|s{6}| is assigned but never read.

;     (OPENLDK::|s{4}|)
; 
; caught STYLE-WARNING:
;   The variable OPENLDK::|s{4}| is assigned but never read.

;     (OPENLDK::|s{1}|)
; 
; caught STYLE-WARNING:
;   The variable OPENLDK::|s{1}| is assigned but never read.

;     (OPENLDK::|local-9|)
; 
; caught STYLE-WARNING:
;   The variable OPENLDK::|local-9| is defined but never used.

;     (OPENLDK::|local-10|)
; 
; caught STYLE-WARNING:
;   The variable OPENLDK::|local-10| is defined but never used.

;     (OPENLDK::|local-11|)
; 
; caught STYLE-WARNING:
;   The variable OPENLDK::|local-11| is defined but never used.
; 
; compilation unit finished
;   caught 31 STYLE-WARNING conditions
WARNING:
   redefining OPENLDK::|sun/invoke/util/BytecodeDescriptor.parseSig(Ljava/lang/String;[IILjava/lang/ClassLoader;)| in DEFUN
; in:
;      PROGN (DEFMETHOD OPENLDK::|loadClass(Ljava/lang/String;)|
;                   ((OPENLDK::|this| OPENLDK::|java/lang/ClassLoader|)
;                    OPENLDK::|arg1|)
;          (SETF OPENLDK::*FORCE-THIS-TO-BE-USED* OPENLDK::|this|)
;          "bridge=NIL"
;          (LET ((OPENLDK::|condition-cache|)
;                (OPENLDK::|s{4}|)
;                (OPENLDK::|s{2}|)
;                (OPENLDK::|s{1}|)
;                (OPENLDK::|local-0| OPENLDK::|this|)
;                (OPENLDK::|local-1| OPENLDK::|arg1|)
;                (OPENLDK::|local-2|)
;                (OPENLDK::|local-3|)
;                (OPENLDK::|local-4|))
;            (BLOCK NIL
;              (TAGBODY
;               |branch-target-0|
;                (SETF #)
;                (SETF #)
;                (SETF #)
;                (LET #
;                  #
;                  #)))))
;     (OPENLDK::|condition-cache|)
; 
; caught STYLE-WARNING:
;   The variable OPENLDK::|condition-cache| is defined but never used.

;     (OPENLDK::|s{2}|)
; 
; caught STYLE-WARNING:
;   The variable OPENLDK::|s{2}| is assigned but never read.

;     (OPENLDK::|s{1}|)
; 
; caught STYLE-WARNING:
;   The variable OPENLDK::|s{1}| is assigned but never read.

;     (OPENLDK::|local-2|)
; 
; caught STYLE-WARNING:
;   The variable OPENLDK::|local-2| is defined but never used.

;     (OPENLDK::|local-3|)
; 
; caught STYLE-WARNING:
;   The variable OPENLDK::|local-3| is defined but never used.

;     (OPENLDK::|local-4|)
; 
; caught STYLE-WARNING:
;   The variable OPENLDK::|local-4| is defined but never used.
; 
; compilation unit finished
;   caught 6 STYLE-WARNING conditions
WARNING:
   redefining OPENLDK::|loadClass(Ljava/lang/String;)| (#<STANDARD-CLASS OPENLDK::|java/lang/ClassLoader|>
                                                        #<SB-PCL:SYSTEM-CLASS COMMON-LISP:T>) in DEFMETHOD
; in:
;      PROGN (DEFMETHOD OPENLDK::|loadClass(Ljava/lang/String;Z)|
;                   (
;                    (OPENLDK::|this|
;                     OPENLDK::|sun/misc/Launcher$AppClassLoader|)
;                    OPENLDK::|arg1| OPENLDK::|arg2|)
;          (SETF OPENLDK::*FORCE-THIS-TO-BE-USED* OPENLDK::|this|)
;          "bridge=NIL"
;          (LET ((OPENLDK::|condition-cache|)
;                (OPENLDK::|s{30}|)
;                (OPENLDK::|s{29}|)
;                (OPENLDK::|s{28}|)
;                (OPENLDK::|s{27}|)
;                (OPENLDK::|s{26}|)
;                (OPENLDK::|s{25}|)
;                (OPENLDK::|s{24}|)
;                (OPENLDK::|s{23}|)
;                (OPENLDK::|s{22}|)
;                (OPENLDK::|s{21}|)
;                (OPENLDK::|s{20}|)
;                ...)
;            (BLOCK NIL
;              (TAGBODY
;               |branch-target-0|
;                (SETF #)
;                (SETF #)
;                (SETF #)
;                (SETF #)
;                (PROGN #)
;               |branch-target-12|
;                (UNLESS # #)
;                (SETF #)
;                (SETF #)
;                (SETF #) ...))))
;     (OPENLDK::|condition-cache|)
; 
; caught STYLE-WARNING:
;   The variable OPENLDK::|condition-cache| is assigned but never read.

;     (OPENLDK::|s{29}|)
; 
; caught STYLE-WARNING:
;   The variable OPENLDK::|s{29}| is assigned but never read.

;     (OPENLDK::|s{28}|)
; 
; caught STYLE-WARNING:
;   The variable OPENLDK::|s{28}| is assigned but never read.

;     (OPENLDK::|s{27}|)
; 
; caught STYLE-WARNING:
;   The variable OPENLDK::|s{27}| is assigned but never read.

;     (OPENLDK::|s{26}|)
; 
; caught STYLE-WARNING:
;   The variable OPENLDK::|s{26}| is assigned but never read.

;     (OPENLDK::|s{24}|)
; 
; caught STYLE-WARNING:
;   The variable OPENLDK::|s{24}| is assigned but never read.

;     (OPENLDK::|s{23}|)
; 
; caught STYLE-WARNING:
;   The variable OPENLDK::|s{23}| is assigned but never read.

;     (OPENLDK::|s{22}|)
; 
; caught STYLE-WARNING:
;   The variable OPENLDK::|s{22}| is assigned but never read.

;     (OPENLDK::|s{21}|)
; 
; caught STYLE-WARNING:
;   The variable OPENLDK::|s{21}| is assigned but never read.

;     (OPENLDK::|s{20}|)
; 
; caught STYLE-WARNING:
;   The variable OPENLDK::|s{20}| is assigned but never read.

;     (OPENLDK::|s{18}|)
; 
; caught STYLE-WARNING:
;   The variable OPENLDK::|s{18}| is assigned but never read.

;     (OPENLDK::|s{17}|)
; 
; caught STYLE-WARNING:
;   The variable OPENLDK::|s{17}| is assigned but never read.

;     (OPENLDK::|s{15}|)
; 
; caught STYLE-WARNING:
;   The variable OPENLDK::|s{15}| is assigned but never read.

;     (OPENLDK::|s{13}|)
; 
; caught STYLE-WARNING:
;   The variable OPENLDK::|s{13}| is assigned but never read.

;     (OPENLDK::|s{11}|)
; 
; caught STYLE-WARNING:
;   The variable OPENLDK::|s{11}| is assigned but never read.

;     (OPENLDK::|s{9}|)
; 
; caught STYLE-WARNING:
;   The variable OPENLDK::|s{9}| is assigned but never read.

;     (OPENLDK::|s{8}|)
; 
; caught STYLE-WARNING:
;   The variable OPENLDK::|s{8}| is assigned but never read.

;     (OPENLDK::|s{7}|)
; 
; caught STYLE-WARNING:
;   The variable OPENLDK::|s{7}| is assigned but never read.

;     (OPENLDK::|s{4}|)
; 
; caught STYLE-WARNING:
;   The variable OPENLDK::|s{4}| is assigned but never read.

;     (OPENLDK::|s{1}|)
; 
; caught STYLE-WARNING:
;   The variable OPENLDK::|s{1}| is assigned but never read.

;     (OPENLDK::|local-5|)
; 
; caught STYLE-WARNING:
;   The variable OPENLDK::|local-5| is defined but never used.

;     (OPENLDK::|local-6|)
; 
; caught STYLE-WARNING:
;   The variable OPENLDK::|local-6| is defined but never used.

;     (OPENLDK::|local-7|)
; 
; caught STYLE-WARNING:
;   The variable OPENLDK::|local-7| is defined but never used.
; 
; compilation unit finished
;   caught 23 STYLE-WARNING conditions
WARNING:
   redefining OPENLDK::|loadClass(Ljava/lang/String;Z)| (#<STANDARD-CLASS OPENLDK::|sun/misc/Launcher$AppClassLoader|>
                                                         #<SB-PCL:SYSTEM-CLASS COMMON-LISP:T>
                                                         #<SB-PCL:SYSTEM-CLASS COMMON-LISP:T>) in DEFMETHOD
; in:
;      PROGN (DEFMETHOD OPENLDK::|knownToNotExist(Ljava/lang/String;)|
;                   ((OPENLDK::|this| OPENLDK::|sun/misc/URLClassPath|)
;                    OPENLDK::|arg1|)
;          (SETF OPENLDK::*FORCE-THIS-TO-BE-USED* OPENLDK::|this|)
;          "bridge=NIL"
;          (LET ((OPENLDK::|condition-cache|)
;                (OPENLDK::|s{7}|)
;                (OPENLDK::|s{6}|)
;                (OPENLDK::|s{5}|)
;                (OPENLDK::|s{4}|)
;                (OPENLDK::|s{3}|)
;                (OPENLDK::|s{2}|)
;                (OPENLDK::|s{1}|)
;                (OPENLDK::|local-0| OPENLDK::|this|)
;                (OPENLDK::|local-1| OPENLDK::|arg1|)
;                (OPENLDK::|local-2|)
;                (OPENLDK::|local-3|)
;                ...)
;            (BLOCK NIL
;              (TAGBODY
;               |branch-target-0|
;                (SETF #)
;                (SETF #)
;                (WHEN # #)
;               |branch-target-7|
;                (UNLESS # #)
;                (SETF #)
;                (WHEN # #)
;               |branch-target-13|
;                (SETF #)
;                (SETF #) ...))))
;     (OPENLDK::|condition-cache|)
; 
; caught STYLE-WARNING:
;   The variable OPENLDK::|condition-cache| is defined but never used.

;     (OPENLDK::|s{6}|)
; 
; caught STYLE-WARNING:
;   The variable OPENLDK::|s{6}| is assigned but never read.

;     (OPENLDK::|s{4}|)
; 
; caught STYLE-WARNING:
;   The variable OPENLDK::|s{4}| is assigned but never read.

;     (OPENLDK::|s{1}|)
; 
; caught STYLE-WARNING:
;   The variable OPENLDK::|s{1}| is assigned but never read.

;     (OPENLDK::|local-2|)
; 
; caught STYLE-WARNING:
;   The variable OPENLDK::|local-2| is defined but never used.

;     (OPENLDK::|local-3|)
; 
; caught STYLE-WARNING:
;   The variable OPENLDK::|local-3| is defined but never used.

;     (OPENLDK::|local-4|)
; 
; caught STYLE-WARNING:
;   The variable OPENLDK::|local-4| is defined but never used.
; in:
;      PROGN (DEFMETHOD OPENLDK::|knownToNotExist(Ljava/lang/String;)|
;                   ((OPENLDK::|this| OPENLDK::|sun/misc/URLClassPath|)
;                    OPENLDK::|arg1|)
;          (SETF OPENLDK::*FORCE-THIS-TO-BE-USED* OPENLDK::|this|)
;          "bridge=NIL"
;          (LET ((OPENLDK::|condition-cache|)
;                (OPENLDK::|s{7}|)
;                (OPENLDK::|s{6}|)
;                (OPENLDK::|s{5}|)
;                (OPENLDK::|s{4}|)
;                (OPENLDK::|s{3}|)
;                (OPENLDK::|s{2}|)
;                (OPENLDK::|s{1}|)
;                (OPENLDK::|local-0| OPENLDK::|this|)
;                (OPENLDK::|local-1| OPENLDK::|arg1|)
;                (OPENLDK::|local-2|)
;                (OPENLDK::|local-3|)
;                ...)
;            (BLOCK NIL
;              (TAGBODY
;               |branch-target-0|
;                (SETF #)
;                (SETF #)
;                (WHEN # #)
;               |branch-target-7|
;                (UNLESS # #)
;                (SETF #)
;                (WHEN # #)
;               |branch-target-13|
;                (SETF #)
;                (SETF #) ...))))
;     #'OPENLDK::|sun/misc/URLClassPath.knownToNotExist0(Ljava/lang/ClassLoader;Ljava/lang/String;)|
; 
; caught STYLE-WARNING:
;   undefined function: OPENLDK::|sun/misc/URLClassPath.knownToNotExist0(Ljava/lang/ClassLoader;Ljava/lang/String;)|
; 
; compilation unit finished
;   Undefined function:
;     
;  OPENLDK::|sun/misc/URLClassPath.knownToNotExist0(Ljava/lang/ClassLoader;Ljava/lang/String;)|
;   caught 8 STYLE-WARNING conditions
WARNING:
   redefining OPENLDK::|knownToNotExist(Ljava/lang/String;)| (#<STANDARD-CLASS OPENLDK::|sun/misc/URLClassPath|>
                                                              #<SB-PCL:SYSTEM-CLASS COMMON-LISP:T>) in DEFMETHOD
; in:
;      PROGN (DEFMETHOD OPENLDK::|loadClass(Ljava/lang/String;Z)|
;                   ((OPENLDK::|this| OPENLDK::|java/lang/ClassLoader|)
;                    OPENLDK::|arg1| OPENLDK::|arg2|)
;          (SETF OPENLDK::*FORCE-THIS-TO-BE-USED* OPENLDK::|this|)
;          "bridge=NIL"
;          (LET ((OPENLDK::|condition-cache|)
;                (OPENLDK::|s{39}|)
;                (OPENLDK::|s{38}|)
;                (OPENLDK::|s{37}|)
;                (OPENLDK::|s{36}|)
;                (OPENLDK::|s{35}|)
;                (OPENLDK::|s{34}|)
;                (OPENLDK::|s{33}|)
;                (OPENLDK::|s{32}|)
;                (OPENLDK::|s{31}|)
;                (OPENLDK::|s{30}|)
;                (OPENLDK::|s{29}|)
;                ...)
;            (BLOCK NIL
;              (TAGBODY
;               |branch-target-0|
;                (SETF #)
;                (SETF #)
;                (SETF #)
;                (SETF #)
;                (OPENLDK::MONITOR-ENTER OPENLDK::|s{3}|)
;               |branch-target-8|
;                (HANDLER-CASE # #)
;               |branch-target-20|
;                (UNLESS # #)
;                (SETF #) ...))))
;     (OPENLDK::|s{39}|)
; 
; caught STYLE-WARNING:
;   The variable OPENLDK::|s{39}| is assigned but never read.

;     (OPENLDK::|s{38}|)
; 
; caught STYLE-WARNING:
;   The variable OPENLDK::|s{38}| is assigned but never read.

;     (OPENLDK::|s{36}|)
; 
; caught STYLE-WARNING:
;   The variable OPENLDK::|s{36}| is assigned but never read.

;     (OPENLDK::|s{34}|)
; 
; caught STYLE-WARNING:
;   The variable OPENLDK::|s{34}| is assigned but never read.

;     (OPENLDK::|s{33}|)
; 
; caught STYLE-WARNING:
;   The variable OPENLDK::|s{33}| is assigned but never read.

;     (OPENLDK::|s{32}|)
; 
; caught STYLE-WARNING:
;   The variable OPENLDK::|s{32}| is assigned but never read.

;     (OPENLDK::|s{30}|)
; 
; caught STYLE-WARNING:
;   The variable OPENLDK::|s{30}| is assigned but never read.

;     (OPENLDK::|s{27}|)
; 
; caught STYLE-WARNING:
;   The variable OPENLDK::|s{27}| is assigned but never read.

;     (OPENLDK::|s{26}|)
; 
; caught STYLE-WARNING:
;   The variable OPENLDK::|s{26}| is assigned but never read.

;     (OPENLDK::|s{23}|)
; 
; caught STYLE-WARNING:
;   The variable OPENLDK::|s{23}| is assigned but never read.

;     (OPENLDK::|s{22}|)
; 
; caught STYLE-WARNING:
;   The variable OPENLDK::|s{22}| is assigned but never read.

;     (OPENLDK::|s{20}|)
; 
; caught STYLE-WARNING:
;   The variable OPENLDK::|s{20}| is assigned but never read.

;     (OPENLDK::|s{17}|)
; 
; caught STYLE-WARNING:
;   The variable OPENLDK::|s{17}| is assigned but never read.

;     (OPENLDK::|s{16}|)
; 
; caught STYLE-WARNING:
;   The variable OPENLDK::|s{16}| is assigned but never read.

;     (OPENLDK::|s{13}|)
; 
; caught STYLE-WARNING:
;   The variable OPENLDK::|s{13}| is assigned but never read.

;     (OPENLDK::|s{11}|)
; 
; caught STYLE-WARNING:
;   The variable OPENLDK::|s{11}| is assigned but never read.

;     (OPENLDK::|s{9}|)
; 
; caught STYLE-WARNING:
;   The variable OPENLDK::|s{9}| is assigned but never read.

;     (OPENLDK::|s{7}|)
; 
; caught STYLE-WARNING:
;   The variable OPENLDK::|s{7}| is assigned but never read.

;     (OPENLDK::|s{5}|)
; 
; caught STYLE-WARNING:
;   The variable OPENLDK::|s{5}| is assigned but never read.

;     (OPENLDK::|s{4}|)
; 
; caught STYLE-WARNING:
;   The variable OPENLDK::|s{4}| is assigned but never read.

;     (OPENLDK::|s{2}|)
; 
; caught STYLE-WARNING:
;   The variable OPENLDK::|s{2}| is assigned but never read.

;     (OPENLDK::|s{1}|)
; 
; caught STYLE-WARNING:
;   The variable OPENLDK::|s{1}| is assigned but never read.

;     (OPENLDK::|local-6|)
; 
; caught STYLE-WARNING:
;   The variable OPENLDK::|local-6| is defined but never used.

;     (OPENLDK::|local-8|)
; 
; caught STYLE-WARNING:
;   The variable OPENLDK::|local-8| is defined but never used.

;     (OPENLDK::|local-10|)
; 
; caught STYLE-WARNING:
;   The variable OPENLDK::|local-10| is defined but never used.

;     (OPENLDK::|local-11|)
; 
; caught STYLE-WARNING:
;   The variable OPENLDK::|local-11| is defined but never used.

;     (OPENLDK::|local-12|)
; 
; caught STYLE-WARNING:
;   The variable OPENLDK::|local-12| is defined but never used.
; 
; compilation unit finished
;   caught 27 STYLE-WARNING conditions
WARNING:
   redefining OPENLDK::|loadClass(Ljava/lang/String;Z)| (#<STANDARD-CLASS OPENLDK::|java/lang/ClassLoader|>
                                                         #<SB-PCL:SYSTEM-CLASS COMMON-LISP:T>
                                                         #<SB-PCL:SYSTEM-CLASS COMMON-LISP:T>) in DEFMETHOD
; in:
;      PROGN (DEFMETHOD OPENLDK::|getClassLoadingLock(Ljava/lang/String;)|
;                   ((OPENLDK::|this| OPENLDK::|java/lang/ClassLoader|)
;                    OPENLDK::|arg1|)
;          (SETF OPENLDK::*FORCE-THIS-TO-BE-USED* OPENLDK::|this|)
;          "bridge=NIL"
;          (LET ((OPENLDK::|condition-cache|)
;                (OPENLDK::|s{12}|)
;                (OPENLDK::|s{11}|)
;                (OPENLDK::|s{10}|)
;                (OPENLDK::|s{9}|)
;                (OPENLDK::|s{8}|)
;                (OPENLDK::|s{7}|)
;                (OPENLDK::|s{6}|)
;                (OPENLDK::|s{5}|)
;                (OPENLDK::|s{4}|)
;                (OPENLDK::|s{3}|)
;                (OPENLDK::|s{2}|)
;                ...)
;            (BLOCK NIL
;              (TAGBODY
;               |branch-target-0|
;                (SETF #)
;                (SETF #)
;                (SETF #)
;                (SETF #)
;                (WHEN # #)
;               |branch-target-9|
;                (SETF #)
;                (OPENLDK::INVOKE-SPECIAL 'OPENLDK::|<init>()|
;                                         'OPENLDK::|java/lang/Object| #)
;                (SETF #)
;                (SETF #) ...))))
;     (OPENLDK::|condition-cache|)
; 
; caught STYLE-WARNING:
;   The variable OPENLDK::|condition-cache| is defined but never used.

;     (OPENLDK::|s{12}|)
; 
; caught STYLE-WARNING:
;   The variable OPENLDK::|s{12}| is assigned but never read.

;     (OPENLDK::|s{11}|)
; 
; caught STYLE-WARNING:
;   The variable OPENLDK::|s{11}| is assigned but never read.

;     (OPENLDK::|s{10}|)
; 
; caught STYLE-WARNING:
;   The variable OPENLDK::|s{10}| is assigned but never read.

;     (OPENLDK::|s{8}|)
; 
; caught STYLE-WARNING:
;   The variable OPENLDK::|s{8}| is assigned but never read.

;     (OPENLDK::|s{7}|)
; 
; caught STYLE-WARNING:
;   The variable OPENLDK::|s{7}| is assigned but never read.

;     (OPENLDK::|s{5}|)
; 
; caught STYLE-WARNING:
;   The variable OPENLDK::|s{5}| is assigned but never read.

;     (OPENLDK::|s{2}|)
; 
; caught STYLE-WARNING:
;   The variable OPENLDK::|s{2}| is assigned but never read.

;     (OPENLDK::|s{1}|)
; 
; caught STYLE-WARNING:
;   The variable OPENLDK::|s{1}| is assigned but never read.

;     (OPENLDK::|local-4|)
; 
; caught STYLE-WARNING:
;   The variable OPENLDK::|local-4| is defined but never used.

;     (OPENLDK::|local-5|)
; 
; caught STYLE-WARNING:
;   The variable OPENLDK::|local-5| is defined but never used.

;     (OPENLDK::|local-6|)
; 
; caught STYLE-WARNING:
;   The variable OPENLDK::|local-6| is defined but never used.
; 
; compilation unit finished
;   caught 12 STYLE-WARNING conditions
WARNING:
   redefining OPENLDK::|getClassLoadingLock(Ljava/lang/String;)| (#<STANDARD-CLASS OPENLDK::|java/lang/ClassLoader|>
                                                                  #<SB-PCL:SYSTEM-CLASS COMMON-LISP:T>) in DEFMETHOD
; in:
;      PROGN (DEFMETHOD OPENLDK::|findLoadedClass(Ljava/lang/String;)|
;                   ((OPENLDK::|this| OPENLDK::|java/lang/ClassLoader|)
;                    OPENLDK::|arg1|)
;          (SETF OPENLDK::*FORCE-THIS-TO-BE-USED* OPENLDK::|this|)
;          "bridge=NIL"
;          (LET ((OPENLDK::|condition-cache|)
;                (OPENLDK::|s{7}|)
;                (OPENLDK::|s{6}|)
;                (OPENLDK::|s{5}|)
;                (OPENLDK::|s{3}|)
;                (OPENLDK::|s{2}|)
;                (OPENLDK::|s{1}|)
;                (OPENLDK::|local-0| OPENLDK::|this|)
;                (OPENLDK::|local-1| OPENLDK::|arg1|)
;                (OPENLDK::|local-2|)
;                (OPENLDK::|local-3|)
;                (OPENLDK::|local-4|))
;            (BLOCK NIL
;              (TAGBODY
;               |branch-target-0|
;                (SETF #)
;                (SETF #)
;                (SETF #)
;                (WHEN # #)
;               |branch-target-8|
;                (LET #
;                  #
;                  #)
;               |branch-target-10|
;                (SETF #)
;                (SETF #)
;                (SETF #) ...))))
;     (OPENLDK::|condition-cache|)
; 
; caught STYLE-WARNING:
;   The variable OPENLDK::|condition-cache| is defined but never used.

;     (OPENLDK::|s{6}|)
; 
; caught STYLE-WARNING:
;   The variable OPENLDK::|s{6}| is assigned but never read.

;     (OPENLDK::|s{5}|)
; 
; caught STYLE-WARNING:
;   The variable OPENLDK::|s{5}| is assigned but never read.

;     (OPENLDK::|s{2}|)
; 
; caught STYLE-WARNING:
;   The variable OPENLDK::|s{2}| is assigned but never read.

;     (OPENLDK::|s{1}|)
; 
; caught STYLE-WARNING:
;   The variable OPENLDK::|s{1}| is assigned but never read.

;     (OPENLDK::|local-2|)
; 
; caught STYLE-WARNING:
;   The variable OPENLDK::|local-2| is defined but never used.

;     (OPENLDK::|local-3|)
; 
; caught STYLE-WARNING:
;   The variable OPENLDK::|local-3| is defined but never used.

;     (OPENLDK::|local-4|)
; 
; caught STYLE-WARNING:
;   The variable OPENLDK::|local-4| is defined but never used.
; 
; compilation unit finished
;   caught 8 STYLE-WARNING conditions
WARNING:
   redefining OPENLDK::|findLoadedClass(Ljava/lang/String;)| (#<STANDARD-CLASS OPENLDK::|java/lang/ClassLoader|>
                                                              #<SB-PCL:SYSTEM-CLASS COMMON-LISP:T>) in DEFMETHOD
; in:
;      PROGN (DEFMETHOD OPENLDK::|checkName(Ljava/lang/String;)|
;                   ((OPENLDK::|this| OPENLDK::|java/lang/ClassLoader|)
;                    OPENLDK::|arg1|)
;          (SETF OPENLDK::*FORCE-THIS-TO-BE-USED* OPENLDK::|this|)
;          "bridge=NIL"
;          (LET ((OPENLDK::|condition-cache|)
;                (OPENLDK::|s{12}|)
;                (OPENLDK::|s{10}|)
;                (OPENLDK::|s{9}|)
;                (OPENLDK::|s{7}|)
;                (OPENLDK::|s{5}|)
;                (OPENLDK::|s{3}|)
;                (OPENLDK::|s{2}|)
;                (OPENLDK::|s{1}|)
;                (OPENLDK::|local-0| OPENLDK::|this|)
;                (OPENLDK::|local-1| OPENLDK::|arg1|)
;                (OPENLDK::|local-2|)
;                ...)
;            (BLOCK NIL
;              (TAGBODY
;               |branch-target-0|
;                (SETF #)
;                (WHEN # #)
;               |branch-target-4|
;                (SETF #)
;                (SETF #)
;                (WHEN # #)
;               |branch-target-11|
;                (LET #
;                  #
;                  #)
;               |branch-target-13|
;                (SETF #) ...))))
;     (OPENLDK::|condition-cache|)
; 
; caught STYLE-WARNING:
;   The variable OPENLDK::|condition-cache| is defined but never used.

;     (OPENLDK::|s{10}|)
; 
; caught STYLE-WARNING:
;   The variable OPENLDK::|s{10}| is assigned but never read.

;     (OPENLDK::|s{5}|)
; 
; caught STYLE-WARNING:
;   The variable OPENLDK::|s{5}| is assigned but never read.

;     (OPENLDK::|s{2}|)
; 
; caught STYLE-WARNING:
;   The variable OPENLDK::|s{2}| is assigned but never read.

;     (OPENLDK::|s{1}|)
; 
; caught STYLE-WARNING:
;   The variable OPENLDK::|s{1}| is assigned but never read.

;     (OPENLDK::|local-0| OPENLDK::|this|)
; 
; caught STYLE-WARNING:
;   The variable OPENLDK::|local-0| is defined but never used.

;     (OPENLDK::|local-2|)
; 
; caught STYLE-WARNING:
;   The variable OPENLDK::|local-2| is defined but never used.

;     (OPENLDK::|local-3|)
; 
; caught STYLE-WARNING:
;   The variable OPENLDK::|local-3| is defined but never used.

;     (OPENLDK::|local-4|)
; 
; caught STYLE-WARNING:
;   The variable OPENLDK::|local-4| is defined but never used.
; 
; compilation unit finished
;   caught 9 STYLE-WARNING conditions
WARNING:
   redefining OPENLDK::|checkName(Ljava/lang/String;)| (#<STANDARD-CLASS OPENLDK::|java/lang/ClassLoader|>
                                                        #<SB-PCL:SYSTEM-CLASS COMMON-LISP:T>) in DEFMETHOD
; in:
;      PROGN (DEFUN OPENLDK::|sun/misc/VM.allowArraySyntax()| ()
;          "bridge=NIL"
;          (LET ((OPENLDK::|condition-cache|)
;                (OPENLDK::|s{1}|)
;                (OPENLDK::|local-0|)
;                (OPENLDK::|local-1|)
;                (OPENLDK::|local-2|))
;            (BLOCK NIL
;              (TAGBODY
;               |branch-target-0|
;                (UNLESS # #)
;                (SETF #)
;                (LET #
;                  #
;                  #)))))
;     (OPENLDK::|condition-cache|)
; 
; caught STYLE-WARNING:
;   The variable OPENLDK::|condition-cache| is defined but never used.

;     (OPENLDK::|local-0|)
; 
; caught STYLE-WARNING:
;   The variable OPENLDK::|local-0| is defined but never used.

;     (OPENLDK::|local-1|)
; 
; caught STYLE-WARNING:
;   The variable OPENLDK::|local-1| is defined but never used.

;     (OPENLDK::|local-2|)
; 
; caught STYLE-WARNING:
;   The variable OPENLDK::|local-2| is defined but never used.
; 
; compilation unit finished
;   caught 4 STYLE-WARNING conditions
WARNING: redefining OPENLDK::|sun/misc/VM.allowArraySyntax()| in DEFUN
; in:
;      PROGN (DEFMETHOD OPENLDK::|findBootstrapClassOrNull(Ljava/lang/String;)|
;                   ((OPENLDK::|this| OPENLDK::|java/lang/ClassLoader|)
;                    OPENLDK::|arg1|)
;          (SETF OPENLDK::*FORCE-THIS-TO-BE-USED* OPENLDK::|this|)
;          "bridge=NIL"
;          (LET ((OPENLDK::|condition-cache|)
;                (OPENLDK::|s{7}|)
;                (OPENLDK::|s{6}|)
;                (OPENLDK::|s{5}|)
;                (OPENLDK::|s{3}|)
;                (OPENLDK::|s{2}|)
;                (OPENLDK::|s{1}|)
;                (OPENLDK::|local-0| OPENLDK::|this|)
;                (OPENLDK::|local-1| OPENLDK::|arg1|)
;                (OPENLDK::|local-2|)
;                (OPENLDK::|local-3|)
;                (OPENLDK::|local-4|))
;            (BLOCK NIL
;              (TAGBODY
;               |branch-target-0|
;                (SETF #)
;                (SETF #)
;                (SETF #)
;                (WHEN # #)
;               |branch-target-8|
;                (LET #
;                  #
;                  #)
;               |branch-target-10|
;                (SETF #)
;                (SETF #)
;                (SETF #) ...))))
;     (OPENLDK::|condition-cache|)
; 
; caught STYLE-WARNING:
;   The variable OPENLDK::|condition-cache| is defined but never used.

;     (OPENLDK::|s{6}|)
; 
; caught STYLE-WARNING:
;   The variable OPENLDK::|s{6}| is assigned but never read.

;     (OPENLDK::|s{5}|)
; 
; caught STYLE-WARNING:
;   The variable OPENLDK::|s{5}| is assigned but never read.

;     (OPENLDK::|s{2}|)
; 
; caught STYLE-WARNING:
;   The variable OPENLDK::|s{2}| is assigned but never read.

;     (OPENLDK::|s{1}|)
; 
; caught STYLE-WARNING:
;   The variable OPENLDK::|s{1}| is assigned but never read.

;     (OPENLDK::|local-2|)
; 
; caught STYLE-WARNING:
;   The variable OPENLDK::|local-2| is defined but never used.

;     (OPENLDK::|local-3|)
; 
; caught STYLE-WARNING:
;   The variable OPENLDK::|local-3| is defined but never used.

;     (OPENLDK::|local-4|)
; 
; caught STYLE-WARNING:
;   The variable OPENLDK::|local-4| is defined but never used.
; 
; compilation unit finished
;   caught 8 STYLE-WARNING conditions
WARNING:
   redefining OPENLDK::|findBootstrapClassOrNull(Ljava/lang/String;)| (#<STANDARD-CLASS OPENLDK::|java/lang/ClassLoader|>
                                                                       #<SB-PCL:SYSTEM-CLASS COMMON-LISP:T>) in DEFMETHOD
; in:
;      PROGN (DEFMETHOD OPENLDK::|remove(I)|
;                   ((OPENLDK::|this| OPENLDK::|java/util/ArrayList|)
;                    OPENLDK::|arg1|)
;          (SETF OPENLDK::*FORCE-THIS-TO-BE-USED* OPENLDK::|this|)
;          "bridge=NIL"
;          (LET ((OPENLDK::|condition-cache|)
;                (OPENLDK::|s{33}|)
;                (OPENLDK::|s{31}|)
;                (OPENLDK::|s{29}|)
;                (OPENLDK::|s{28}|)
;                (OPENLDK::|s{27}|)
;                (OPENLDK::|s{26}|)
;                (OPENLDK::|s{25}|)
;                (OPENLDK::|s{24}|)
;                (OPENLDK::|s{23}|)
;                (OPENLDK::|s{22}|)
;                (OPENLDK::|s{19}|)
;                ...)
;            (HANDLER-BIND ((SB-INT:INVALID-ARRAY-INDEX-ERROR #) (TYPE-ERROR #))
;              (BLOCK NIL (TAGBODY |branch-target-0| # # # # # # # # # # ...)))))
;     (OPENLDK::|condition-cache|)
; 
; caught STYLE-WARNING:
;   The variable OPENLDK::|condition-cache| is defined but never used.

;     (OPENLDK::|s{33}|)
; 
; caught STYLE-WARNING:
;   The variable OPENLDK::|s{33}| is assigned but never read.

;     (OPENLDK::|s{26}|)
; 
; caught STYLE-WARNING:
;   The variable OPENLDK::|s{26}| is assigned but never read.

;     (OPENLDK::|s{25}|)
; 
; caught STYLE-WARNING:
;   The variable OPENLDK::|s{25}| is assigned but never read.

;     (OPENLDK::|s{24}|)
; 
; caught STYLE-WARNING:
;   The variable OPENLDK::|s{24}| is assigned but never read.

;     (OPENLDK::|s{22}|)
; 
; caught STYLE-WARNING:
;   The variable OPENLDK::|s{22}| is assigned but never read.

;     (OPENLDK::|s{19}|)
; 
; caught STYLE-WARNING:
;   The variable OPENLDK::|s{19}| is assigned but never read.

;     (OPENLDK::|s{17}|)
; 
; caught STYLE-WARNING:
;   The variable OPENLDK::|s{17}| is assigned but never read.

;     (OPENLDK::|s{16}|)
; 
; caught STYLE-WARNING:
;   The variable OPENLDK::|s{16}| is assigned but never read.

;     (OPENLDK::|s{12}|)
; 
; caught STYLE-WARNING:
;   The variable OPENLDK::|s{12}| is assigned but never read.

;     (OPENLDK::|s{10}|)
; 
; caught STYLE-WARNING:
;   The variable OPENLDK::|s{10}| is assigned but never read.

;     (OPENLDK::|s{8}|)
; 
; caught STYLE-WARNING:
;   The variable OPENLDK::|s{8}| is assigned but never read.

;     (OPENLDK::|s{7}|)
; 
; caught STYLE-WARNING:
;   The variable OPENLDK::|s{7}| is assigned but never read.

;     (OPENLDK::|s{2}|)
; 
; caught STYLE-WARNING:
;   The variable OPENLDK::|s{2}| is assigned but never read.

;     (OPENLDK::|s{1}|)
; 
; caught STYLE-WARNING:
;   The variable OPENLDK::|s{1}| is assigned but never read.

;     (OPENLDK::|local-4|)
; 
; caught STYLE-WARNING:
;   The variable OPENLDK::|local-4| is defined but never used.

;     (OPENLDK::|local-5|)
; 
; caught STYLE-WARNING:
;   The variable OPENLDK::|local-5| is defined but never used.

;     (OPENLDK::|local-6|)
; 
; caught STYLE-WARNING:
;   The variable OPENLDK::|local-6| is defined but never used.

;     (SB-INT:INVALID-ARRAY-INDEX-ERROR
;      (LAMBDA (OPENLDK::E)
;        (ERROR
;         (OPENLDK::%LISP-CONDITION
;          (OPENLDK::%MAKE-THROWABLE
;           'OPENLDK::|java/lang/ArrayIndexOutOfBoundsException|)))))
; 
; caught STYLE-WARNING:
;   The variable OPENLDK::E is defined but never used.
; 
; compilation unit finished
;   caught 19 STYLE-WARNING conditions
WARNING:
   redefining OPENLDK::|remove(I)| (#<STANDARD-CLASS OPENLDK::|java/util/ArrayList|>
                                    #<SB-PCL:SYSTEM-CLASS COMMON-LISP:T>) in DEFMETHOD
; in:
;      PROGN (DEFMETHOD OPENLDK::|rangeCheck(I)|
;                   ((OPENLDK::|this| OPENLDK::|java/util/ArrayList|)
;                    OPENLDK::|arg1|)
;          (SETF OPENLDK::*FORCE-THIS-TO-BE-USED* OPENLDK::|this|)
;          "bridge=NIL"
;          (LET ((OPENLDK::|condition-cache|)
;                (OPENLDK::|s{7}|)
;                (OPENLDK::|s{6}|)
;                (OPENLDK::|s{5}|)
;                (OPENLDK::|s{4}|)
;                (OPENLDK::|s{3}|)
;                (OPENLDK::|s{2}|)
;                (OPENLDK::|s{1}|)
;                (OPENLDK::|local-0| OPENLDK::|this|)
;                (OPENLDK::|local-1| OPENLDK::|arg1|)
;                (OPENLDK::|local-2|)
;                (OPENLDK::|local-3|)
;                ...)
;            (BLOCK NIL
;              (TAGBODY
;               |branch-target-0|
;                (SETF #)
;                (SETF #)
;                (SETF #)
;                (PROGN #)
;               |branch-target-8|
;                (SETF #)
;                (SETF #)
;                (SETF #)
;                (SETF #)
;                (OPENLDK::INVOKE-SPECIAL 'OPENLDK::|<init>(Ljava/lang/String;)|
;                                         'OPENLDK::|java/lang/IndexOutOfBoundsException|
;                                         #) ...))))
;     (OPENLDK::|condition-cache|)
; 
; caught STYLE-WARNING:
;   The variable OPENLDK::|condition-cache| is assigned but never read.

;     (OPENLDK::|s{6}|)
; 
; caught STYLE-WARNING:
;   The variable OPENLDK::|s{6}| is assigned but never read.

;     (OPENLDK::|s{5}|)
; 
; caught STYLE-WARNING:
;   The variable OPENLDK::|s{5}| is assigned but never read.

;     (OPENLDK::|s{2}|)
; 
; caught STYLE-WARNING:
;   The variable OPENLDK::|s{2}| is assigned but never read.

;     (OPENLDK::|s{1}|)
; 
; caught STYLE-WARNING:
;   The variable OPENLDK::|s{1}| is assigned but never read.

;     (OPENLDK::|local-2|)
; 
; caught STYLE-WARNING:
;   The variable OPENLDK::|local-2| is defined but never used.

;     (OPENLDK::|local-3|)
; 
; caught STYLE-WARNING:
;   The variable OPENLDK::|local-3| is defined but never used.

;     (OPENLDK::|local-4|)
; 
; caught STYLE-WARNING:
;   The variable OPENLDK::|local-4| is defined but never used.
; 
; compilation unit finished
;   caught 8 STYLE-WARNING conditions
WARNING:
   redefining OPENLDK::|rangeCheck(I)| (#<STANDARD-CLASS OPENLDK::|java/util/ArrayList|>
                                        #<SB-PCL:SYSTEM-CLASS COMMON-LISP:T>) in DEFMETHOD
; in:
;      PROGN (DEFMETHOD OPENLDK::|elementData(I)|
;                   ((OPENLDK::|this| OPENLDK::|java/util/ArrayList|)
;                    OPENLDK::|arg1|)
;          (SETF OPENLDK::*FORCE-THIS-TO-BE-USED* OPENLDK::|this|)
;          "bridge=NIL"
;          (LET ((OPENLDK::|condition-cache|)
;                (OPENLDK::|s{4}|)
;                (OPENLDK::|s{3}|)
;                (OPENLDK::|s{2}|)
;                (OPENLDK::|s{1}|)
;                (OPENLDK::|local-0| OPENLDK::|this|)
;                (OPENLDK::|local-1| OPENLDK::|arg1|)
;                (OPENLDK::|local-2|)
;                (OPENLDK::|local-3|)
;                (OPENLDK::|local-4|))
;            (HANDLER-BIND ((SB-INT:INVALID-ARRAY-INDEX-ERROR #) (TYPE-ERROR #))
;              (BLOCK NIL (TAGBODY |branch-target-0| # # # # #)))))
;     (OPENLDK::|condition-cache|)
; 
; caught STYLE-WARNING:
;   The variable OPENLDK::|condition-cache| is defined but never used.

;     (OPENLDK::|s{3}|)
; 
; caught STYLE-WARNING:
;   The variable OPENLDK::|s{3}| is assigned but never read.

;     (OPENLDK::|s{1}|)
; 
; caught STYLE-WARNING:
;   The variable OPENLDK::|s{1}| is assigned but never read.

;     (OPENLDK::|local-2|)
; 
; caught STYLE-WARNING:
;   The variable OPENLDK::|local-2| is defined but never used.

;     (OPENLDK::|local-3|)
; 
; caught STYLE-WARNING:
;   The variable OPENLDK::|local-3| is defined but never used.

;     (OPENLDK::|local-4|)
; 
; caught STYLE-WARNING:
;   The variable OPENLDK::|local-4| is defined but never used.

;     (SB-INT:INVALID-ARRAY-INDEX-ERROR
;      (LAMBDA (OPENLDK::E)
;        (ERROR
;         (OPENLDK::%LISP-CONDITION
;          (OPENLDK::%MAKE-THROWABLE
;           'OPENLDK::|java/lang/ArrayIndexOutOfBoundsException|)))))
; 
; caught STYLE-WARNING:
;   The variable OPENLDK::E is defined but never used.
; 
; compilation unit finished
;   caught 7 STYLE-WARNING conditions
WARNING:
   redefining OPENLDK::|elementData(I)| (#<STANDARD-CLASS OPENLDK::|java/util/ArrayList|>
                                         #<SB-PCL:SYSTEM-CLASS COMMON-LISP:T>) in DEFMETHOD
; in:
;      PROGN (DEFUN OPENLDK::|java/lang/invoke/MethodType.<clinit>()| ()
;          "bridge=NIL"
;          (LET ((OPENLDK::|condition-cache|)
;                (OPENLDK::|s{24}|)
;                (OPENLDK::|s{23}|)
;                (OPENLDK::|s{22}|)
;                (OPENLDK::|s{21}|)
;                (OPENLDK::|s{20}|)
;                (OPENLDK::|s{17}|)
;                (OPENLDK::|s{16}|)
;                (OPENLDK::|s{15}|)
;                (OPENLDK::|s{12}|)
;                (OPENLDK::|s{11}|)
;                (OPENLDK::|s{9}|)
;                ...)
;            (BLOCK NIL
;              (TAGBODY
;               |branch-target-0|
;                (SETF #)
;                (WHEN # #)
;               |branch-target-8|
;                (SETF #)
;                (GO |branch-target-13|)
;               |branch-target-13|
;                (SETF #)
;                (SETF #)
;                (OPENLDK::INVOKE-SPECIAL 'OPENLDK::|<init>()|
;                                         'OPENLDK::|java/lang/invoke/MethodType$ConcurrentWeakInternSet|
;                                         #)
;                (SETF #) ...))))
;     (OPENLDK::|s{24}|)
; 
; caught STYLE-WARNING:
;   The variable OPENLDK::|s{24}| is assigned but never read.

;     (OPENLDK::|local-1|)
; 
; caught STYLE-WARNING:
;   The variable OPENLDK::|local-1| is defined but never used.

;     (OPENLDK::|local-2|)
; 
; caught STYLE-WARNING:
;   The variable OPENLDK::|local-2| is defined but never used.

;     (OPENLDK::|local-3|)
; 
; caught STYLE-WARNING:
;   The variable OPENLDK::|local-3| is defined but never used.
; 
; compilation unit finished
;   caught 4 STYLE-WARNING conditions
WARNING: redefining OPENLDK::|java/lang/invoke/MethodType.<clinit>()| in DEFUN
; in:
;      PROGN (DEFMETHOD OPENLDK::|<init>()|
;                   (
;                    (OPENLDK::|this|
;                     OPENLDK::|java/lang/invoke/MethodType$ConcurrentWeakInternSet|))
;          (SETF OPENLDK::*FORCE-THIS-TO-BE-USED* OPENLDK::|this|)
;          "bridge=NIL"
;          (LET ((OPENLDK::|condition-cache|)
;                (OPENLDK::|s{5}|)
;                (OPENLDK::|s{4}|)
;                (OPENLDK::|s{3}|)
;                (OPENLDK::|s{2}|)
;                (OPENLDK::|s{1}|)
;                (OPENLDK::|local-0| OPENLDK::|this|)
;                (OPENLDK::|local-1|)
;                (OPENLDK::|local-2|)
;                (OPENLDK::|local-3|))
;            (BLOCK NIL
;              (TAGBODY
;               |branch-target-0|
;                (SETF #)
;                (OPENLDK::INVOKE-SPECIAL 'OPENLDK::|<init>()|
;                                         'OPENLDK::|java/lang/Object| #)
;                (SETF #)
;                (SETF #)
;                (OPENLDK::INVOKE-SPECIAL 'OPENLDK::|<init>()|
;                                         'OPENLDK::|java/util/concurrent/ConcurrentHashMap|
;                                         #)
;                (SETF #)
;                (SETF #)
;                (SETF #)
;                (OPENLDK::INVOKE-SPECIAL 'OPENLDK::|<init>()|
;                                         'OPENLDK::|java/lang/ref/ReferenceQueue|
;                                         #)
;                (SETF #) ...))))
;     (OPENLDK::|condition-cache|)
; 
; caught STYLE-WARNING:
;   The variable OPENLDK::|condition-cache| is defined but never used.

;     (OPENLDK::|s{1}|)
; 
; caught STYLE-WARNING:
;   The variable OPENLDK::|s{1}| is assigned but never read.

;     (OPENLDK::|local-1|)
; 
; caught STYLE-WARNING:
;   The variable OPENLDK::|local-1| is defined but never used.

;     (OPENLDK::|local-2|)
; 
; caught STYLE-WARNING:
;   The variable OPENLDK::|local-2| is defined but never used.

;     (OPENLDK::|local-3|)
; 
; caught STYLE-WARNING:
;   The variable OPENLDK::|local-3| is defined but never used.
; 
; compilation unit finished
;   caught 5 STYLE-WARNING conditions
WARNING:
   redefining OPENLDK::|<init>()| (#<STANDARD-CLASS OPENLDK::|java/lang/invoke/MethodType$ConcurrentWeakInternSet|>) in DEFMETHOD
; in:
;      PROGN (DEFUN OPENLDK::|java/lang/invoke/MethodHandleStatics.<clinit>()| ()
;          "bridge=NIL"
;          (LET ((OPENLDK::|condition-cache|)
;                (OPENLDK::|s{48}|)
;                (OPENLDK::|s{45}|)
;                (OPENLDK::|s{43}|)
;                (OPENLDK::|s{42}|)
;                (OPENLDK::|s{41}|)
;                (OPENLDK::|s{39}|)
;                (OPENLDK::|s{38}|)
;                (OPENLDK::|s{37}|)
;                (OPENLDK::|s{35}|)
;                (OPENLDK::|s{34}|)
;                (OPENLDK::|s{33}|)
;                ...)
;            (HANDLER-BIND ((SB-INT:INVALID-ARRAY-INDEX-ERROR #) (TYPE-ERROR #))
;              (BLOCK NIL (TAGBODY |branch-target-0| # # # # # # # # # # ...)))))
;     (OPENLDK::|condition-cache|)
; 
; caught STYLE-WARNING:
;   The variable OPENLDK::|condition-cache| is assigned but never read.

;     (OPENLDK::|s{39}|)
; 
; caught STYLE-WARNING:
;   The variable OPENLDK::|s{39}| is assigned but never read.

;     (OPENLDK::|s{35}|)
; 
; caught STYLE-WARNING:
;   The variable OPENLDK::|s{35}| is assigned but never read.

;     (OPENLDK::|s{31}|)
; 
; caught STYLE-WARNING:
;   The variable OPENLDK::|s{31}| is assigned but never read.

;     (OPENLDK::|s{27}|)
; 
; caught STYLE-WARNING:
;   The variable OPENLDK::|s{27}| is assigned but never read.

;     (OPENLDK::|s{23}|)
; 
; caught STYLE-WARNING:
;   The variable OPENLDK::|s{23}| is assigned but never read.

;     (OPENLDK::|s{19}|)
; 
; caught STYLE-WARNING:
;   The variable OPENLDK::|s{19}| is assigned but never read.

;     (OPENLDK::|s{15}|)
; 
; caught STYLE-WARNING:
;   The variable OPENLDK::|s{15}| is assigned but never read.

;     (OPENLDK::|s{11}|)
; 
; caught STYLE-WARNING:
;   The variable OPENLDK::|s{11}| is assigned but never read.

;     (OPENLDK::|s{7}|)
; 
; caught STYLE-WARNING:
;   The variable OPENLDK::|s{7}| is assigned but never read.

;     (OPENLDK::|s{6}|)
; 
; caught STYLE-WARNING:
;   The variable OPENLDK::|s{6}| is assigned but never read.

;     (OPENLDK::|s{5}|)
; 
; caught STYLE-WARNING:
;   The variable OPENLDK::|s{5}| is assigned but never read.

;     (OPENLDK::|local-1|)
; 
; caught STYLE-WARNING:
;   The variable OPENLDK::|local-1| is defined but never used.

;     (OPENLDK::|local-2|)
; 
; caught STYLE-WARNING:
;   The variable OPENLDK::|local-2| is defined but never used.

;     (OPENLDK::|local-3|)
; 
; caught STYLE-WARNING:
;   The variable OPENLDK::|local-3| is defined but never used.

;     (SB-INT:INVALID-ARRAY-INDEX-ERROR
;      (LAMBDA (OPENLDK::E)
;        (ERROR
;         (OPENLDK::%LISP-CONDITION
;          (OPENLDK::%MAKE-THROWABLE
;           'OPENLDK::|java/lang/ArrayIndexOutOfBoundsException|)))))
; 
; caught STYLE-WARNING:
;   The variable OPENLDK::E is defined but never used.
; 
; compilation unit finished
;   caught 16 STYLE-WARNING conditions
WARNING:
   redefining OPENLDK::|java/lang/invoke/MethodHandleStatics.<clinit>()| in DEFUN
; in:
;      PROGN (DEFMETHOD OPENLDK::|<init>([Ljava/lang/Object;)|
;                   (
;                    (OPENLDK::|this|
;                     OPENLDK::|java/lang/invoke/MethodHandleStatics$1|)
;                    OPENLDK::|arg1|)
;          (SETF OPENLDK::*FORCE-THIS-TO-BE-USED* OPENLDK::|this|)
;          "bridge=NIL"
;          (LET ((OPENLDK::|condition-cache|)
;                (OPENLDK::|s{3}|)
;                (OPENLDK::|s{2}|)
;                (OPENLDK::|s{1}|)
;                (OPENLDK::|local-0| OPENLDK::|this|)
;                (OPENLDK::|local-1| OPENLDK::|arg1|)
;                (OPENLDK::|local-2|)
;                (OPENLDK::|local-3|)
;                (OPENLDK::|local-4|))
;            (BLOCK NIL
;              (TAGBODY
;               |branch-target-0|
;                (SETF #)
;                (SETF #)
;                (SETF #)
;                (SETF #)
;                (OPENLDK::INVOKE-SPECIAL 'OPENLDK::|<init>()|
;                                         'OPENLDK::|java/lang/Object| #)
;                (RETURN)))))
;     (OPENLDK::|condition-cache|)
; 
; caught STYLE-WARNING:
;   The variable OPENLDK::|condition-cache| is defined but never used.

;     (OPENLDK::|s{3}|)
; 
; caught STYLE-WARNING:
;   The variable OPENLDK::|s{3}| is assigned but never read.

;     (OPENLDK::|s{2}|)
; 
; caught STYLE-WARNING:
;   The variable OPENLDK::|s{2}| is assigned but never read.

;     (OPENLDK::|local-2|)
; 
; caught STYLE-WARNING:
;   The variable OPENLDK::|local-2| is defined but never used.

;     (OPENLDK::|local-3|)
; 
; caught STYLE-WARNING:
;   The variable OPENLDK::|local-3| is defined but never used.

;     (OPENLDK::|local-4|)
; 
; caught STYLE-WARNING:
;   The variable OPENLDK::|local-4| is defined but never used.
; 
; compilation unit finished
;   caught 6 STYLE-WARNING conditions
WARNING:
   redefining OPENLDK::|<init>([Ljava/lang/Object;)| (#<STANDARD-CLASS OPENLDK::|java/lang/invoke/MethodHandleStatics$1|>
                                                      #<SB-PCL:SYSTEM-CLASS COMMON-LISP:T>) in DEFMETHOD
; in:
;      PROGN (DEFMETHOD OPENLDK::|run()|
;                   (
;                    (OPENLDK::|this|
;                     OPENLDK::|java/lang/invoke/MethodHandleStatics$1|))
;          (SETF OPENLDK::*FORCE-THIS-TO-BE-USED* OPENLDK::|this|)
;          "bridge=NIL"
;          (LET ((OPENLDK::|condition-cache|)
;                (OPENLDK::|s{56}|)
;                (OPENLDK::|s{52}|)
;                (OPENLDK::|s{51}|)
;                (OPENLDK::|s{50}|)
;                (OPENLDK::|s{49}|)
;                (OPENLDK::|s{48}|)
;                (OPENLDK::|s{44}|)
;                (OPENLDK::|s{43}|)
;                (OPENLDK::|s{42}|)
;                (OPENLDK::|s{38}|)
;                (OPENLDK::|s{37}|)
;                ...)
;            (HANDLER-BIND ((SB-INT:INVALID-ARRAY-INDEX-ERROR #) (TYPE-ERROR #))
;              (BLOCK NIL (TAGBODY |branch-target-0| # # # # # # # # # # ...)))))
;     (OPENLDK::|condition-cache|)
; 
; caught STYLE-WARNING:
;   The variable OPENLDK::|condition-cache| is defined but never used.

;     (OPENLDK::|s{51}|)
; 
; caught STYLE-WARNING:
;   The variable OPENLDK::|s{51}| is assigned but never read.

;     (OPENLDK::|s{43}|)
; 
; caught STYLE-WARNING:
;   The variable OPENLDK::|s{43}| is assigned but never read.

;     (OPENLDK::|s{37}|)
; 
; caught STYLE-WARNING:
;   The variable OPENLDK::|s{37}| is assigned but never read.

;     (OPENLDK::|s{31}|)
; 
; caught STYLE-WARNING:
;   The variable OPENLDK::|s{31}| is assigned but never read.

;     (OPENLDK::|s{25}|)
; 
; caught STYLE-WARNING:
;   The variable OPENLDK::|s{25}| is assigned but never read.

;     (OPENLDK::|s{19}|)
; 
; caught STYLE-WARNING:
;   The variable OPENLDK::|s{19}| is assigned but never read.

;     (OPENLDK::|s{13}|)
; 
; caught STYLE-WARNING:
;   The variable OPENLDK::|s{13}| is assigned but never read.

;     (OPENLDK::|s{7}|)
; 
; caught STYLE-WARNING:
;   The variable OPENLDK::|s{7}| is assigned but never read.

;     (OPENLDK::|s{1}|)
; 
; caught STYLE-WARNING:
;   The variable OPENLDK::|s{1}| is assigned but never read.

;     (OPENLDK::|local-1|)
; 
; caught STYLE-WARNING:
;   The variable OPENLDK::|local-1| is defined but never used.

;     (OPENLDK::|local-2|)
; 
; caught STYLE-WARNING:
;   The variable OPENLDK::|local-2| is defined but never used.

;     (OPENLDK::|local-3|)
; 
; caught STYLE-WARNING:
;   The variable OPENLDK::|local-3| is defined but never used.

;     (SB-INT:INVALID-ARRAY-INDEX-ERROR
;      (LAMBDA (OPENLDK::E)
;        (ERROR
;         (OPENLDK::%LISP-CONDITION
;          (OPENLDK::%MAKE-THROWABLE
;           'OPENLDK::|java/lang/ArrayIndexOutOfBoundsException|)))))
; 
; caught STYLE-WARNING:
;   The variable OPENLDK::E is defined but never used.
; 
; compilation unit finished
;   caught 14 STYLE-WARNING conditions
WARNING:
   redefining OPENLDK::|run()| (#<STANDARD-CLASS OPENLDK::|java/lang/invoke/MethodHandleStatics$1|>) in DEFMETHOD
; in:
;      PROGN (DEFUN OPENLDK::|java/lang/invoke/MethodType.checkSlotCount(I)|
;               (OPENLDK::|arg0|)
;          "bridge=NIL"
;          (LET ((OPENLDK::|condition-cache|)
;                (OPENLDK::|s{11}|)
;                (OPENLDK::|s{10}|)
;                (OPENLDK::|s{9}|)
;                (OPENLDK::|s{8}|)
;                (OPENLDK::|s{7}|)
;                (OPENLDK::|s{5}|)
;                (OPENLDK::|s{4}|)
;                (OPENLDK::|s{1}|)
;                (OPENLDK::|local-0| OPENLDK::|arg0|)
;                (OPENLDK::|local-1|)
;                (OPENLDK::|local-2|)
;                ...)
;            (BLOCK NIL
;              (TAGBODY
;               |branch-target-0|
;                (SETF #)
;                (SETF #)
;                (PROGN #)
;               |branch-target-9|
;                (SETF #)
;                (OPENLDK::INVOKE-SPECIAL 'OPENLDK::|<init>()|
;                                         'OPENLDK::|java/lang/StringBuilder| #)
;                (SETF #)
;                (SETF #)
;                (SETF #)
;                (SETF #) ...))))
;     (OPENLDK::|condition-cache|)
; 
; caught STYLE-WARNING:
;   The variable OPENLDK::|condition-cache| is assigned but never read.

;     (OPENLDK::|s{8}|)
; 
; caught STYLE-WARNING:
;   The variable OPENLDK::|s{8}| is assigned but never read.

;     (OPENLDK::|s{4}|)
; 
; caught STYLE-WARNING:
;   The variable OPENLDK::|s{4}| is assigned but never read.

;     (OPENLDK::|s{1}|)
; 
; caught STYLE-WARNING:
;   The variable OPENLDK::|s{1}| is assigned but never read.

;     (OPENLDK::|local-1|)
; 
; caught STYLE-WARNING:
;   The variable OPENLDK::|local-1| is defined but never used.

;     (OPENLDK::|local-2|)
; 
; caught STYLE-WARNING:
;   The variable OPENLDK::|local-2| is defined but never used.

;     (OPENLDK::|local-3|)
; 
; caught STYLE-WARNING:
;   The variable OPENLDK::|local-3| is defined but never used.
; 
; compilation unit finished
;   caught 7 STYLE-WARNING conditions
WARNING:
   redefining OPENLDK::|java/lang/invoke/MethodType.checkSlotCount(I)| in DEFUN
; in:
;      PROGN (DEFUN OPENLDK::|java/lang/invoke/MethodType.listToArray(Ljava/util/List;)|
;               (OPENLDK::|arg0|)
;          "bridge=NIL"
;          (LET ((OPENLDK::|condition-cache|)
;                (OPENLDK::|s{5}|)
;                (OPENLDK::|s{4}|)
;                (OPENLDK::|s{3}|)
;                (OPENLDK::|s{2}|)
;                (OPENLDK::|s{1}|)
;                (OPENLDK::|local-0| OPENLDK::|arg0|)
;                (OPENLDK::|local-1|)
;                (OPENLDK::|local-2|)
;                (OPENLDK::|local-3|))
;            (BLOCK NIL
;              (TAGBODY
;               |branch-target-0|
;                (SETF #)
;                (SETF #)
;                (UNLESS # #)
;                (OPENLDK::|java/lang/invoke/MethodType.checkSlotCount(I)|
;                 OPENLDK::|s{2}|)
;                (SETF #)
;                (UNLESS # #)
;                (SETF #)
;                (SETF #)
;                (LET #
;                  #)
;                (LET #
;                  #
;                  #)))))
;     (OPENLDK::|condition-cache|)
; 
; caught STYLE-WARNING:
;   The variable OPENLDK::|condition-cache| is defined but never used.

;     (OPENLDK::|s{3}|)
; 
; caught STYLE-WARNING:
;   The variable OPENLDK::|s{3}| is assigned but never read.

;     (OPENLDK::|s{1}|)
; 
; caught STYLE-WARNING:
;   The variable OPENLDK::|s{1}| is assigned but never read.

;     (OPENLDK::|local-1|)
; 
; caught STYLE-WARNING:
;   The variable OPENLDK::|local-1| is defined but never used.

;     (OPENLDK::|local-2|)
; 
; caught STYLE-WARNING:
;   The variable OPENLDK::|local-2| is defined but never used.

;     (OPENLDK::|local-3|)
; 
; caught STYLE-WARNING:
;   The variable OPENLDK::|local-3| is defined but never used.
; 
; compilation unit finished
;   caught 6 STYLE-WARNING conditions
WARNING:
   redefining OPENLDK::|java/lang/invoke/MethodType.listToArray(Ljava/util/List;)| in DEFUN
; in:
;      PROGN (DEFMETHOD OPENLDK::|toArray([Ljava/lang/Object;)|
;                   ((OPENLDK::|this| OPENLDK::|java/util/ArrayList|)
;                    OPENLDK::|arg1|)
;          (SETF OPENLDK::*FORCE-THIS-TO-BE-USED* OPENLDK::|this|)
;          "bridge=NIL"
;          (LET ((OPENLDK::|condition-cache|)
;                (OPENLDK::|s{27}|)
;                (OPENLDK::|s{25}|)
;                (OPENLDK::|s{24}|)
;                (OPENLDK::|s{23}|)
;                (OPENLDK::|s{22}|)
;                (OPENLDK::|s{21}|)
;                (OPENLDK::|s{20}|)
;                (OPENLDK::|s{19}|)
;                (OPENLDK::|s{18}|)
;                (OPENLDK::|s{17}|)
;                (OPENLDK::|s{15}|)
;                ...)
;            (HANDLER-BIND ((SB-INT:INVALID-ARRAY-INDEX-ERROR #) (TYPE-ERROR #))
;              (BLOCK NIL
;                (TAGBODY
;                 |branch-target-0|
;                  #
;                  #
;                  #
;                  #
;                  #
;                 |branch-target-9|
;                  #
;                  #
;                  #
;                  # ...)))))
;     (OPENLDK::|condition-cache|)
; 
; caught STYLE-WARNING:
;   The variable OPENLDK::|condition-cache| is defined but never used.

;     (OPENLDK::|s{27}|)
; 
; caught STYLE-WARNING:
;   The variable OPENLDK::|s{27}| is assigned but never read.

;     (OPENLDK::|s{24}|)
; 
; caught STYLE-WARNING:
;   The variable OPENLDK::|s{24}| is assigned but never read.

;     (OPENLDK::|s{23}|)
; 
; caught STYLE-WARNING:
;   The variable OPENLDK::|s{23}| is assigned but never read.

;     (OPENLDK::|s{21}|)
; 
; caught STYLE-WARNING:
;   The variable OPENLDK::|s{21}| is assigned but never read.

;     (OPENLDK::|s{19}|)
; 
; caught STYLE-WARNING:
;   The variable OPENLDK::|s{19}| is assigned but never read.

;     (OPENLDK::|s{17}|)
; 
; caught STYLE-WARNING:
;   The variable OPENLDK::|s{17}| is assigned but never read.

;     (OPENLDK::|s{15}|)
; 
; caught STYLE-WARNING:
;   The variable OPENLDK::|s{15}| is assigned but never read.

;     (OPENLDK::|s{12}|)
; 
; caught STYLE-WARNING:
;   The variable OPENLDK::|s{12}| is assigned but never read.

;     (OPENLDK::|s{9}|)
; 
; caught STYLE-WARNING:
;   The variable OPENLDK::|s{9}| is assigned but never read.

;     (OPENLDK::|s{7}|)
; 
; caught STYLE-WARNING:
;   The variable OPENLDK::|s{7}| is assigned but never read.

;     (OPENLDK::|s{5}|)
; 
; caught STYLE-WARNING:
;   The variable OPENLDK::|s{5}| is assigned but never read.

;     (OPENLDK::|s{3}|)
; 
; caught STYLE-WARNING:
;   The variable OPENLDK::|s{3}| is assigned but never read.

;     (OPENLDK::|s{1}|)
; 
; caught STYLE-WARNING:
;   The variable OPENLDK::|s{1}| is assigned but never read.

;     (OPENLDK::|local-2|)
; 
; caught STYLE-WARNING:
;   The variable OPENLDK::|local-2| is defined but never used.

;     (OPENLDK::|local-3|)
; 
; caught STYLE-WARNING:
;   The variable OPENLDK::|local-3| is defined but never used.

;     (OPENLDK::|local-4|)
; 
; caught STYLE-WARNING:
;   The variable OPENLDK::|local-4| is defined but never used.

;     (SB-INT:INVALID-ARRAY-INDEX-ERROR
;      (LAMBDA (OPENLDK::E)
;        (ERROR
;         (OPENLDK::%LISP-CONDITION
;          (OPENLDK::%MAKE-THROWABLE
;           'OPENLDK::|java/lang/ArrayIndexOutOfBoundsException|)))))
; 
; caught STYLE-WARNING:
;   The variable OPENLDK::E is defined but never used.
; 
; compilation unit finished
;   caught 18 STYLE-WARNING conditions
WARNING:
   redefining OPENLDK::|toArray([Ljava/lang/Object;)| (#<STANDARD-CLASS OPENLDK::|java/util/ArrayList|>
                                                       #<SB-PCL:SYSTEM-CLASS COMMON-LISP:T>) in DEFMETHOD
; in:
;      PROGN (DEFUN OPENLDK::|java/lang/invoke/MethodType.makeImpl(Ljava/lang/Class;[Ljava/lang/Class;Z)|
;               (OPENLDK::|arg0| OPENLDK::|arg1| OPENLDK::|arg2|)
;          "bridge=NIL"
;          (LET ((OPENLDK::|condition-cache|)
;                (OPENLDK::|s{21}|)
;                (OPENLDK::|s{20}|)
;                (OPENLDK::|s{19}|)
;                (OPENLDK::|s{18}|)
;                (OPENLDK::|s{17}|)
;                (OPENLDK::|s{16}|)
;                (OPENLDK::|s{15}|)
;                (OPENLDK::|s{14}|)
;                (OPENLDK::|s{13}|)
;                (OPENLDK::|s{12}|)
;                (OPENLDK::|s{10}|)
;                ...)
;            (BLOCK NIL
;              (TAGBODY
;               |branch-target-0|
;                (UNLESS # #)
;                (SETF #)
;                (SETF #)
;                (SETF #)
;                (SETF #)
;                (OPENLDK::INVOKE-SPECIAL
;                 'OPENLDK::|<init>([Ljava/lang/Class;Ljava/lang/Class;)|
;                 'OPENLDK::|java/lang/invoke/MethodType| #)
;                (SETF #)
;                (LET #
;                  #)
;                (SETF #)
;                (SETF #) ...))))
;     (OPENLDK::|condition-cache|)
; 
; caught STYLE-WARNING:
;   The variable OPENLDK::|condition-cache| is defined but never used.

;     (OPENLDK::|s{20}|)
; 
; caught STYLE-WARNING:
;   The variable OPENLDK::|s{20}| is assigned but never read.

;     (OPENLDK::|s{17}|)
; 
; caught STYLE-WARNING:
;   The variable OPENLDK::|s{17}| is assigned but never read.

;     (OPENLDK::|s{15}|)
; 
; caught STYLE-WARNING:
;   The variable OPENLDK::|s{15}| is assigned but never read.

;     (OPENLDK::|s{14}|)
; 
; caught STYLE-WARNING:
;   The variable OPENLDK::|s{14}| is assigned but never read.

;     (OPENLDK::|s{13}|)
; 
; caught STYLE-WARNING:
;   The variable OPENLDK::|s{13}| is assigned but never read.

;     (OPENLDK::|s{8}|)
; 
; caught STYLE-WARNING:
;   The variable OPENLDK::|s{8}| is assigned but never read.

;     (OPENLDK::|s{7}|)
; 
; caught STYLE-WARNING:
;   The variable OPENLDK::|s{7}| is assigned but never read.

;     (OPENLDK::|s{6}|)
; 
; caught STYLE-WARNING:
;   The variable OPENLDK::|s{6}| is assigned but never read.

;     (OPENLDK::|s{4}|)
; 
; caught STYLE-WARNING:
;   The variable OPENLDK::|s{4}| is assigned but never read.

;     (OPENLDK::|s{3}|)
; 
; caught STYLE-WARNING:
;   The variable OPENLDK::|s{3}| is assigned but never read.

;     (OPENLDK::|local-4|)
; 
; caught STYLE-WARNING:
;   The variable OPENLDK::|local-4| is defined but never used.

;     (OPENLDK::|local-5|)
; 
; caught STYLE-WARNING:
;   The variable OPENLDK::|local-5| is defined but never used.

;     (OPENLDK::|local-6|)
; 
; caught STYLE-WARNING:
;   The variable OPENLDK::|local-6| is defined but never used.
; 
; compilation unit finished
;   caught 14 STYLE-WARNING conditions
WARNING:
   redefining OPENLDK::|java/lang/invoke/MethodType.makeImpl(Ljava/lang/Class;[Ljava/lang/Class;Z)| in DEFUN
; in:
;      PROGN (DEFMETHOD OPENLDK::|<init>([Ljava/lang/Class;Ljava/lang/Class;)|
;                   ((OPENLDK::|this| OPENLDK::|java/lang/invoke/MethodType|)
;                    OPENLDK::|arg1| OPENLDK::|arg2|)
;          (SETF OPENLDK::*FORCE-THIS-TO-BE-USED* OPENLDK::|this|)
;          "bridge=NIL"
;          (LET ((OPENLDK::|condition-cache|)
;                (OPENLDK::|s{5}|)
;                (OPENLDK::|s{4}|)
;                (OPENLDK::|s{3}|)
;                (OPENLDK::|s{2}|)
;                (OPENLDK::|s{1}|)
;                (OPENLDK::|local-0| OPENLDK::|this|)
;                (OPENLDK::|local-1| OPENLDK::|arg1|)
;                (OPENLDK::|local-2| OPENLDK::|arg2|)
;                (OPENLDK::|local-3|)
;                (OPENLDK::|local-4|)
;                (OPENLDK::|local-5|))
;            (BLOCK NIL
;              (TAGBODY
;               |branch-target-0|
;                (SETF #)
;                (OPENLDK::INVOKE-SPECIAL 'OPENLDK::|<init>()|
;                                         'OPENLDK::|java/lang/Object| #)
;                (SETF #)
;                (SETF #)
;                (SETF #)
;                (SETF #)
;                (SETF #)
;                (SETF #)
;                (RETURN)))))
;     (OPENLDK::|condition-cache|)
; 
; caught STYLE-WARNING:
;   The variable OPENLDK::|condition-cache| is defined but never used.

;     (OPENLDK::|s{5}|)
; 
; caught STYLE-WARNING:
;   The variable OPENLDK::|s{5}| is assigned but never read.

;     (OPENLDK::|s{3}|)
; 
; caught STYLE-WARNING:
;   The variable OPENLDK::|s{3}| is assigned but never read.

;     (OPENLDK::|s{1}|)
; 
; caught STYLE-WARNING:
;   The variable OPENLDK::|s{1}| is assigned but never read.

;     (OPENLDK::|local-3|)
; 
; caught STYLE-WARNING:
;   The variable OPENLDK::|local-3| is defined but never used.

;     (OPENLDK::|local-4|)
; 
; caught STYLE-WARNING:
;   The variable OPENLDK::|local-4| is defined but never used.

;     (OPENLDK::|local-5|)
; 
; caught STYLE-WARNING:
;   The variable OPENLDK::|local-5| is defined but never used.
; 
; compilation unit finished
;   caught 7 STYLE-WARNING conditions
WARNING:
   redefining OPENLDK::|<init>([Ljava/lang/Class;Ljava/lang/Class;)| (#<STANDARD-CLASS OPENLDK::|java/lang/invoke/MethodType|>
                                                                      #<SB-PCL:SYSTEM-CLASS COMMON-LISP:T>
                                                                      #<SB-PCL:SYSTEM-CLASS COMMON-LISP:T>) in DEFMETHOD
; in:
;      PROGN (DEFMETHOD OPENLDK::|get(Ljava/lang/Object;)|
;                   (
;                    (OPENLDK::|this|
;                     OPENLDK::|java/lang/invoke/MethodType$ConcurrentWeakInternSet|)
;                    OPENLDK::|arg1|)
;          (SETF OPENLDK::*FORCE-THIS-TO-BE-USED* OPENLDK::|this|)
;          "bridge=NIL"
;          (LET ((OPENLDK::|condition-cache|)
;                (OPENLDK::|s{13}|)
;                (OPENLDK::|s{12}|)
;                (OPENLDK::|s{11}|)
;                (OPENLDK::|s{10}|)
;                (OPENLDK::|s{9}|)
;                (OPENLDK::|s{8}|)
;                (OPENLDK::|s{7}|)
;                (OPENLDK::|s{6}|)
;                (OPENLDK::|s{5}|)
;                (OPENLDK::|s{4}|)
;                (OPENLDK::|s{3}|)
;                ...)
;            (BLOCK NIL
;              (TAGBODY
;               |branch-target-0|
;                (SETF #)
;                (WHEN # #)
;               |branch-target-4|
;                (SETF #)
;                (OPENLDK::INVOKE-SPECIAL 'OPENLDK::|<init>()|
;                                         'OPENLDK::|java/lang/NullPointerException|
;                                         #)
;                (LET #
;                  #
;                  #)
;               |branch-target-12|
;                (SETF #)
;                (OPENLDK::INVOKE-SPECIAL 'OPENLDK::|expungeStaleElements()|
;                                         'OPENLDK::|java/lang/invoke/MethodType$ConcurrentWeakInternSet|
;                                         #)
;                (SETF #) ...))))
;     (OPENLDK::|condition-cache|)
; 
; caught STYLE-WARNING:
;   The variable OPENLDK::|condition-cache| is assigned but never read.

;     (OPENLDK::|s{13}|)
; 
; caught STYLE-WARNING:
;   The variable OPENLDK::|s{13}| is assigned but never read.

;     (OPENLDK::|s{12}|)
; 
; caught STYLE-WARNING:
;   The variable OPENLDK::|s{12}| is assigned but never read.

;     (OPENLDK::|s{10}|)
; 
; caught STYLE-WARNING:
;   The variable OPENLDK::|s{10}| is assigned but never read.

;     (OPENLDK::|s{9}|)
; 
; caught STYLE-WARNING:
;   The variable OPENLDK::|s{9}| is assigned but never read.

;     (OPENLDK::|s{7}|)
; 
; caught STYLE-WARNING:
;   The variable OPENLDK::|s{7}| is assigned but never read.

;     (OPENLDK::|s{4}|)
; 
; caught STYLE-WARNING:
;   The variable OPENLDK::|s{4}| is assigned but never read.

;     (OPENLDK::|s{3}|)
; 
; caught STYLE-WARNING:
;   The variable OPENLDK::|s{3}| is assigned but never read.

;     (OPENLDK::|s{1}|)
; 
; caught STYLE-WARNING:
;   The variable OPENLDK::|s{1}| is assigned but never read.

;     (OPENLDK::|local-4|)
; 
; caught STYLE-WARNING:
;   The variable OPENLDK::|local-4| is defined but never used.

;     (OPENLDK::|local-5|)
; 
; caught STYLE-WARNING:
;   The variable OPENLDK::|local-5| is defined but never used.

;     (OPENLDK::|local-6|)
; 
; caught STYLE-WARNING:
;   The variable OPENLDK::|local-6| is defined but never used.
; 
; compilation unit finished
;   caught 12 STYLE-WARNING conditions
WARNING:
   redefining OPENLDK::|get(Ljava/lang/Object;)| (#<STANDARD-CLASS OPENLDK::|java/lang/invoke/MethodType$ConcurrentWeakInternSet|>
                                                  #<SB-PCL:SYSTEM-CLASS COMMON-LISP:T>) in DEFMETHOD
; in:
;      PROGN (DEFMETHOD OPENLDK::|expungeStaleElements()|
;                   (
;                    (OPENLDK::|this|
;                     OPENLDK::|java/lang/invoke/MethodType$ConcurrentWeakInternSet|))
;          (SETF OPENLDK::*FORCE-THIS-TO-BE-USED* OPENLDK::|this|)
;          "bridge=NIL"
;          (LET ((OPENLDK::|condition-cache|)
;                (OPENLDK::|s{7}|)
;                (OPENLDK::|s{6}|)
;                (OPENLDK::|s{5}|)
;                (OPENLDK::|s{4}|)
;                (OPENLDK::|s{3}|)
;                (OPENLDK::|s{2}|)
;                (OPENLDK::|s{1}|)
;                (OPENLDK::|local-0| OPENLDK::|this|)
;                (OPENLDK::|local-1|)
;                (OPENLDK::|local-2|)
;                (OPENLDK::|local-3|)
;                ...)
;            (BLOCK NIL
;              (TAGBODY
;               |branch-target-0|
;                (SETF #)
;                (SETF #)
;                (SETF #)
;                (SETF #)
;                (WHEN # #)
;               |branch-target-12|
;                (SETF #)
;                (SETF #)
;                (SETF #)
;                (SETF #) ...))))
;     (OPENLDK::|condition-cache|)
; 
; caught STYLE-WARNING:
;   The variable OPENLDK::|condition-cache| is defined but never used.

;     (OPENLDK::|s{7}|)
; 
; caught STYLE-WARNING:
;   The variable OPENLDK::|s{7}| is assigned but never read.

;     (OPENLDK::|s{6}|)
; 
; caught STYLE-WARNING:
;   The variable OPENLDK::|s{6}| is assigned but never read.

;     (OPENLDK::|s{4}|)
; 
; caught STYLE-WARNING:
;   The variable OPENLDK::|s{4}| is assigned but never read.

;     (OPENLDK::|s{1}|)
; 
; caught STYLE-WARNING:
;   The variable OPENLDK::|s{1}| is assigned but never read.

;     (OPENLDK::|local-2|)
; 
; caught STYLE-WARNING:
;   The variable OPENLDK::|local-2| is defined but never used.

;     (OPENLDK::|local-3|)
; 
; caught STYLE-WARNING:
;   The variable OPENLDK::|local-3| is defined but never used.

;     (OPENLDK::|local-4|)
; 
; caught STYLE-WARNING:
;   The variable OPENLDK::|local-4| is defined but never used.
; 
; compilation unit finished
;   caught 8 STYLE-WARNING conditions
WARNING:
   redefining OPENLDK::|expungeStaleElements()| (#<STANDARD-CLASS OPENLDK::|java/lang/invoke/MethodType$ConcurrentWeakInternSet|>) in DEFMETHOD
; in:
;      PROGN (DEFMETHOD OPENLDK::|<init>(Ljava/lang/Object;)|
;                   (
;                    (OPENLDK::|this|
;                     OPENLDK::|java/lang/invoke/MethodType$ConcurrentWeakInternSet$WeakEntry|)
;                    OPENLDK::|arg1|)
;          (SETF OPENLDK::*FORCE-THIS-TO-BE-USED* OPENLDK::|this|)
;          "bridge=NIL"
;          (LET ((OPENLDK::|condition-cache|)
;                (OPENLDK::|s{5}|)
;                (OPENLDK::|s{4}|)
;                (OPENLDK::|s{3}|)
;                (OPENLDK::|s{2}|)
;                (OPENLDK::|s{1}|)
;                (OPENLDK::|local-0| OPENLDK::|this|)
;                (OPENLDK::|local-1| OPENLDK::|arg1|)
;                (OPENLDK::|local-2|)
;                (OPENLDK::|local-3|)
;                (OPENLDK::|local-4|))
;            (BLOCK NIL
;              (TAGBODY
;               |branch-target-0|
;                (SETF #)
;                (SETF #)
;                (OPENLDK::INVOKE-SPECIAL 'OPENLDK::|<init>(Ljava/lang/Object;)|
;                                         'OPENLDK::|java/lang/ref/WeakReference|
;                                         #)
;                (SETF #)
;                (SETF #)
;                (SETF #)
;                (SETF #)
;                (RETURN)))))
;     (OPENLDK::|condition-cache|)
; 
; caught STYLE-WARNING:
;   The variable OPENLDK::|condition-cache| is defined but never used.

;     (OPENLDK::|s{4}|)
; 
; caught STYLE-WARNING:
;   The variable OPENLDK::|s{4}| is assigned but never read.

;     (OPENLDK::|s{2}|)
; 
; caught STYLE-WARNING:
;   The variable OPENLDK::|s{2}| is assigned but never read.

;     (OPENLDK::|s{1}|)
; 
; caught STYLE-WARNING:
;   The variable OPENLDK::|s{1}| is assigned but never read.

;     (OPENLDK::|local-2|)
; 
; caught STYLE-WARNING:
;   The variable OPENLDK::|local-2| is defined but never used.

;     (OPENLDK::|local-3|)
; 
; caught STYLE-WARNING:
;   The variable OPENLDK::|local-3| is defined but never used.

;     (OPENLDK::|local-4|)
; 
; caught STYLE-WARNING:
;   The variable OPENLDK::|local-4| is defined but never used.
; 
; compilation unit finished
;   caught 7 STYLE-WARNING conditions
WARNING:
   redefining OPENLDK::|<init>(Ljava/lang/Object;)| (#<STANDARD-CLASS OPENLDK::|java/lang/invoke/MethodType$ConcurrentWeakInternSet$WeakEntry|>
                                                     #<SB-PCL:SYSTEM-CLASS COMMON-LISP:T>) in DEFMETHOD
; in:
;      PROGN (DEFMETHOD OPENLDK::|hashCode()|
;                   ((OPENLDK::|this| OPENLDK::|java/lang/invoke/MethodType|))
;          (SETF OPENLDK::*FORCE-THIS-TO-BE-USED* OPENLDK::|this|)
;          "bridge=NIL"
;          (LET ((OPENLDK::|condition-cache|)
;                (OPENLDK::|s{22}|)
;                (OPENLDK::|s{20}|)
;                (OPENLDK::|s{19}|)
;                (OPENLDK::|s{17}|)
;                (OPENLDK::|s{15}|)
;                (OPENLDK::|s{14}|)
;                (OPENLDK::|s{13}|)
;                (OPENLDK::|s{12}|)
;                (OPENLDK::|s{11}|)
;                (OPENLDK::|s{9}|)
;                (OPENLDK::|s{8}|)
;                ...)
;            (HANDLER-BIND ((SB-INT:INVALID-ARRAY-INDEX-ERROR #) (TYPE-ERROR #))
;              (BLOCK NIL (TAGBODY |branch-target-0| # # # # # # # # # # ...)))))
;     (OPENLDK::|condition-cache|)
; 
; caught STYLE-WARNING:
;   The variable OPENLDK::|condition-cache| is defined but never used.

;     (OPENLDK::|s{22}|)
; 
; caught STYLE-WARNING:
;   The variable OPENLDK::|s{22}| is assigned but never read.

;     (OPENLDK::|s{19}|)
; 
; caught STYLE-WARNING:
;   The variable OPENLDK::|s{19}| is assigned but never read.

;     (OPENLDK::|s{17}|)
; 
; caught STYLE-WARNING:
;   The variable OPENLDK::|s{17}| is assigned but never read.

;     (OPENLDK::|s{14}|)
; 
; caught STYLE-WARNING:
;   The variable OPENLDK::|s{14}| is assigned but never read.

;     (OPENLDK::|s{13}|)
; 
; caught STYLE-WARNING:
;   The variable OPENLDK::|s{13}| is assigned but never read.

;     (OPENLDK::|s{12}|)
; 
; caught STYLE-WARNING:
;   The variable OPENLDK::|s{12}| is assigned but never read.

;     (OPENLDK::|s{11}|)
; 
; caught STYLE-WARNING:
;   The variable OPENLDK::|s{11}| is assigned but never read.

;     (OPENLDK::|s{8}|)
; 
; caught STYLE-WARNING:
;   The variable OPENLDK::|s{8}| is assigned but never read.

;     (OPENLDK::|s{6}|)
; 
; caught STYLE-WARNING:
;   The variable OPENLDK::|s{6}| is assigned but never read.

;     (OPENLDK::|s{2}|)
; 
; caught STYLE-WARNING:
;   The variable OPENLDK::|s{2}| is assigned but never read.

;     (OPENLDK::|local-6|)
; 
; caught STYLE-WARNING:
;   The variable OPENLDK::|local-6| is defined but never used.

;     (OPENLDK::|local-7|)
; 
; caught STYLE-WARNING:
;   The variable OPENLDK::|local-7| is defined but never used.

;     (OPENLDK::|local-8|)
; 
; caught STYLE-WARNING:
;   The variable OPENLDK::|local-8| is defined but never used.

;     (SB-INT:INVALID-ARRAY-INDEX-ERROR
;      (LAMBDA (OPENLDK::E)
;        (ERROR
;         (OPENLDK::%LISP-CONDITION
;          (OPENLDK::%MAKE-THROWABLE
;           'OPENLDK::|java/lang/ArrayIndexOutOfBoundsException|)))))
; 
; caught STYLE-WARNING:
;   The variable OPENLDK::E is defined but never used.
; 
; compilation unit finished
;   caught 15 STYLE-WARNING conditions
WARNING:
   redefining OPENLDK::|hashCode()| (#<STANDARD-CLASS OPENLDK::|java/lang/invoke/MethodType|>) in DEFMETHOD
; in:
;      PROGN (DEFMETHOD OPENLDK::|hashCode()|
;                   (
;                    (OPENLDK::|this|
;                     OPENLDK::|java/lang/invoke/MethodType$ConcurrentWeakInternSet$WeakEntry|))
;          (SETF OPENLDK::*FORCE-THIS-TO-BE-USED* OPENLDK::|this|)
;          "bridge=NIL"
;          (LET ((OPENLDK::|condition-cache|)
;                (OPENLDK::|s{2}|)
;                (OPENLDK::|s{1}|)
;                (OPENLDK::|local-0| OPENLDK::|this|)
;                (OPENLDK::|local-1|)
;                (OPENLDK::|local-2|)
;                (OPENLDK::|local-3|))
;            (BLOCK NIL
;              (TAGBODY
;               |branch-target-0|
;                (SETF #)
;                (SETF #)
;                (LET #
;                  #
;                  #)))))
;     (OPENLDK::|condition-cache|)
; 
; caught STYLE-WARNING:
;   The variable OPENLDK::|condition-cache| is defined but never used.

;     (OPENLDK::|s{1}|)
; 
; caught STYLE-WARNING:
;   The variable OPENLDK::|s{1}| is assigned but never read.

;     (OPENLDK::|local-1|)
; 
; caught STYLE-WARNING:
;   The variable OPENLDK::|local-1| is defined but never used.

;     (OPENLDK::|local-2|)
; 
; caught STYLE-WARNING:
;   The variable OPENLDK::|local-2| is defined but never used.

;     (OPENLDK::|local-3|)
; 
; caught STYLE-WARNING:
;   The variable OPENLDK::|local-3| is defined but never used.
; 
; compilation unit finished
;   caught 5 STYLE-WARNING conditions
WARNING:
   redefining OPENLDK::|hashCode()| (#<STANDARD-CLASS OPENLDK::|java/lang/invoke/MethodType$ConcurrentWeakInternSet$WeakEntry|>) in DEFMETHOD
; in:
;      PROGN (DEFMETHOD OPENLDK::|<init>(Ljava/lang/Class;[Ljava/lang/Class;Z)|
;                   ((OPENLDK::|this| OPENLDK::|java/lang/invoke/MethodType|)
;                    OPENLDK::|arg1| OPENLDK::|arg2| OPENLDK::|arg3|)
;          (SETF OPENLDK::*FORCE-THIS-TO-BE-USED* OPENLDK::|this|)
;          "bridge=NIL"
;          (LET ((OPENLDK::|condition-cache|)
;                (OPENLDK::|s{12}|)
;                (OPENLDK::|s{11}|)
;                (OPENLDK::|s{10}|)
;                (OPENLDK::|s{9,13}|)
;                (OPENLDK::|s{8}|)
;                (OPENLDK::|s{7}|)
;                (OPENLDK::|s{6}|)
;                (OPENLDK::|s{5}|)
;                (OPENLDK::|s{4}|)
;                (OPENLDK::|s{3}|)
;                (OPENLDK::|s{2}|)
;                ...)
;            (BLOCK NIL
;              (TAGBODY
;               |branch-target-0|
;                (SETF #)
;                (OPENLDK::INVOKE-SPECIAL 'OPENLDK::|<init>()|
;                                         'OPENLDK::|java/lang/Object| #)
;                (SETF #)
;                (UNLESS # #)
;                (OPENLDK::|java/lang/invoke/MethodType.checkRtype(Ljava/lang/Class;)|
;                 OPENLDK::|local-1|)
;                (SETF #)
;                (UNLESS # #)
;                (SETF #)
;                (SETF #)
;                (SETF #) ...))))
;     (OPENLDK::|condition-cache|)
; 
; caught STYLE-WARNING:
;   The variable OPENLDK::|condition-cache| is defined but never used.

;     (OPENLDK::|s{11}|)
; 
; caught STYLE-WARNING:
;   The variable OPENLDK::|s{11}| is assigned but never read.

;     (OPENLDK::|s{10}|)
; 
; caught STYLE-WARNING:
;   The variable OPENLDK::|s{10}| is assigned but never read.

;     (OPENLDK::|s{8}|)
; 
; caught STYLE-WARNING:
;   The variable OPENLDK::|s{8}| is assigned but never read.

;     (OPENLDK::|s{6}|)
; 
; caught STYLE-WARNING:
;   The variable OPENLDK::|s{6}| is assigned but never read.

;     (OPENLDK::|s{4}|)
; 
; caught STYLE-WARNING:
;   The variable OPENLDK::|s{4}| is assigned but never read.

;     (OPENLDK::|s{3}|)
; 
; caught STYLE-WARNING:
;   The variable OPENLDK::|s{3}| is assigned but never read.

;     (OPENLDK::|s{2}|)
; 
; caught STYLE-WARNING:
;   The variable OPENLDK::|s{2}| is assigned but never read.

;     (OPENLDK::|s{1}|)
; 
; caught STYLE-WARNING:
;   The variable OPENLDK::|s{1}| is assigned but never read.

;     (OPENLDK::|local-4|)
; 
; caught STYLE-WARNING:
;   The variable OPENLDK::|local-4| is defined but never used.

;     (OPENLDK::|local-5|)
; 
; caught STYLE-WARNING:
;   The variable OPENLDK::|local-5| is defined but never used.

;     (OPENLDK::|local-6|)
; 
; caught STYLE-WARNING:
;   The variable OPENLDK::|local-6| is defined but never used.
; 
; compilation unit finished
;   caught 12 STYLE-WARNING conditions
WARNING:
   redefining OPENLDK::|<init>(Ljava/lang/Class;[Ljava/lang/Class;Z)| (#<STANDARD-CLASS OPENLDK::|java/lang/invoke/MethodType|>
                                                                       #<SB-PCL:SYSTEM-CLASS COMMON-LISP:T>
                                                                       #<SB-PCL:SYSTEM-CLASS COMMON-LISP:T>
                                                                       #<SB-PCL:SYSTEM-CLASS COMMON-LISP:T>) in DEFMETHOD
; in:
;      PROGN (DEFUN OPENLDK::|java/lang/invoke/MethodType.checkRtype(Ljava/lang/Class;)|
;               (OPENLDK::|arg0|)
;          "bridge=NIL"
;          (LET ((OPENLDK::|condition-cache|)
;                (OPENLDK::|s{2}|)
;                (OPENLDK::|s{1}|)
;                (OPENLDK::|local-0| OPENLDK::|arg0|)
;                (OPENLDK::|local-1|)
;                (OPENLDK::|local-2|)
;                (OPENLDK::|local-3|))
;            (BLOCK NIL
;              (TAGBODY
;               |branch-target-0|
;                (SETF #)
;                (UNLESS # #)
;                (SETF #)
;                (RETURN)))))
;     (OPENLDK::|condition-cache|)
; 
; caught STYLE-WARNING:
;   The variable OPENLDK::|condition-cache| is defined but never used.

;     (OPENLDK::|s{2}|)
; 
; caught STYLE-WARNING:
;   The variable OPENLDK::|s{2}| is assigned but never read.

;     (OPENLDK::|s{1}|)
; 
; caught STYLE-WARNING:
;   The variable OPENLDK::|s{1}| is assigned but never read.

;     (OPENLDK::|local-1|)
; 
; caught STYLE-WARNING:
;   The variable OPENLDK::|local-1| is defined but never used.

;     (OPENLDK::|local-2|)
; 
; caught STYLE-WARNING:
;   The variable OPENLDK::|local-2| is defined but never used.

;     (OPENLDK::|local-3|)
; 
; caught STYLE-WARNING:
;   The variable OPENLDK::|local-3| is defined but never used.
; 
; compilation unit finished
;   caught 6 STYLE-WARNING conditions
WARNING:
   redefining OPENLDK::|java/lang/invoke/MethodType.checkRtype(Ljava/lang/Class;)| in DEFUN
; in:
;      PROGN (DEFUN OPENLDK::|java/lang/invoke/MethodType.checkPtypes([Ljava/lang/Class;)|
;               (OPENLDK::|arg0|)
;          "bridge=NIL"
;          (LET ((OPENLDK::|condition-cache|)
;                (OPENLDK::|s{20}|)
;                (OPENLDK::|s{18}|)
;                (OPENLDK::|s{17}|)
;                (OPENLDK::|s{16}|)
;                (OPENLDK::|s{15}|)
;                (OPENLDK::|s{14}|)
;                (OPENLDK::|s{13}|)
;                (OPENLDK::|s{12}|)
;                (OPENLDK::|s{11}|)
;                (OPENLDK::|s{10}|)
;                (OPENLDK::|s{9}|)
;                ...)
;            (HANDLER-BIND ((SB-INT:INVALID-ARRAY-INDEX-ERROR #) (TYPE-ERROR #))
;              (BLOCK NIL
;                (TAGBODY
;                 |branch-target-0|
;                  #
;                  #
;                  #
;                  #
;                  #
;                  #
;                  #
;                 |branch-target-10|
;                  #
;                  # ...)))))
;     (OPENLDK::|condition-cache|)
; 
; caught STYLE-WARNING:
;   The variable OPENLDK::|condition-cache| is defined but never used.

;     (OPENLDK::|s{20}|)
; 
; caught STYLE-WARNING:
;   The variable OPENLDK::|s{20}| is assigned but never read.

;     (OPENLDK::|s{18}|)
; 
; caught STYLE-WARNING:
;   The variable OPENLDK::|s{18}| is assigned but never read.

;     (OPENLDK::|s{16}|)
; 
; caught STYLE-WARNING:
;   The variable OPENLDK::|s{16}| is assigned but never read.

;     (OPENLDK::|s{14}|)
; 
; caught STYLE-WARNING:
;   The variable OPENLDK::|s{14}| is assigned but never read.

;     (OPENLDK::|s{12}|)
; 
; caught STYLE-WARNING:
;   The variable OPENLDK::|s{12}| is assigned but never read.

;     (OPENLDK::|s{11}|)
; 
; caught STYLE-WARNING:
;   The variable OPENLDK::|s{11}| is assigned but never read.

;     (OPENLDK::|s{9}|)
; 
; caught STYLE-WARNING:
;   The variable OPENLDK::|s{9}| is assigned but never read.

;     (OPENLDK::|s{8}|)
; 
; caught STYLE-WARNING:
;   The variable OPENLDK::|s{8}| is assigned but never read.

;     (OPENLDK::|s{7}|)
; 
; caught STYLE-WARNING:
;   The variable OPENLDK::|s{7}| is assigned but never read.

;     (OPENLDK::|s{6}|)
; 
; caught STYLE-WARNING:
;   The variable OPENLDK::|s{6}| is assigned but never read.

;     (OPENLDK::|s{3}|)
; 
; caught STYLE-WARNING:
;   The variable OPENLDK::|s{3}| is assigned but never read.

;     (OPENLDK::|s{2}|)
; 
; caught STYLE-WARNING:
;   The variable OPENLDK::|s{2}| is assigned but never read.

;     (OPENLDK::|local-6|)
; 
; caught STYLE-WARNING:
;   The variable OPENLDK::|local-6| is defined but never used.

;     (OPENLDK::|local-7|)
; 
; caught STYLE-WARNING:
;   The variable OPENLDK::|local-7| is defined but never used.

;     (OPENLDK::|local-8|)
; 
; caught STYLE-WARNING:
;   The variable OPENLDK::|local-8| is defined but never used.

;     (SB-INT:INVALID-ARRAY-INDEX-ERROR
;      (LAMBDA (OPENLDK::E)
;        (ERROR
;         (OPENLDK::%LISP-CONDITION
;          (OPENLDK::%MAKE-THROWABLE
;           'OPENLDK::|java/lang/ArrayIndexOutOfBoundsException|)))))
; 
; caught STYLE-WARNING:
;   The variable OPENLDK::E is defined but never used.
; 
; compilation unit finished
;   caught 17 STYLE-WARNING conditions
WARNING:
   redefining OPENLDK::|java/lang/invoke/MethodType.checkPtypes([Ljava/lang/Class;)| in DEFUN
; in:
;      PROGN (DEFUN OPENLDK::|java/lang/invoke/MethodTypeForm.<clinit>()| ()
;          "bridge=NIL"
;          (LET ((OPENLDK::|condition-cache|)
;                (OPENLDK::|s{3,4}|)
;                (OPENLDK::|s{2}|)
;                (OPENLDK::|local-0|)
;                (OPENLDK::|local-1|)
;                (OPENLDK::|local-2|))
;            (BLOCK NIL
;              (TAGBODY
;               |branch-target-0|
;                (SETF #)
;                (WHEN # #)
;               |branch-target-8|
;                (SETF #)
;                (GO |branch-target-13|)
;               |branch-target-13|
;                (SETF #)
;                (RETURN)
;               |branch-target-12|
;                (SETF #) ...))))
;     (OPENLDK::|condition-cache|)
; 
; caught STYLE-WARNING:
;   The variable OPENLDK::|condition-cache| is defined but never used.

;     (OPENLDK::|local-0|)
; 
; caught STYLE-WARNING:
;   The variable OPENLDK::|local-0| is defined but never used.

;     (OPENLDK::|local-1|)
; 
; caught STYLE-WARNING:
;   The variable OPENLDK::|local-1| is defined but never used.

;     (OPENLDK::|local-2|)
; 
; caught STYLE-WARNING:
;   The variable OPENLDK::|local-2| is defined but never used.
; 
; compilation unit finished
;   caught 4 STYLE-WARNING conditions
WARNING:
   redefining OPENLDK::|java/lang/invoke/MethodTypeForm.<clinit>()| in DEFUN
; in:
;      PROGN (DEFUN OPENLDK::|java/lang/invoke/MethodTypeForm.findForm(Ljava/lang/invoke/MethodType;)|
;               (OPENLDK::|arg0|)
;          "bridge=NIL"
;          (LET ((OPENLDK::|condition-cache|)
;                (OPENLDK::|s{9}|)
;                (OPENLDK::|s{8}|)
;                (OPENLDK::|s{7}|)
;                (OPENLDK::|s{6}|)
;                (OPENLDK::|s{5}|)
;                (OPENLDK::|s{4}|)
;                (OPENLDK::|s{1}|)
;                (OPENLDK::|local-0| OPENLDK::|arg0|)
;                (OPENLDK::|local-1|)
;                (OPENLDK::|local-2|)
;                (OPENLDK::|local-3|)
;                ...)
;            (BLOCK NIL
;              (TAGBODY
;               |branch-target-0|
;                (SETF #)
;                (UNLESS # #)
;                (SETF #)
;                (SETF #)
;                (SETF #)
;                (WHEN # #)
;               |branch-target-11|
;                (SETF #)
;                (SETF #)
;                (OPENLDK::INVOKE-SPECIAL
;                 'OPENLDK::|<init>(Ljava/lang/invoke/MethodType;)|
;                 'OPENLDK::|java/lang/invoke/MethodTypeForm| #) ...))))
;     (OPENLDK::|condition-cache|)
; 
; caught STYLE-WARNING:
;   The variable OPENLDK::|condition-cache| is defined but never used.

;     (OPENLDK::|s{8}|)
; 
; caught STYLE-WARNING:
;   The variable OPENLDK::|s{8}| is assigned but never read.

;     (OPENLDK::|s{7}|)
; 
; caught STYLE-WARNING:
;   The variable OPENLDK::|s{7}| is assigned but never read.

;     (OPENLDK::|s{5}|)
; 
; caught STYLE-WARNING:
;   The variable OPENLDK::|s{5}| is assigned but never read.

;     (OPENLDK::|s{1}|)
; 
; caught STYLE-WARNING:
;   The variable OPENLDK::|s{1}| is assigned but never read.

;     (OPENLDK::|local-2|)
; 
; caught STYLE-WARNING:
;   The variable OPENLDK::|local-2| is defined but never used.

;     (OPENLDK::|local-3|)
; 
; caught STYLE-WARNING:
;   The variable OPENLDK::|local-3| is defined but never used.

;     (OPENLDK::|local-4|)
; 
; caught STYLE-WARNING:
;   The variable OPENLDK::|local-4| is defined but never used.
; 
; compilation unit finished
;   caught 8 STYLE-WARNING conditions
WARNING:
   redefining OPENLDK::|java/lang/invoke/MethodTypeForm.findForm(Ljava/lang/invoke/MethodType;)| in DEFUN
; in:
;      PROGN (DEFUN OPENLDK::|java/lang/invoke/MethodTypeForm.canonicalize(Ljava/lang/invoke/MethodType;II)|
;               (OPENLDK::|arg0| OPENLDK::|arg1| OPENLDK::|arg2|)
;          "bridge=NIL"
;          (LET ((OPENLDK::|condition-cache|)
;                (OPENLDK::|s{21}|)
;                (OPENLDK::|s{19}|)
;                (OPENLDK::|s{18}|)
;                (OPENLDK::|s{17}|)
;                (OPENLDK::|s{16}|)
;                (OPENLDK::|s{15}|)
;                (OPENLDK::|s{14}|)
;                (OPENLDK::|s{12}|)
;                (OPENLDK::|s{11}|)
;                (OPENLDK::|s{10}|)
;                (OPENLDK::|s{9}|)
;                ...)
;            (BLOCK NIL
;              (TAGBODY
;               |branch-target-0|
;                (SETF #)
;                (SETF #)
;                (SETF #)
;                (SETF #)
;                (SETF #)
;                (UNLESS # #)
;                (SETF #)
;                (SETF #)
;                (SETF #)
;                (SETF #) ...))))
;     (OPENLDK::|condition-cache|)
; 
; caught STYLE-WARNING:
;   The variable OPENLDK::|condition-cache| is defined but never used.

;     (OPENLDK::|s{19}|)
; 
; caught STYLE-WARNING:
;   The variable OPENLDK::|s{19}| is assigned but never read.

;     (OPENLDK::|s{18}|)
; 
; caught STYLE-WARNING:
;   The variable OPENLDK::|s{18}| is assigned but never read.

;     (OPENLDK::|s{17}|)
; 
; caught STYLE-WARNING:
;   The variable OPENLDK::|s{17}| is assigned but never read.

;     (OPENLDK::|s{16}|)
; 
; caught STYLE-WARNING:
;   The variable OPENLDK::|s{16}| is assigned but never read.

;     (OPENLDK::|s{15}|)
; 
; caught STYLE-WARNING:
;   The variable OPENLDK::|s{15}| is assigned but never read.

;     (OPENLDK::|s{14}|)
; 
; caught STYLE-WARNING:
;   The variable OPENLDK::|s{14}| is assigned but never read.

;     (OPENLDK::|s{12}|)
; 
; caught STYLE-WARNING:
;   The variable OPENLDK::|s{12}| is assigned but never read.

;     (OPENLDK::|s{11}|)
; 
; caught STYLE-WARNING:
;   The variable OPENLDK::|s{11}| is assigned but never read.

;     (OPENLDK::|s{9}|)
; 
; caught STYLE-WARNING:
;   The variable OPENLDK::|s{9}| is assigned but never read.

;     (OPENLDK::|s{8}|)
; 
; caught STYLE-WARNING:
;   The variable OPENLDK::|s{8}| is assigned but never read.

;     (OPENLDK::|s{6}|)
; 
; caught STYLE-WARNING:
;   The variable OPENLDK::|s{6}| is assigned but never read.

;     (OPENLDK::|s{4}|)
; 
; caught STYLE-WARNING:
;   The variable OPENLDK::|s{4}| is assigned but never read.

;     (OPENLDK::|s{3}|)
; 
; caught STYLE-WARNING:
;   The variable OPENLDK::|s{3}| is assigned but never read.

;     (OPENLDK::|s{1}|)
; 
; caught STYLE-WARNING:
;   The variable OPENLDK::|s{1}| is assigned but never read.

;     (OPENLDK::|local-7|)
; 
; caught STYLE-WARNING:
;   The variable OPENLDK::|local-7| is defined but never used.

;     (OPENLDK::|local-8|)
; 
; caught STYLE-WARNING:
;   The variable OPENLDK::|local-8| is defined but never used.

;     (OPENLDK::|local-9|)
; 
; caught STYLE-WARNING:
;   The variable OPENLDK::|local-9| is defined but never used.
; 
; compilation unit finished
;   caught 18 STYLE-WARNING conditions
WARNING:
   redefining OPENLDK::|java/lang/invoke/MethodTypeForm.canonicalize(Ljava/lang/invoke/MethodType;II)| in DEFUN
; in:
;      PROGN (DEFMETHOD OPENLDK::|ptypes()|
;                   ((OPENLDK::|this| OPENLDK::|java/lang/invoke/MethodType|))
;          (SETF OPENLDK::*FORCE-THIS-TO-BE-USED* OPENLDK::|this|)
;          "bridge=NIL"
;          (LET ((OPENLDK::|condition-cache|)
;                (OPENLDK::|s{2}|)
;                (OPENLDK::|s{1}|)
;                (OPENLDK::|local-0| OPENLDK::|this|)
;                (OPENLDK::|local-1|)
;                (OPENLDK::|local-2|)
;                (OPENLDK::|local-3|))
;            (BLOCK NIL
;              (TAGBODY
;               |branch-target-0|
;                (SETF #)
;                (SETF #)
;                (LET #
;                  #
;                  #)))))
;     (OPENLDK::|condition-cache|)
; 
; caught STYLE-WARNING:
;   The variable OPENLDK::|condition-cache| is defined but never used.

;     (OPENLDK::|s{1}|)
; 
; caught STYLE-WARNING:
;   The variable OPENLDK::|s{1}| is assigned but never read.

;     (OPENLDK::|local-1|)
; 
; caught STYLE-WARNING:
;   The variable OPENLDK::|local-1| is defined but never used.

;     (OPENLDK::|local-2|)
; 
; caught STYLE-WARNING:
;   The variable OPENLDK::|local-2| is defined but never used.

;     (OPENLDK::|local-3|)
; 
; caught STYLE-WARNING:
;   The variable OPENLDK::|local-3| is defined but never used.
; 
; compilation unit finished
;   caught 5 STYLE-WARNING conditions
WARNING:
   redefining OPENLDK::|ptypes()| (#<STANDARD-CLASS OPENLDK::|java/lang/invoke/MethodType|>) in DEFMETHOD
; in:
;      PROGN (DEFUN OPENLDK::|java/lang/invoke/MethodTypeForm.canonicalizeAll([Ljava/lang/Class;I)|
;               (OPENLDK::|arg0| OPENLDK::|arg1|)
;          "bridge=NIL"
;          (LET ((OPENLDK::|condition-cache|)
;                (OPENLDK::|s{22}|)
;                (OPENLDK::|s{21}|)
;                (OPENLDK::|s{20}|)
;                (OPENLDK::|s{19}|)
;                (OPENLDK::|s{18}|)
;                (OPENLDK::|s{17}|)
;                (OPENLDK::|s{16}|)
;                (OPENLDK::|s{15}|)
;                (OPENLDK::|s{13}|)
;                (OPENLDK::|s{12}|)
;                (OPENLDK::|s{11}|)
;                ...)
;            (HANDLER-BIND ((SB-INT:INVALID-ARRAY-INDEX-ERROR #) (TYPE-ERROR #))
;              (BLOCK NIL
;                (TAGBODY
;                 |branch-target-0|
;                  #
;                  #
;                  #
;                  #
;                  #
;                 |branch-target-8|
;                  #
;                  #
;                  #
;                 |branch-target-14| ...)))))
;     (OPENLDK::|condition-cache|)
; 
; caught STYLE-WARNING:
;   The variable OPENLDK::|condition-cache| is defined but never used.

;     (OPENLDK::|s{22}|)
; 
; caught STYLE-WARNING:
;   The variable OPENLDK::|s{22}| is assigned but never read.

;     (OPENLDK::|s{21}|)
; 
; caught STYLE-WARNING:
;   The variable OPENLDK::|s{21}| is assigned but never read.

;     (OPENLDK::|s{20}|)
; 
; caught STYLE-WARNING:
;   The variable OPENLDK::|s{20}| is assigned but never read.

;     (OPENLDK::|s{19}|)
; 
; caught STYLE-WARNING:
;   The variable OPENLDK::|s{19}| is assigned but never read.

;     (OPENLDK::|s{17}|)
; 
; caught STYLE-WARNING:
;   The variable OPENLDK::|s{17}| is assigned but never read.

;     (OPENLDK::|s{16}|)
; 
; caught STYLE-WARNING:
;   The variable OPENLDK::|s{16}| is assigned but never read.

;     (OPENLDK::|s{15}|)
; 
; caught STYLE-WARNING:
;   The variable OPENLDK::|s{15}| is assigned but never read.

;     (OPENLDK::|s{12}|)
; 
; caught STYLE-WARNING:
;   The variable OPENLDK::|s{12}| is assigned but never read.

;     (OPENLDK::|s{10}|)
; 
; caught STYLE-WARNING:
;   The variable OPENLDK::|s{10}| is assigned but never read.

;     (OPENLDK::|s{8}|)
; 
; caught STYLE-WARNING:
;   The variable OPENLDK::|s{8}| is assigned but never read.

;     (OPENLDK::|s{7}|)
; 
; caught STYLE-WARNING:
;   The variable OPENLDK::|s{7}| is assigned but never read.

;     (OPENLDK::|s{6}|)
; 
; caught STYLE-WARNING:
;   The variable OPENLDK::|s{6}| is assigned but never read.

;     (OPENLDK::|s{5}|)
; 
; caught STYLE-WARNING:
;   The variable OPENLDK::|s{5}| is assigned but never read.

;     (OPENLDK::|s{2}|)
; 
; caught STYLE-WARNING:
;   The variable OPENLDK::|s{2}| is assigned but never read.

;     (OPENLDK::|local-6|)
; 
; caught STYLE-WARNING:
;   The variable OPENLDK::|local-6| is defined but never used.

;     (OPENLDK::|local-7|)
; 
; caught STYLE-WARNING:
;   The variable OPENLDK::|local-7| is defined but never used.

;     (OPENLDK::|local-8|)
; 
; caught STYLE-WARNING:
;   The variable OPENLDK::|local-8| is defined but never used.

;     (SB-INT:INVALID-ARRAY-INDEX-ERROR
;      (LAMBDA (OPENLDK::E)
;        (ERROR
;         (OPENLDK::%LISP-CONDITION
;          (OPENLDK::%MAKE-THROWABLE
;           'OPENLDK::|java/lang/ArrayIndexOutOfBoundsException|)))))
; 
; caught STYLE-WARNING:
;   The variable OPENLDK::E is defined but never used.
; 
; compilation unit finished
;   caught 19 STYLE-WARNING conditions
WARNING:
   redefining OPENLDK::|java/lang/invoke/MethodTypeForm.canonicalizeAll([Ljava/lang/Class;I)| in DEFUN
; in:
;      PROGN (DEFMETHOD OPENLDK::|returnType()|
;                   ((OPENLDK::|this| OPENLDK::|java/lang/invoke/MethodType|))
;          (SETF OPENLDK::*FORCE-THIS-TO-BE-USED* OPENLDK::|this|)
;          "bridge=NIL"
;          (LET ((OPENLDK::|condition-cache|)
;                (OPENLDK::|s{2}|)
;                (OPENLDK::|s{1}|)
;                (OPENLDK::|local-0| OPENLDK::|this|)
;                (OPENLDK::|local-1|)
;                (OPENLDK::|local-2|)
;                (OPENLDK::|local-3|))
;            (BLOCK NIL
;              (TAGBODY
;               |branch-target-0|
;                (SETF #)
;                (SETF #)
;                (LET #
;                  #
;                  #)))))
;     (OPENLDK::|condition-cache|)
; 
; caught STYLE-WARNING:
;   The variable OPENLDK::|condition-cache| is defined but never used.

;     (OPENLDK::|s{1}|)
; 
; caught STYLE-WARNING:
;   The variable OPENLDK::|s{1}| is assigned but never read.

;     (OPENLDK::|local-1|)
; 
; caught STYLE-WARNING:
;   The variable OPENLDK::|local-1| is defined but never used.

;     (OPENLDK::|local-2|)
; 
; caught STYLE-WARNING:
;   The variable OPENLDK::|local-2| is defined but never used.

;     (OPENLDK::|local-3|)
; 
; caught STYLE-WARNING:
;   The variable OPENLDK::|local-3| is defined but never used.
; 
; compilation unit finished
;   caught 5 STYLE-WARNING conditions
WARNING:
   redefining OPENLDK::|returnType()| (#<STANDARD-CLASS OPENLDK::|java/lang/invoke/MethodType|>) in DEFMETHOD
; in:
;      PROGN (DEFUN OPENLDK::|java/lang/invoke/MethodTypeForm.canonicalize(Ljava/lang/Class;I)|
;               (OPENLDK::|arg0| OPENLDK::|arg1|)
;          "bridge=NIL"
;          (LET ((OPENLDK::|condition-cache|)
;                (OPENLDK::|s{42}|)
;                (OPENLDK::|s{40}|)
;                (OPENLDK::|s{39}|)
;                (OPENLDK::|s{38}|)
;                (OPENLDK::|s{37}|)
;                (OPENLDK::|s{36}|)
;                (OPENLDK::|s{35}|)
;                (OPENLDK::|s{34}|)
;                (OPENLDK::|s{33}|)
;                (OPENLDK::|s{32}|)
;                (OPENLDK::|s{30}|)
;                ...)
;            (BLOCK NIL
;              (TAGBODY
;               |branch-target-0|
;                (SETF #)
;                (WHEN # #)
;               |branch-target-6|
;                (GO |branch-target-231|)
;               |branch-target-231|
;                (LET #
;                  #
;                  #)
;               |branch-target-9|
;                (SETF #)
;                (SETF #)
;                (WHEN # #) ...))))
;     (OPENLDK::|condition-cache|)
; 
; caught STYLE-WARNING:
;   The variable OPENLDK::|condition-cache| is defined but never used.

;     (OPENLDK::|s{39}|)
; 
; caught STYLE-WARNING:
;   The variable OPENLDK::|s{39}| is assigned but never read.

;     (OPENLDK::|s{37}|)
; 
; caught STYLE-WARNING:
;   The variable OPENLDK::|s{37}| is assigned but never read.

;     (OPENLDK::|s{35}|)
; 
; caught STYLE-WARNING:
;   The variable OPENLDK::|s{35}| is assigned but never read.

;     (OPENLDK::|s{33}|)
; 
; caught STYLE-WARNING:
;   The variable OPENLDK::|s{33}| is assigned but never read.

;     (OPENLDK::|s{29}|)
; 
; caught STYLE-WARNING:
;   The variable OPENLDK::|s{29}| is assigned but never read.

;     (OPENLDK::|s{25}|)
; 
; caught STYLE-WARNING:
;   The variable OPENLDK::|s{25}| is assigned but never read.

;     (OPENLDK::|s{22}|)
; 
; caught STYLE-WARNING:
;   The variable OPENLDK::|s{22}| is assigned but never read.

;     (OPENLDK::|s{20}|)
; 
; caught STYLE-WARNING:
;   The variable OPENLDK::|s{20}| is assigned but never read.

;     (OPENLDK::|s{18}|)
; 
; caught STYLE-WARNING:
;   The variable OPENLDK::|s{18}| is assigned but never read.

;     (OPENLDK::|s{17}|)
; 
; caught STYLE-WARNING:
;   The variable OPENLDK::|s{17}| is assigned but never read.

;     (OPENLDK::|s{14}|)
; 
; caught STYLE-WARNING:
;   The variable OPENLDK::|s{14}| is assigned but never read.

;     (OPENLDK::|s{12}|)
; 
; caught STYLE-WARNING:
;   The variable OPENLDK::|s{12}| is assigned but never read.

;     (OPENLDK::|s{10}|)
; 
; caught STYLE-WARNING:
;   The variable OPENLDK::|s{10}| is assigned but never read.

;     (OPENLDK::|s{9}|)
; 
; caught STYLE-WARNING:
;   The variable OPENLDK::|s{9}| is assigned but never read.

;     (OPENLDK::|s{8}|)
; 
; caught STYLE-WARNING:
;   The variable OPENLDK::|s{8}| is assigned but never read.

;     (OPENLDK::|s{6}|)
; 
; caught STYLE-WARNING:
;   The variable OPENLDK::|s{6}| is assigned but never read.

;     (OPENLDK::|s{5}|)
; 
; caught STYLE-WARNING:
;   The variable OPENLDK::|s{5}| is assigned but never read.

;     (OPENLDK::|s{3}|)
; 
; caught STYLE-WARNING:
;   The variable OPENLDK::|s{3}| is assigned but never read.

;     (OPENLDK::|s{1}|)
; 
; caught STYLE-WARNING:
;   The variable OPENLDK::|s{1}| is assigned but never read.

;     (OPENLDK::|local-3|)
; 
; caught STYLE-WARNING:
;   The variable OPENLDK::|local-3| is defined but never used.

;     (OPENLDK::|local-4|)
; 
; caught STYLE-WARNING:
;   The variable OPENLDK::|local-4| is defined but never used.

;     (OPENLDK::|local-5|)
; 
; caught STYLE-WARNING:
;   The variable OPENLDK::|local-5| is defined but never used.
; 
; compilation unit finished
;   caught 23 STYLE-WARNING conditions
WARNING:
   redefining OPENLDK::|java/lang/invoke/MethodTypeForm.canonicalize(Ljava/lang/Class;I)| in DEFUN
; in:
;      PROGN (DEFMETHOD OPENLDK::|<init>(Ljava/lang/invoke/MethodType;)|
;                   ((OPENLDK::|this| OPENLDK::|java/lang/invoke/MethodTypeForm|)
;                    OPENLDK::|arg1|)
;          (SETF OPENLDK::*FORCE-THIS-TO-BE-USED* OPENLDK::|this|)
;          "bridge=NIL"
;          (LET ((OPENLDK::|condition-cache|)
;                (OPENLDK::|s{210}|)
;                (OPENLDK::|s{208}|)
;                (OPENLDK::|s{207}|)
;                (OPENLDK::|s{205}|)
;                (OPENLDK::|s{204}|)
;                (OPENLDK::|s{203}|)
;                (OPENLDK::|s{202}|)
;                (OPENLDK::|s{201}|)
;                (OPENLDK::|s{200}|)
;                (OPENLDK::|s{199}|)
;                (OPENLDK::|s{196}|)
;                ...)
;            (HANDLER-BIND ((SB-INT:INVALID-ARRAY-INDEX-ERROR #) (TYPE-ERROR #))
;              (BLOCK NIL (TAGBODY |branch-target-0| # # # # # # # # # # ...)))))
;     (OPENLDK::|condition-cache|)
; 
; caught STYLE-WARNING:
;   The variable OPENLDK::|condition-cache| is assigned but never read.

;     (OPENLDK::|s{203}|)
; 
; caught STYLE-WARNING:
;   The variable OPENLDK::|s{203}| is assigned but never read.

;     (OPENLDK::|s{201}|)
; 
; caught STYLE-WARNING:
;   The variable OPENLDK::|s{201}| is assigned but never read.

;     (OPENLDK::|s{196}|)
; 
; caught STYLE-WARNING:
;   The variable OPENLDK::|s{196}| is assigned but never read.

;     (OPENLDK::|s{195}|)
; 
; caught STYLE-WARNING:
;   The variable OPENLDK::|s{195}| is assigned but never read.

;     (OPENLDK::|s{193}|)
; 
; caught STYLE-WARNING:
;   The variable OPENLDK::|s{193}| is assigned but never read.

;     (OPENLDK::|s{190}|)
; 
; caught STYLE-WARNING:
;   The variable OPENLDK::|s{190}| is assigned but never read.

;     (OPENLDK::|s{189}|)
; 
; caught STYLE-WARNING:
;   The variable OPENLDK::|s{189}| is assigned but never read.

;     (OPENLDK::|s{188}|)
; 
; caught STYLE-WARNING:
;   The variable OPENLDK::|s{188}| is assigned but never read.

;     (OPENLDK::|s{187}|)
; 
; caught STYLE-WARNING:
;   The variable OPENLDK::|s{187}| is assigned but never read.

;     (OPENLDK::|s{184}|)
; 
; caught STYLE-WARNING:
;   The variable OPENLDK::|s{184}| is assigned but never read.

;     (OPENLDK::|s{183}|)
; 
; caught STYLE-WARNING:
;   The variable OPENLDK::|s{183}| is assigned but never read.

;     (OPENLDK::|s{182}|)
; 
; caught STYLE-WARNING:
;   The variable OPENLDK::|s{182}| is assigned but never read.

;     (OPENLDK::|s{181}|)
; 
; caught STYLE-WARNING:
;   The variable OPENLDK::|s{181}| is assigned but never read.

;     (OPENLDK::|s{179}|)
; 
; caught STYLE-WARNING:
;   The variable OPENLDK::|s{179}| is assigned but never read.

;     (OPENLDK::|s{177}|)
; 
; caught STYLE-WARNING:
;   The variable OPENLDK::|s{177}| is assigned but never read.

;     (OPENLDK::|s{175}|)
; 
; caught STYLE-WARNING:
;   The variable OPENLDK::|s{175}| is assigned but never read.

;     (OPENLDK::|s{172}|)
; 
; caught STYLE-WARNING:
;   The variable OPENLDK::|s{172}| is assigned but never read.

;     (OPENLDK::|s{171}|)
; 
; caught STYLE-WARNING:
;   The variable OPENLDK::|s{171}| is assigned but never read.

;     (OPENLDK::|s{170}|)
; 
; caught STYLE-WARNING:
;   The variable OPENLDK::|s{170}| is assigned but never read.

;     (OPENLDK::|s{169}|)
; 
; caught STYLE-WARNING:
;   The variable OPENLDK::|s{169}| is assigned but never read.

;     (OPENLDK::|s{168}|)
; 
; caught STYLE-WARNING:
;   The variable OPENLDK::|s{168}| is assigned but never read.

;     (OPENLDK::|s{166}|)
; 
; caught STYLE-WARNING:
;   The variable OPENLDK::|s{166}| is assigned but never read.

;     (OPENLDK::|s{164}|)
; 
; caught STYLE-WARNING:
;   The variable OPENLDK::|s{164}| is assigned but never read.

;     (OPENLDK::|s{161}|)
; 
; caught STYLE-WARNING:
;   The variable OPENLDK::|s{161}| is assigned but never read.

;     (OPENLDK::|s{156}|)
; 
; caught STYLE-WARNING:
;   The variable OPENLDK::|s{156}| is assigned but never read.

;     (OPENLDK::|s{155}|)
; 
; caught STYLE-WARNING:
;   The variable OPENLDK::|s{155}| is assigned but never read.

;     (OPENLDK::|s{153}|)
; 
; caught STYLE-WARNING:
;   The variable OPENLDK::|s{153}| is assigned but never read.

;     (OPENLDK::|s{151}|)
; 
; caught STYLE-WARNING:
;   The variable OPENLDK::|s{151}| is assigned but never read.

;     (OPENLDK::|s{149}|)
; 
; caught STYLE-WARNING:
;   The variable OPENLDK::|s{149}| is assigned but never read.

;     (OPENLDK::|s{148}|)
; 
; caught STYLE-WARNING:
;   The variable OPENLDK::|s{148}| is assigned but never read.

;     (OPENLDK::|s{144}|)
; 
; caught STYLE-WARNING:
;   The variable OPENLDK::|s{144}| is assigned but never read.

;     (OPENLDK::|s{142}|)
; 
; caught STYLE-WARNING:
;   The variable OPENLDK::|s{142}| is assigned but never read.

;     (OPENLDK::|s{141}|)
; 
; caught STYLE-WARNING:
;   The variable OPENLDK::|s{141}| is assigned but never read.

;     (OPENLDK::|s{139}|)
; 
; caught STYLE-WARNING:
;   The variable OPENLDK::|s{139}| is assigned but never read.

;     (OPENLDK::|s{137}|)
; 
; caught STYLE-WARNING:
;   The variable OPENLDK::|s{137}| is assigned but never read.

;     (OPENLDK::|s{135}|)
; 
; caught STYLE-WARNING:
;   The variable OPENLDK::|s{135}| is assigned but never read.

;     (OPENLDK::|s{133}|)
; 
; caught STYLE-WARNING:
;   The variable OPENLDK::|s{133}| is assigned but never read.

;     (OPENLDK::|s{131}|)
; 
; caught STYLE-WARNING:
;   The variable OPENLDK::|s{131}| is assigned but never read.

;     (OPENLDK::|s{128}|)
; 
; caught STYLE-WARNING:
;   The variable OPENLDK::|s{128}| is assigned but never read.

;     (OPENLDK::|s{127}|)
; 
; caught STYLE-WARNING:
;   The variable OPENLDK::|s{127}| is assigned but never read.

;     (OPENLDK::|s{126}|)
; 
; caught STYLE-WARNING:
;   The variable OPENLDK::|s{126}| is assigned but never read.

;     (OPENLDK::|s{124}|)
; 
; caught STYLE-WARNING:
;   The variable OPENLDK::|s{124}| is assigned but never read.

;     (OPENLDK::|s{122}|)
; 
; caught STYLE-WARNING:
;   The variable OPENLDK::|s{122}| is assigned but never read.

;     (OPENLDK::|s{120}|)
; 
; caught STYLE-WARNING:
;   The variable OPENLDK::|s{120}| is assigned but never read.

;     (OPENLDK::|s{119}|)
; 
; caught STYLE-WARNING:
;   The variable OPENLDK::|s{119}| is assigned but never read.

;     (OPENLDK::|s{117}|)
; 
; caught STYLE-WARNING:
;   The variable OPENLDK::|s{117}| is assigned but never read.

;     (OPENLDK::|s{116}|)
; 
; caught STYLE-WARNING:
;   The variable OPENLDK::|s{116}| is assigned but never read.

;     (OPENLDK::|s{114}|)
; 
; caught STYLE-WARNING:
;   The variable OPENLDK::|s{114}| is assigned but never read.

;     (OPENLDK::|s{112}|)
; 
; caught STYLE-WARNING:
;   The variable OPENLDK::|s{112}| is assigned but never read.

;     (OPENLDK::|s{109}|)
; 
; caught STYLE-WARNING:
;   The variable OPENLDK::|s{109}| is assigned but never read.

;     (OPENLDK::|s{104}|)
; 
; caught STYLE-WARNING:
;   The variable OPENLDK::|s{104}| is assigned but never read.

;     (OPENLDK::|s{102}|)
; 
; caught STYLE-WARNING:
;   The variable OPENLDK::|s{102}| is assigned but never read.

;     (OPENLDK::|s{101}|)
; 
; caught STYLE-WARNING:
;   The variable OPENLDK::|s{101}| is assigned but never read.

;     (OPENLDK::|s{100}|)
; 
; caught STYLE-WARNING:
;   The variable OPENLDK::|s{100}| is assigned but never read.

;     (OPENLDK::|s{94}|)
; 
; caught STYLE-WARNING:
;   The variable OPENLDK::|s{94}| is assigned but never read.

;     (OPENLDK::|s{91}|)
; 
; caught STYLE-WARNING:
;   The variable OPENLDK::|s{91}| is assigned but never read.

;     (OPENLDK::|s{88}|)
; 
; caught STYLE-WARNING:
;   The variable OPENLDK::|s{88}| is assigned but never read.

;     (OPENLDK::|s{85}|)
; 
; caught STYLE-WARNING:
;   The variable OPENLDK::|s{85}| is assigned but never read.

;     (OPENLDK::|s{82}|)
; 
; caught STYLE-WARNING:
;   The variable OPENLDK::|s{82}| is assigned but never read.

;     (OPENLDK::|s{81}|)
; 
; caught STYLE-WARNING:
;   The variable OPENLDK::|s{81}| is assigned but never read.

;     (OPENLDK::|s{77}|)
; 
; caught STYLE-WARNING:
;   The variable OPENLDK::|s{77}| is assigned but never read.

;     (OPENLDK::|s{74}|)
; 
; caught STYLE-WARNING:
;   The variable OPENLDK::|s{74}| is assigned but never read.

;     (OPENLDK::|s{73}|)
; 
; caught STYLE-WARNING:
;   The variable OPENLDK::|s{73}| is assigned but never read.

;     (OPENLDK::|s{71}|)
; 
; caught STYLE-WARNING:
;   The variable OPENLDK::|s{71}| is assigned but never read.

;     (OPENLDK::|s{69}|)
; 
; caught STYLE-WARNING:
;   The variable OPENLDK::|s{69}| is assigned but never read.

;     (OPENLDK::|s{68}|)
; 
; caught STYLE-WARNING:
;   The variable OPENLDK::|s{68}| is assigned but never read.

;     (OPENLDK::|s{67}|)
; 
; caught STYLE-WARNING:
;   The variable OPENLDK::|s{67}| is assigned but never read.

;     (OPENLDK::|s{66}|)
; 
; caught STYLE-WARNING:
;   The variable OPENLDK::|s{66}| is assigned but never read.

;     (OPENLDK::|s{64}|)
; 
; caught STYLE-WARNING:
;   The variable OPENLDK::|s{64}| is assigned but never read.

;     (OPENLDK::|s{63}|)
; 
; caught STYLE-WARNING:
;   The variable OPENLDK::|s{63}| is assigned but never read.

;     (OPENLDK::|s{60}|)
; 
; caught STYLE-WARNING:
;   The variable OPENLDK::|s{60}| is assigned but never read.

;     (OPENLDK::|s{57}|)
; 
; caught STYLE-WARNING:
;   The variable OPENLDK::|s{57}| is assigned but never read.

;     (OPENLDK::|s{55}|)
; 
; caught STYLE-WARNING:
;   The variable OPENLDK::|s{55}| is assigned but never read.

;     (OPENLDK::|s{53}|)
; 
; caught STYLE-WARNING:
;   The variable OPENLDK::|s{53}| is assigned but never read.

;     (OPENLDK::|s{51}|)
; 
; caught STYLE-WARNING:
;   The variable OPENLDK::|s{51}| is assigned but never read.

;     (OPENLDK::|s{49}|)
; 
; caught STYLE-WARNING:
;   The variable OPENLDK::|s{49}| is assigned but never read.

;     (OPENLDK::|s{48}|)
; 
; caught STYLE-WARNING:
;   The variable OPENLDK::|s{48}| is assigned but never read.

;     (OPENLDK::|s{46}|)
; 
; caught STYLE-WARNING:
;   The variable OPENLDK::|s{46}| is assigned but never read.

;     (OPENLDK::|s{44}|)
; 
; caught STYLE-WARNING:
;   The variable OPENLDK::|s{44}| is assigned but never read.

;     (OPENLDK::|s{43}|)
; 
; caught STYLE-WARNING:
;   The variable OPENLDK::|s{43}| is assigned but never read.

;     (OPENLDK::|s{41}|)
; 
; caught STYLE-WARNING:
;   The variable OPENLDK::|s{41}| is assigned but never read.

;     (OPENLDK::|s{40}|)
; 
; caught STYLE-WARNING:
;   The variable OPENLDK::|s{40}| is assigned but never read.

;     (OPENLDK::|s{38}|)
; 
; caught STYLE-WARNING:
;   The variable OPENLDK::|s{38}| is assigned but never read.

;     (OPENLDK::|s{37}|)
; 
; caught STYLE-WARNING:
;   The variable OPENLDK::|s{37}| is assigned but never read.

;     (OPENLDK::|s{36}|)
; 
; caught STYLE-WARNING:
;   The variable OPENLDK::|s{36}| is assigned but never read.

;     (OPENLDK::|s{34}|)
; 
; caught STYLE-WARNING:
;   The variable OPENLDK::|s{34}| is assigned but never read.

;     (OPENLDK::|s{32}|)
; 
; caught STYLE-WARNING:
;   The variable OPENLDK::|s{32}| is assigned but never read.

;     (OPENLDK::|s{30}|)
; 
; caught STYLE-WARNING:
;   The variable OPENLDK::|s{30}| is assigned but never read.

;     (OPENLDK::|s{28}|)
; 
; caught STYLE-WARNING:
;   The variable OPENLDK::|s{28}| is assigned but never read.

;     (OPENLDK::|s{26}|)
; 
; caught STYLE-WARNING:
;   The variable OPENLDK::|s{26}| is assigned but never read.

;     (OPENLDK::|s{24}|)
; 
; caught STYLE-WARNING:
;   The variable OPENLDK::|s{24}| is assigned but never read.

;     (OPENLDK::|s{23}|)
; 
; caught STYLE-WARNING:
;   The variable OPENLDK::|s{23}| is assigned but never read.

;     (OPENLDK::|s{21}|)
; 
; caught STYLE-WARNING:
;   The variable OPENLDK::|s{21}| is assigned but never read.

;     (OPENLDK::|s{20}|)
; 
; caught STYLE-WARNING:
;   The variable OPENLDK::|s{20}| is assigned but never read.

;     (OPENLDK::|s{18}|)
; 
; caught STYLE-WARNING:
;   The variable OPENLDK::|s{18}| is assigned but never read.

;     (OPENLDK::|s{17}|)
; 
; caught STYLE-WARNING:
;   The variable OPENLDK::|s{17}| is assigned but never read.

;     (OPENLDK::|s{8}|)
; 
; caught STYLE-WARNING:
;   The variable OPENLDK::|s{8}| is assigned but never read.

;     (OPENLDK::|s{6}|)
; 
; caught STYLE-WARNING:
;   The variable OPENLDK::|s{6}| is assigned but never read.

;     (OPENLDK::|s{4}|)
; 
; caught STYLE-WARNING:
;   The variable OPENLDK::|s{4}| is assigned but never read.

;     (OPENLDK::|s{3}|)
; 
; caught STYLE-WARNING:
;   The variable OPENLDK::|s{3}| is assigned but never read.

;     (OPENLDK::|s{1}|)
; 
; caught STYLE-WARNING:
;   The variable OPENLDK::|s{1}| is assigned but never read.

;     (OPENLDK::|local-21|)
; 
; caught STYLE-WARNING:
;   The variable OPENLDK::|local-21| is defined but never used.

;     (OPENLDK::|local-22|)
; 
; caught STYLE-WARNING:
;   The variable OPENLDK::|local-22| is defined but never used.

;     (OPENLDK::|local-23|)
; 
; caught STYLE-WARNING:
;   The variable OPENLDK::|local-23| is defined but never used.

;     (SB-INT:INVALID-ARRAY-INDEX-ERROR
;      (LAMBDA (OPENLDK::E)
;        (ERROR
;         (OPENLDK::%LISP-CONDITION
;          (OPENLDK::%MAKE-THROWABLE
;           'OPENLDK::|java/lang/ArrayIndexOutOfBoundsException|)))))
; 
; caught STYLE-WARNING:
;   The variable OPENLDK::E is defined but never used.
; 
; compilation unit finished
;   caught 106 STYLE-WARNING conditions
WARNING:
   redefining OPENLDK::|<init>(Ljava/lang/invoke/MethodType;)| (#<STANDARD-CLASS OPENLDK::|java/lang/invoke/MethodTypeForm|>
                                                                #<SB-PCL:SYSTEM-CLASS COMMON-LISP:T>) in DEFMETHOD
; in:
;      PROGN (DEFUN OPENLDK::|java/lang/invoke/MethodTypeForm.pack(IIII)|
;               (OPENLDK::|arg0| OPENLDK::|arg1| OPENLDK::|arg2| OPENLDK::|arg3|)
;          "bridge=NIL"
;          (LET ((OPENLDK::|condition-cache|)
;                (OPENLDK::|s{27}|)
;                (OPENLDK::|s{24}|)
;                (OPENLDK::|s{21}|)
;                (OPENLDK::|s{18}|)
;                (OPENLDK::|s{15}|)
;                (OPENLDK::|s{12}|)
;                (OPENLDK::|s{11}|)
;                (OPENLDK::|s{7}|)
;                (OPENLDK::|s{5}|)
;                (OPENLDK::|s{3}|)
;                (OPENLDK::|s{2}|)
;                ...)
;            (BLOCK NIL
;              (TAGBODY
;               |branch-target-0|
;                (UNLESS # #)
;                (SETF #)
;                (WHEN # #)
;               |branch-target-6|
;                (SETF #)
;                (SETF #)
;                (SETF #)
;                (SETF #)
;                (WHEN # #)
;               |branch-target-19| ...))))
;     (OPENLDK::OP1
;      (LOGAND
;       (LET* ((OPENLDK::LONG-VALUE #)
;              (OPENLDK::SHIFT-AMOUNT #)
;              (OPENLDK::RESULT #))
;         (OPENLDK::%LONG-TO-SIGNED OPENLDK::RESULT))
;       18446744073709551615))
; 
; caught STYLE-WARNING:
;   The variable OPENLDK::OP1 is defined but never used.

;     (OPENLDK::OP2 (LOGAND OPENLDK::|local-6| 18446744073709551615))
; 
; caught STYLE-WARNING:
;   The variable OPENLDK::OP2 is defined but never used.

;     (OPENLDK::|condition-cache|)
; 
; caught STYLE-WARNING:
;   The variable OPENLDK::|condition-cache| is assigned but never read.

;     (OPENLDK::|s{27}|)
; 
; caught STYLE-WARNING:
;   The variable OPENLDK::|s{27}| is assigned but never read.

;     (OPENLDK::|s{24}|)
; 
; caught STYLE-WARNING:
;   The variable OPENLDK::|s{24}| is assigned but never read.

;     (OPENLDK::|s{21}|)
; 
; caught STYLE-WARNING:
;   The variable OPENLDK::|s{21}| is assigned but never read.

;     (OPENLDK::|s{18}|)
; 
; caught STYLE-WARNING:
;   The variable OPENLDK::|s{18}| is assigned but never read.

;     (OPENLDK::|s{15}|)
; 
; caught STYLE-WARNING:
;   The variable OPENLDK::|s{15}| is assigned but never read.

;     (OPENLDK::|s{12}|)
; 
; caught STYLE-WARNING:
;   The variable OPENLDK::|s{12}| is assigned but never read.

;     (OPENLDK::|s{7}|)
; 
; caught STYLE-WARNING:
;   The variable OPENLDK::|s{7}| is assigned but never read.

;     (OPENLDK::|s{5}|)
; 
; caught STYLE-WARNING:
;   The variable OPENLDK::|s{5}| is assigned but never read.

;     (OPENLDK::|s{3}|)
; 
; caught STYLE-WARNING:
;   The variable OPENLDK::|s{3}| is assigned but never read.

;     (OPENLDK::|s{2}|)
; 
; caught STYLE-WARNING:
;   The variable OPENLDK::|s{2}| is assigned but never read.

;     (OPENLDK::|local-5|)
; 
; caught STYLE-WARNING:
;   The variable OPENLDK::|local-5| is defined but never used.

;     (OPENLDK::|local-7|)
; 
; caught STYLE-WARNING:
;   The variable OPENLDK::|local-7| is defined but never used.

;     (OPENLDK::|local-8|)
; 
; caught STYLE-WARNING:
;   The variable OPENLDK::|local-8| is defined but never used.

;     (OPENLDK::|local-9|)
; 
; caught STYLE-WARNING:
;   The variable OPENLDK::|local-9| is defined but never used.

;     (OPENLDK::|local-10|)
; 
; caught STYLE-WARNING:
;   The variable OPENLDK::|local-10| is defined but never used.
; 
; compilation unit finished
;   caught 18 STYLE-WARNING conditions
WARNING:
   redefining OPENLDK::|java/lang/invoke/MethodTypeForm.pack(IIII)| in DEFUN
; in:
;      PROGN (DEFMETHOD OPENLDK::|add(Ljava/lang/Object;)|
;                   (
;                    (OPENLDK::|this|
;                     OPENLDK::|java/lang/invoke/MethodType$ConcurrentWeakInternSet|)
;                    OPENLDK::|arg1|)
;          (SETF OPENLDK::*FORCE-THIS-TO-BE-USED* OPENLDK::|this|)
;          "bridge=NIL"
;          (LET ((OPENLDK::|condition-cache|)
;                (OPENLDK::|s{18}|)
;                (OPENLDK::|s{17}|)
;                (OPENLDK::|s{15}|)
;                (OPENLDK::|s{14,16}|)
;                (OPENLDK::|s{13}|)
;                (OPENLDK::|s{12}|)
;                (OPENLDK::|s{11}|)
;                (OPENLDK::|s{10}|)
;                (OPENLDK::|s{9}|)
;                (OPENLDK::|s{8}|)
;                (OPENLDK::|s{7}|)
;                ...)
;            (BLOCK NIL
;              (TAGBODY
;               |branch-target-0|
;                (SETF #)
;                (WHEN # #)
;               |branch-target-4|
;                (SETF #)
;                (OPENLDK::INVOKE-SPECIAL 'OPENLDK::|<init>()|
;                                         'OPENLDK::|java/lang/NullPointerException|
;                                         #)
;                (LET #
;                  #
;                  #)
;               |branch-target-12|
;                (SETF #)
;                (SETF #)
;                (SETF #) ...))))
;     (OPENLDK::|condition-cache|)
; 
; caught STYLE-WARNING:
;   The variable OPENLDK::|condition-cache| is assigned but never read.

;     (OPENLDK::|s{18}|)
; 
; caught STYLE-WARNING:
;   The variable OPENLDK::|s{18}| is assigned but never read.

;     (OPENLDK::|s{17}|)
; 
; caught STYLE-WARNING:
;   The variable OPENLDK::|s{17}| is assigned but never read.

;     (OPENLDK::|s{15}|)
; 
; caught STYLE-WARNING:
;   The variable OPENLDK::|s{15}| is assigned but never read.

;     (OPENLDK::|s{13}|)
; 
; caught STYLE-WARNING:
;   The variable OPENLDK::|s{13}| is assigned but never read.

;     (OPENLDK::|s{11}|)
; 
; caught STYLE-WARNING:
;   The variable OPENLDK::|s{11}| is assigned but never read.

;     (OPENLDK::|s{10}|)
; 
; caught STYLE-WARNING:
;   The variable OPENLDK::|s{10}| is assigned but never read.

;     (OPENLDK::|s{8}|)
; 
; caught STYLE-WARNING:
;   The variable OPENLDK::|s{8}| is assigned but never read.

;     (OPENLDK::|s{7}|)
; 
; caught STYLE-WARNING:
;   The variable OPENLDK::|s{7}| is assigned but never read.

;     (OPENLDK::|s{5}|)
; 
; caught STYLE-WARNING:
;   The variable OPENLDK::|s{5}| is assigned but never read.

;     (OPENLDK::|s{4}|)
; 
; caught STYLE-WARNING:
;   The variable OPENLDK::|s{4}| is assigned but never read.

;     (OPENLDK::|s{1}|)
; 
; caught STYLE-WARNING:
;   The variable OPENLDK::|s{1}| is assigned but never read.

;     (OPENLDK::|local-5|)
; 
; caught STYLE-WARNING:
;   The variable OPENLDK::|local-5| is defined but never used.

;     (OPENLDK::|local-6|)
; 
; caught STYLE-WARNING:
;   The variable OPENLDK::|local-6| is defined but never used.

;     (OPENLDK::|local-7|)
; 
; caught STYLE-WARNING:
;   The variable OPENLDK::|local-7| is defined but never used.
; 
; compilation unit finished
;   caught 15 STYLE-WARNING conditions
WARNING:
   redefining OPENLDK::|add(Ljava/lang/Object;)| (#<STANDARD-CLASS OPENLDK::|java/lang/invoke/MethodType$ConcurrentWeakInternSet|>
                                                  #<SB-PCL:SYSTEM-CLASS COMMON-LISP:T>) in DEFMETHOD
; in:
;      PROGN (DEFMETHOD OPENLDK::|<init>(Ljava/lang/Object;Ljava/lang/ref/ReferenceQueue;)|
;                   (
;                    (OPENLDK::|this|
;                     OPENLDK::|java/lang/invoke/MethodType$ConcurrentWeakInternSet$WeakEntry|)
;                    OPENLDK::|arg1| OPENLDK::|arg2|)
;          (SETF OPENLDK::*FORCE-THIS-TO-BE-USED* OPENLDK::|this|)
;          "bridge=NIL"
;          (LET ((OPENLDK::|condition-cache|)
;                (OPENLDK::|s{6}|)
;                (OPENLDK::|s{5}|)
;                (OPENLDK::|s{4}|)
;                (OPENLDK::|s{3}|)
;                (OPENLDK::|s{2}|)
;                (OPENLDK::|s{1}|)
;                (OPENLDK::|local-0| OPENLDK::|this|)
;                (OPENLDK::|local-1| OPENLDK::|arg1|)
;                (OPENLDK::|local-2| OPENLDK::|arg2|)
;                (OPENLDK::|local-3|)
;                (OPENLDK::|local-4|)
;                ...)
;            (BLOCK NIL
;              (TAGBODY
;               |branch-target-0|
;                (SETF #)
;                (SETF #)
;                (SETF #)
;                (OPENLDK::INVOKE-SPECIAL
;                 'OPENLDK::|<init>(Ljava/lang/Object;Ljava/lang/ref/ReferenceQueue;)|
;                 'OPENLDK::|java/lang/ref/WeakReference| #)
;                (SETF #)
;                (SETF #)
;                (SETF #)
;                (SETF #)
;                (RETURN)))))
;     (OPENLDK::|condition-cache|)
; 
; caught STYLE-WARNING:
;   The variable OPENLDK::|condition-cache| is defined but never used.

;     (OPENLDK::|s{5}|)
; 
; caught STYLE-WARNING:
;   The variable OPENLDK::|s{5}| is assigned but never read.

;     (OPENLDK::|s{3}|)
; 
; caught STYLE-WARNING:
;   The variable OPENLDK::|s{3}| is assigned but never read.

;     (OPENLDK::|s{2}|)
; 
; caught STYLE-WARNING:
;   The variable OPENLDK::|s{2}| is assigned but never read.

;     (OPENLDK::|s{1}|)
; 
; caught STYLE-WARNING:
;   The variable OPENLDK::|s{1}| is assigned but never read.

;     (OPENLDK::|local-3|)
; 
; caught STYLE-WARNING:
;   The variable OPENLDK::|local-3| is defined but never used.

;     (OPENLDK::|local-4|)
; 
; caught STYLE-WARNING:
;   The variable OPENLDK::|local-4| is defined but never used.

;     (OPENLDK::|local-5|)
; 
; caught STYLE-WARNING:
;   The variable OPENLDK::|local-5| is defined but never used.
; 
; compilation unit finished
;   caught 8 STYLE-WARNING conditions
WARNING:
   redefining OPENLDK::|<init>(Ljava/lang/Object;Ljava/lang/ref/ReferenceQueue;)| (#<STANDARD-CLASS OPENLDK::|java/lang/invoke/MethodType$ConcurrentWeakInternSet$WeakEntry|>
                                                                                   #<SB-PCL:SYSTEM-CLASS COMMON-LISP:T>
                                                                                   #<SB-PCL:SYSTEM-CLASS COMMON-LISP:T>) in DEFMETHOD
; in:
;      PROGN (DEFMETHOD OPENLDK::|form()|
;                   ((OPENLDK::|this| OPENLDK::|java/lang/invoke/MethodType|))
;          (SETF OPENLDK::*FORCE-THIS-TO-BE-USED* OPENLDK::|this|)
;          "bridge=NIL"
;          (LET ((OPENLDK::|condition-cache|)
;                (OPENLDK::|s{2}|)
;                (OPENLDK::|s{1}|)
;                (OPENLDK::|local-0| OPENLDK::|this|)
;                (OPENLDK::|local-1|)
;                (OPENLDK::|local-2|)
;                (OPENLDK::|local-3|))
;            (BLOCK NIL
;              (TAGBODY
;               |branch-target-0|
;                (SETF #)
;                (SETF #)
;                (LET #
;                  #
;                  #)))))
;     (OPENLDK::|condition-cache|)
; 
; caught STYLE-WARNING:
;   The variable OPENLDK::|condition-cache| is defined but never used.

;     (OPENLDK::|s{1}|)
; 
; caught STYLE-WARNING:
;   The variable OPENLDK::|s{1}| is assigned but never read.

;     (OPENLDK::|local-1|)
; 
; caught STYLE-WARNING:
;   The variable OPENLDK::|local-1| is defined but never used.

;     (OPENLDK::|local-2|)
; 
; caught STYLE-WARNING:
;   The variable OPENLDK::|local-2| is defined but never used.

;     (OPENLDK::|local-3|)
; 
; caught STYLE-WARNING:
;   The variable OPENLDK::|local-3| is defined but never used.
; 
; compilation unit finished
;   caught 5 STYLE-WARNING conditions
WARNING:
   redefining OPENLDK::|form()| (#<STANDARD-CLASS OPENLDK::|java/lang/invoke/MethodType|>) in DEFMETHOD
DI6: method-type=#<IR-OBJECT-LITERAL -1>
DI5: descriptor=()Ljava/util/function/Supplier;
DI7: parameter-count=0
DI8: dynamic-args=NIL
; in:
;      PROGN (DEFUN OPENLDK::|java/lang/invoke/MethodType.methodType(Ljava/lang/Class;[Ljava/lang/Class;)|
;               (OPENLDK::|arg0| OPENLDK::|arg1|)
;          "bridge=NIL"
;          (LET ((OPENLDK::|condition-cache|)
;                (OPENLDK::|s{4}|)
;                (OPENLDK::|s{2}|)
;                (OPENLDK::|s{1}|)
;                (OPENLDK::|local-0| OPENLDK::|arg0|)
;                (OPENLDK::|local-1| OPENLDK::|arg1|)
;                (OPENLDK::|local-2|)
;                (OPENLDK::|local-3|)
;                (OPENLDK::|local-4|))
;            (BLOCK NIL
;              (TAGBODY
;               |branch-target-0|
;                (SETF #)
;                (SETF #)
;                (UNLESS # #)
;                (SETF #)
;                (LET #
;                  #
;                  #)))))
;     (OPENLDK::|condition-cache|)
; 
; caught STYLE-WARNING:
;   The variable OPENLDK::|condition-cache| is defined but never used.

;     (OPENLDK::|s{2}|)
; 
; caught STYLE-WARNING:
;   The variable OPENLDK::|s{2}| is assigned but never read.

;     (OPENLDK::|s{1}|)
; 
; caught STYLE-WARNING:
;   The variable OPENLDK::|s{1}| is assigned but never read.

;     (OPENLDK::|local-2|)
; 
; caught STYLE-WARNING:
;   The variable OPENLDK::|local-2| is defined but never used.

;     (OPENLDK::|local-3|)
; 
; caught STYLE-WARNING:
;   The variable OPENLDK::|local-3| is defined but never used.

;     (OPENLDK::|local-4|)
; 
; caught STYLE-WARNING:
;   The variable OPENLDK::|local-4| is defined but never used.
; 
; compilation unit finished
;   caught 6 STYLE-WARNING conditions
WARNING:
   redefining OPENLDK::|java/lang/invoke/MethodType.methodType(Ljava/lang/Class;[Ljava/lang/Class;)| in DEFUN
; in:
;      PROGN (DEFMETHOD OPENLDK::|equals(Ljava/lang/Object;)|
;                   (
;                    (OPENLDK::|this|
;                     OPENLDK::|java/lang/invoke/MethodType$ConcurrentWeakInternSet$WeakEntry|)
;                    OPENLDK::|arg1|)
;          (SETF OPENLDK::*FORCE-THIS-TO-BE-USED* OPENLDK::|this|)
;          "bridge=NIL"
;          (LET ((OPENLDK::|condition-cache|)
;                (OPENLDK::|s{14}|)
;                (OPENLDK::|s{13}|)
;                (OPENLDK::|s{11,12,15}|)
;                (OPENLDK::|s{10}|)
;                (OPENLDK::|s{9}|)
;                (OPENLDK::|s{8}|)
;                (OPENLDK::|s{7}|)
;                (OPENLDK::|s{6}|)
;                (OPENLDK::|s{5}|)
;                (OPENLDK::|s{4}|)
;                (OPENLDK::|s{3}|)
;                ...)
;            (BLOCK NIL
;              (TAGBODY
;               |branch-target-0|
;                (SETF #)
;                (SETF #)
;                (WHEN # #)
;               |branch-target-7|
;                (SETF #)
;                (LET #
;                  #)
;                (SETF #)
;                (SETF #)
;                (SETF #)
;                (SETF #) ...))))
;     (OPENLDK::|condition-cache|)
; 
; caught STYLE-WARNING:
;   The variable OPENLDK::|condition-cache| is defined but never used.

;     (OPENLDK::|s{14}|)
; 
; caught STYLE-WARNING:
;   The variable OPENLDK::|s{14}| is assigned but never read.

;     (OPENLDK::|s{13}|)
; 
; caught STYLE-WARNING:
;   The variable OPENLDK::|s{13}| is assigned but never read.

;     (OPENLDK::|s{10}|)
; 
; caught STYLE-WARNING:
;   The variable OPENLDK::|s{10}| is assigned but never read.

;     (OPENLDK::|s{9}|)
; 
; caught STYLE-WARNING:
;   The variable OPENLDK::|s{9}| is assigned but never read.

;     (OPENLDK::|s{8}|)
; 
; caught STYLE-WARNING:
;   The variable OPENLDK::|s{8}| is assigned but never read.

;     (OPENLDK::|s{7}|)
; 
; caught STYLE-WARNING:
;   The variable OPENLDK::|s{7}| is assigned but never read.

;     (OPENLDK::|s{5}|)
; 
; caught STYLE-WARNING:
;   The variable OPENLDK::|s{5}| is assigned but never read.

;     (OPENLDK::|s{3}|)
; 
; caught STYLE-WARNING:
;   The variable OPENLDK::|s{3}| is assigned but never read.

;     (OPENLDK::|s{1}|)
; 
; caught STYLE-WARNING:
;   The variable OPENLDK::|s{1}| is assigned but never read.

;     (OPENLDK::|local-4|)
; 
; caught STYLE-WARNING:
;   The variable OPENLDK::|local-4| is defined but never used.

;     (OPENLDK::|local-5|)
; 
; caught STYLE-WARNING:
;   The variable OPENLDK::|local-5| is defined but never used.

;     (OPENLDK::|local-6|)
; 
; caught STYLE-WARNING:
;   The variable OPENLDK::|local-6| is defined but never used.
; 
; compilation unit finished
;   caught 13 STYLE-WARNING conditions
WARNING:
   redefining OPENLDK::|equals(Ljava/lang/Object;)| (#<STANDARD-CLASS OPENLDK::|java/lang/invoke/MethodType$ConcurrentWeakInternSet$WeakEntry|>
                                                     #<SB-PCL:SYSTEM-CLASS COMMON-LISP:T>) in DEFMETHOD
; in:
;      PROGN (DEFMETHOD OPENLDK::|equals(Ljava/lang/Object;)|
;                   ((OPENLDK::|this| OPENLDK::|java/lang/invoke/MethodType|)
;                    OPENLDK::|arg1|)
;          (SETF OPENLDK::*FORCE-THIS-TO-BE-USED* OPENLDK::|this|)
;          "bridge=NIL"
;          (LET ((OPENLDK::|condition-cache|)
;                (OPENLDK::|s{8,9}|)
;                (OPENLDK::|s{7}|)
;                (OPENLDK::|s{6}|)
;                (OPENLDK::|s{5}|)
;                (OPENLDK::|s{4}|)
;                (OPENLDK::|s{3}|)
;                (OPENLDK::|s{2}|)
;                (OPENLDK::|s{1}|)
;                (OPENLDK::|local-0| OPENLDK::|this|)
;                (OPENLDK::|local-1| OPENLDK::|arg1|)
;                (OPENLDK::|local-2|)
;                ...)
;            (BLOCK NIL
;              (TAGBODY
;               |branch-target-0|
;                (SETF #)
;                (SETF #)
;                (LET #
;                  #)
;               |branch-target-5|
;                (SETF #)
;                (SETF #)
;                (WHEN # #)
;               |branch-target-12|
;                (SETF #)
;                (SETF #) ...))))
;     (OPENLDK::|condition-cache|)
; 
; caught STYLE-WARNING:
;   The variable OPENLDK::|condition-cache| is defined but never used.

;     (OPENLDK::|s{6}|)
; 
; caught STYLE-WARNING:
;   The variable OPENLDK::|s{6}| is assigned but never read.

;     (OPENLDK::|s{5}|)
; 
; caught STYLE-WARNING:
;   The variable OPENLDK::|s{5}| is assigned but never read.

;     (OPENLDK::|s{3}|)
; 
; caught STYLE-WARNING:
;   The variable OPENLDK::|s{3}| is assigned but never read.

;     (OPENLDK::|s{2}|)
; 
; caught STYLE-WARNING:
;   The variable OPENLDK::|s{2}| is assigned but never read.

;     (OPENLDK::|s{1}|)
; 
; caught STYLE-WARNING:
;   The variable OPENLDK::|s{1}| is assigned but never read.

;     (OPENLDK::|local-2|)
; 
; caught STYLE-WARNING:
;   The variable OPENLDK::|local-2| is defined but never used.

;     (OPENLDK::|local-3|)
; 
; caught STYLE-WARNING:
;   The variable OPENLDK::|local-3| is defined but never used.

;     (OPENLDK::|local-4|)
; 
; caught STYLE-WARNING:
;   The variable OPENLDK::|local-4| is defined but never used.
; 
; compilation unit finished
;   caught 9 STYLE-WARNING conditions
WARNING:
   redefining OPENLDK::|equals(Ljava/lang/Object;)| (#<STANDARD-CLASS OPENLDK::|java/lang/invoke/MethodType|>
                                                     #<SB-PCL:SYSTEM-CLASS COMMON-LISP:T>) in DEFMETHOD
; in:
;      PROGN (DEFMETHOD OPENLDK::|equals(Ljava/lang/invoke/MethodType;)|
;                   ((OPENLDK::|this| OPENLDK::|java/lang/invoke/MethodType|)
;                    OPENLDK::|arg1|)
;          (SETF OPENLDK::*FORCE-THIS-TO-BE-USED* OPENLDK::|this|)
;          "bridge=NIL"
;          (LET ((OPENLDK::|condition-cache|)
;                (OPENLDK::|s{10,11}|)
;                (OPENLDK::|s{9}|)
;                (OPENLDK::|s{8}|)
;                (OPENLDK::|s{7}|)
;                (OPENLDK::|s{6}|)
;                (OPENLDK::|s{5}|)
;                (OPENLDK::|s{4}|)
;                (OPENLDK::|s{3}|)
;                (OPENLDK::|s{2}|)
;                (OPENLDK::|s{1}|)
;                (OPENLDK::|local-0| OPENLDK::|this|)
;                ...)
;            (BLOCK NIL
;              (TAGBODY
;               |branch-target-0|
;                (SETF #)
;                (SETF #)
;                (SETF #)
;                (SETF #)
;                (WHEN # #)
;               |branch-target-11|
;                (SETF #)
;                (SETF #)
;                (SETF #)
;                (SETF #) ...))))
;     (OPENLDK::|condition-cache|)
; 
; caught STYLE-WARNING:
;   The variable OPENLDK::|condition-cache| is defined but never used.

;     (OPENLDK::|s{7}|)
; 
; caught STYLE-WARNING:
;   The variable OPENLDK::|s{7}| is assigned but never read.

;     (OPENLDK::|s{5}|)
; 
; caught STYLE-WARNING:
;   The variable OPENLDK::|s{5}| is assigned but never read.

;     (OPENLDK::|s{3}|)
; 
; caught STYLE-WARNING:
;   The variable OPENLDK::|s{3}| is assigned but never read.

;     (OPENLDK::|s{1}|)
; 
; caught STYLE-WARNING:
;   The variable OPENLDK::|s{1}| is assigned but never read.

;     (OPENLDK::|local-2|)
; 
; caught STYLE-WARNING:
;   The variable OPENLDK::|local-2| is defined but never used.

;     (OPENLDK::|local-3|)
; 
; caught STYLE-WARNING:
;   The variable OPENLDK::|local-3| is defined but never used.

;     (OPENLDK::|local-4|)
; 
; caught STYLE-WARNING:
;   The variable OPENLDK::|local-4| is defined but never used.
; 
; compilation unit finished
;   caught 8 STYLE-WARNING conditions
WARNING:
   redefining OPENLDK::|equals(Ljava/lang/invoke/MethodType;)| (#<STANDARD-CLASS OPENLDK::|java/lang/invoke/MethodType|>
                                                                #<SB-PCL:SYSTEM-CLASS COMMON-LISP:T>) in DEFMETHOD
; in:
;      PROGN (DEFUN OPENLDK::|java/util/Arrays.equals([Ljava/lang/Object;[Ljava/lang/Object;)|
;               (OPENLDK::|arg0| OPENLDK::|arg1|)
;          "bridge=NIL"
;          (LET ((OPENLDK::|condition-cache|)
;                (OPENLDK::|s{26}|)
;                (OPENLDK::|s{25}|)
;                (OPENLDK::|s{24}|)
;                (OPENLDK::|s{23}|)
;                (OPENLDK::|s{22}|)
;                (OPENLDK::|s{21}|)
;                (OPENLDK::|s{20}|)
;                (OPENLDK::|s{19}|)
;                (OPENLDK::|s{18}|)
;                (OPENLDK::|s{17}|)
;                (OPENLDK::|s{16}|)
;                ...)
;            (HANDLER-BIND ((SB-INT:INVALID-ARRAY-INDEX-ERROR #) (TYPE-ERROR #))
;              (BLOCK NIL
;                (TAGBODY
;                 |branch-target-0|
;                  #
;                  #
;                  #
;                 |branch-target-5|
;                  #
;                 |branch-target-7|
;                  #
;                  #
;                 |branch-target-11|
;                  # ...)))))
;     (OPENLDK::|condition-cache|)
; 
; caught STYLE-WARNING:
;   The variable OPENLDK::|condition-cache| is defined but never used.

;     (OPENLDK::|s{25}|)
; 
; caught STYLE-WARNING:
;   The variable OPENLDK::|s{25}| is assigned but never read.

;     (OPENLDK::|s{24}|)
; 
; caught STYLE-WARNING:
;   The variable OPENLDK::|s{24}| is assigned but never read.

;     (OPENLDK::|s{23}|)
; 
; caught STYLE-WARNING:
;   The variable OPENLDK::|s{23}| is assigned but never read.

;     (OPENLDK::|s{22}|)
; 
; caught STYLE-WARNING:
;   The variable OPENLDK::|s{22}| is assigned but never read.

;     (OPENLDK::|s{20}|)
; 
; caught STYLE-WARNING:
;   The variable OPENLDK::|s{20}| is assigned but never read.

;     (OPENLDK::|s{19}|)
; 
; caught STYLE-WARNING:
;   The variable OPENLDK::|s{19}| is assigned but never read.

;     (OPENLDK::|s{17}|)
; 
; caught STYLE-WARNING:
;   The variable OPENLDK::|s{17}| is assigned but never read.

;     (OPENLDK::|s{16}|)
; 
; caught STYLE-WARNING:
;   The variable OPENLDK::|s{16}| is assigned but never read.

;     (OPENLDK::|s{15}|)
; 
; caught STYLE-WARNING:
;   The variable OPENLDK::|s{15}| is assigned but never read.

;     (OPENLDK::|s{14}|)
; 
; caught STYLE-WARNING:
;   The variable OPENLDK::|s{14}| is assigned but never read.

;     (OPENLDK::|s{11}|)
; 
; caught STYLE-WARNING:
;   The variable OPENLDK::|s{11}| is assigned but never read.

;     (OPENLDK::|s{9}|)
; 
; caught STYLE-WARNING:
;   The variable OPENLDK::|s{9}| is assigned but never read.

;     (OPENLDK::|s{7}|)
; 
; caught STYLE-WARNING:
;   The variable OPENLDK::|s{7}| is assigned but never read.

;     (OPENLDK::|s{5}|)
; 
; caught STYLE-WARNING:
;   The variable OPENLDK::|s{5}| is assigned but never read.

;     (OPENLDK::|s{4}|)
; 
; caught STYLE-WARNING:
;   The variable OPENLDK::|s{4}| is assigned but never read.

;     (OPENLDK::|s{2}|)
; 
; caught STYLE-WARNING:
;   The variable OPENLDK::|s{2}| is assigned but never read.

;     (OPENLDK::|s{1}|)
; 
; caught STYLE-WARNING:
;   The variable OPENLDK::|s{1}| is assigned but never read.

;     (OPENLDK::|local-6|)
; 
; caught STYLE-WARNING:
;   The variable OPENLDK::|local-6| is defined but never used.

;     (OPENLDK::|local-7|)
; 
; caught STYLE-WARNING:
;   The variable OPENLDK::|local-7| is defined but never used.

;     (OPENLDK::|local-8|)
; 
; caught STYLE-WARNING:
;   The variable OPENLDK::|local-8| is defined but never used.

;     (SB-INT:INVALID-ARRAY-INDEX-ERROR
;      (LAMBDA (OPENLDK::E)
;        (ERROR
;         (OPENLDK::%LISP-CONDITION
;          (OPENLDK::%MAKE-THROWABLE
;           'OPENLDK::|java/lang/ArrayIndexOutOfBoundsException|)))))
; 
; caught STYLE-WARNING:
;   The variable OPENLDK::E is defined but never used.
; 
; compilation unit finished
;   caught 22 STYLE-WARNING conditions
WARNING:
   redefining OPENLDK::|java/util/Arrays.equals([Ljava/lang/Object;[Ljava/lang/Object;)| in DEFUN
; in:
;      PROGN (DEFUN OPENLDK::|SimpleLambdaTest.main([Ljava/lang/String;)|
;               (OPENLDK::|arg0|)
;          "bridge=NIL"
;          (LET ((OPENLDK::|condition-cache|)
;                (OPENLDK::|s{5}|)
;                (OPENLDK::|s{4}|)
;                (OPENLDK::|s{3}|)
;                (OPENLDK::|s{2}|)
;                (OPENLDK::|s{1}|)
;                (OPENLDK::|local-0| OPENLDK::|arg0|)
;                (OPENLDK::|local-1|)
;                (OPENLDK::|local-2|)
;                (OPENLDK::|local-3|)
;                (OPENLDK::|local-4|)
;                (OPENLDK::|local-5|))
;            (BLOCK NIL
;              (TAGBODY
;               |branch-target-0|
;                (SETF #)
;                (SETF #)
;                (SETF #)
;                (SETF #)
;                (LET #
;                  #)
;                (SETF #)
;                (UNLESS # #)
;                (SETF #)
;                (SETF #)
;                (FUNCALL #'OPENLDK::|println(Ljava/lang/String;)|
;                         OPENLDK::|s{4}| OPENLDK::|local-2|) ...))))
;     (OPENLDK::|condition-cache|)
; 
; caught STYLE-WARNING:
;   The variable OPENLDK::|condition-cache| is defined but never used.

;     (OPENLDK::|s{5}|)
; 
; caught STYLE-WARNING:
;   The variable OPENLDK::|s{5}| is assigned but never read.

;     (OPENLDK::|s{2}|)
; 
; caught STYLE-WARNING:
;   The variable OPENLDK::|s{2}| is assigned but never read.

;     (OPENLDK::|local-0| OPENLDK::|arg0|)
; 
; caught STYLE-WARNING:
;   The variable OPENLDK::|local-0| is defined but never used.

;     (OPENLDK::|local-3|)
; 
; caught STYLE-WARNING:
;   The variable OPENLDK::|local-3| is defined but never used.

;     (OPENLDK::|local-4|)
; 
; caught STYLE-WARNING:
;   The variable OPENLDK::|local-4| is defined but never used.

;     (OPENLDK::|local-5|)
; 
; caught STYLE-WARNING:
;   The variable OPENLDK::|local-5| is defined but never used.
; in:
;      PROGN (DEFUN OPENLDK::|SimpleLambdaTest.main([Ljava/lang/String;)|
;               (OPENLDK::|arg0|)
;          "bridge=NIL"
;          (LET ((OPENLDK::|condition-cache|)
;                (OPENLDK::|s{5}|)
;                (OPENLDK::|s{4}|)
;                (OPENLDK::|s{3}|)
;                (OPENLDK::|s{2}|)
;                (OPENLDK::|s{1}|)
;                (OPENLDK::|local-0| OPENLDK::|arg0|)
;                (OPENLDK::|local-1|)
;                (OPENLDK::|local-2|)
;                (OPENLDK::|local-3|)
;                (OPENLDK::|local-4|)
;                (OPENLDK::|local-5|))
;            (BLOCK NIL
;              (TAGBODY
;               |branch-target-0|
;                (SETF #)
;                (SETF #)
;                (SETF #)
;                (SETF #)
;                (LET #
;                  #)
;                (SETF #)
;                (UNLESS # #)
;                (SETF #)
;                (SETF #)
;                (FUNCALL #'OPENLDK::|println(Ljava/lang/String;)|
;                         OPENLDK::|s{4}| OPENLDK::|local-2|) ...))))
;     (OPENLDK::|getTarget()| OPENLDK::CALLSITE)
; 
; caught STYLE-WARNING:
;   undefined function: OPENLDK::|getTarget()|
; 
; compilation unit finished
;   Undefined function:
;     OPENLDK::|getTarget()|
;   caught 8 STYLE-WARNING conditions
WARNING:
   redefining OPENLDK::|SimpleLambdaTest.main([Ljava/lang/String;)| in DEFUN
; in:
;      PROGN (DEFUN OPENLDK::|java/lang/invoke/MethodHandles.lookup()| ()
;          "bridge=NIL"
;          (LET ((OPENLDK::|condition-cache|)
;                (OPENLDK::|s{2}|)
;                (OPENLDK::|s{1}|)
;                (OPENLDK::|local-0|)
;                (OPENLDK::|local-1|)
;                (OPENLDK::|local-2|))
;            (BLOCK NIL
;              (TAGBODY
;               |branch-target-0|
;                (SETF #)
;                (UNLESS # #)
;                (SETF #)
;                (OPENLDK::INVOKE-SPECIAL 'OPENLDK::|<init>(Ljava/lang/Class;)|
;                                         'OPENLDK::|java/lang/invoke/MethodHandles$Lookup|
;                                         #)
;                (LET #
;                  #
;                  #)))))
;     (OPENLDK::|condition-cache|)
; 
; caught STYLE-WARNING:
;   The variable OPENLDK::|condition-cache| is defined but never used.

;     (OPENLDK::|local-0|)
; 
; caught STYLE-WARNING:
;   The variable OPENLDK::|local-0| is defined but never used.

;     (OPENLDK::|local-1|)
; 
; caught STYLE-WARNING:
;   The variable OPENLDK::|local-1| is defined but never used.

;     (OPENLDK::|local-2|)
; 
; caught STYLE-WARNING:
;   The variable OPENLDK::|local-2| is defined but never used.
; 
; compilation unit finished
;   caught 4 STYLE-WARNING conditions
WARNING: redefining OPENLDK::|java/lang/invoke/MethodHandles.lookup()| in DEFUN
; in:
;      PROGN (DEFMETHOD OPENLDK::|<init>(Ljava/lang/Class;)|
;                   (
;                    (OPENLDK::|this|
;                     OPENLDK::|java/lang/invoke/MethodHandles$Lookup|)
;                    OPENLDK::|arg1|)
;          (SETF OPENLDK::*FORCE-THIS-TO-BE-USED* OPENLDK::|this|)
;          "bridge=NIL"
;          (LET ((OPENLDK::|condition-cache|)
;                (OPENLDK::|s{4}|)
;                (OPENLDK::|s{2}|)
;                (OPENLDK::|s{1}|)
;                (OPENLDK::|local-0| OPENLDK::|this|)
;                (OPENLDK::|local-1| OPENLDK::|arg1|)
;                (OPENLDK::|local-2|)
;                (OPENLDK::|local-3|)
;                (OPENLDK::|local-4|))
;            (BLOCK NIL
;              (TAGBODY
;               |branch-target-0|
;                (SETF #)
;                (SETF #)
;                (OPENLDK::INVOKE-SPECIAL 'OPENLDK::|<init>(Ljava/lang/Class;I)|
;                                         'OPENLDK::|java/lang/invoke/MethodHandles$Lookup|
;                                         #)
;                (SETF #)
;                (UNLESS # #)
;                (APPLY
;                 #'OPENLDK::|java/lang/invoke/MethodHandles$Lookup.checkUnprivilegedlookupClass(Ljava/lang/Class;I)|
;                 #)
;                (RETURN)))))
;     (OPENLDK::|condition-cache|)
; 
; caught STYLE-WARNING:
;   The variable OPENLDK::|condition-cache| is defined but never used.

;     (OPENLDK::|s{4}|)
; 
; caught STYLE-WARNING:
;   The variable OPENLDK::|s{4}| is assigned but never read.

;     (OPENLDK::|s{2}|)
; 
; caught STYLE-WARNING:
;   The variable OPENLDK::|s{2}| is assigned but never read.

;     (OPENLDK::|s{1}|)
; 
; caught STYLE-WARNING:
;   The variable OPENLDK::|s{1}| is assigned but never read.

;     (OPENLDK::|local-2|)
; 
; caught STYLE-WARNING:
;   The variable OPENLDK::|local-2| is defined but never used.

;     (OPENLDK::|local-3|)
; 
; caught STYLE-WARNING:
;   The variable OPENLDK::|local-3| is defined but never used.

;     (OPENLDK::|local-4|)
; 
; caught STYLE-WARNING:
;   The variable OPENLDK::|local-4| is defined but never used.
; 
; compilation unit finished
;   caught 7 STYLE-WARNING conditions
WARNING:
   redefining OPENLDK::|<init>(Ljava/lang/Class;)| (#<STANDARD-CLASS OPENLDK::|java/lang/invoke/MethodHandles$Lookup|>
                                                    #<SB-PCL:SYSTEM-CLASS COMMON-LISP:T>) in DEFMETHOD
; in:
;      PROGN (DEFUN OPENLDK::|java/lang/invoke/MethodHandles$Lookup.checkUnprivilegedlookupClass(Ljava/lang/Class;I)|
;               (OPENLDK::|arg0| OPENLDK::|arg1|)
;          "bridge=NIL"
;          (LET ((OPENLDK::|condition-cache|)
;                (OPENLDK::|s{35}|)
;                (OPENLDK::|s{34}|)
;                (OPENLDK::|s{33}|)
;                (OPENLDK::|s{32}|)
;                (OPENLDK::|s{31}|)
;                (OPENLDK::|s{29}|)
;                (OPENLDK::|s{28}|)
;                (OPENLDK::|s{26}|)
;                (OPENLDK::|s{25}|)
;                (OPENLDK::|s{23}|)
;                (OPENLDK::|s{22}|)
;                ...)
;            (BLOCK NIL
;              (TAGBODY
;               |branch-target-0|
;                (SETF #)
;                (SETF #)
;                (SETF #)
;                (SETF #)
;                (SETF #)
;                (WHEN # #)
;               |branch-target-14|
;                (SETF #)
;                (OPENLDK::INVOKE-SPECIAL 'OPENLDK::|<init>()|
;                                         'OPENLDK::|java/lang/StringBuilder| #)
;                (SETF #) ...))))
;     (OPENLDK::|condition-cache|)
; 
; caught STYLE-WARNING:
;   The variable OPENLDK::|condition-cache| is assigned but never read.

;     (OPENLDK::|s{32}|)
; 
; caught STYLE-WARNING:
;   The variable OPENLDK::|s{32}| is assigned but never read.

;     (OPENLDK::|s{26}|)
; 
; caught STYLE-WARNING:
;   The variable OPENLDK::|s{26}| is assigned but never read.

;     (OPENLDK::|s{23}|)
; 
; caught STYLE-WARNING:
;   The variable OPENLDK::|s{23}| is assigned but never read.

;     (OPENLDK::|s{20}|)
; 
; caught STYLE-WARNING:
;   The variable OPENLDK::|s{20}| is assigned but never read.

;     (OPENLDK::|s{17}|)
; 
; caught STYLE-WARNING:
;   The variable OPENLDK::|s{17}| is assigned but never read.

;     (OPENLDK::|s{15}|)
; 
; caught STYLE-WARNING:
;   The variable OPENLDK::|s{15}| is assigned but never read.

;     (OPENLDK::|s{13}|)
; 
; caught STYLE-WARNING:
;   The variable OPENLDK::|s{13}| is assigned but never read.

;     (OPENLDK::|s{9}|)
; 
; caught STYLE-WARNING:
;   The variable OPENLDK::|s{9}| is assigned but never read.

;     (OPENLDK::|s{3}|)
; 
; caught STYLE-WARNING:
;   The variable OPENLDK::|s{3}| is assigned but never read.

;     (OPENLDK::|s{1}|)
; 
; caught STYLE-WARNING:
;   The variable OPENLDK::|s{1}| is assigned but never read.

;     (OPENLDK::|local-3|)
; 
; caught STYLE-WARNING:
;   The variable OPENLDK::|local-3| is defined but never used.

;     (OPENLDK::|local-4|)
; 
; caught STYLE-WARNING:
;   The variable OPENLDK::|local-4| is defined but never used.

;     (OPENLDK::|local-5|)
; 
; caught STYLE-WARNING:
;   The variable OPENLDK::|local-5| is defined but never used.
; 
; compilation unit finished
;   caught 14 STYLE-WARNING conditions
WARNING:
   redefining OPENLDK::|java/lang/invoke/MethodHandles$Lookup.checkUnprivilegedlookupClass(Ljava/lang/Class;I)| in DEFUN
%resolve-invokedynamic: method=get bootstrap=java/lang/invoke/LambdaMetafactory.metafactory(Ljava/lang/invoke/MethodHandles$Lookup;Ljava/lang/String;Ljava/lang/invoke/MethodType;Ljava/lang/invoke/MethodType;Ljava/lang/invoke/MethodHandle;Ljava/lang/invoke/MethodType;)
  Calling bootstrap method...
; in:
;      PROGN (DEFUN OPENLDK::|java/lang/invoke/LambdaMetafactory.metafactory(Ljava/lang/invoke/MethodHandles$Lookup;Ljava/lang/String;Ljava/lang/invoke/MethodType;Ljava/lang/invoke/MethodType;Ljava/lang/invoke/MethodHandle;Ljava/lang/invoke/MethodType;)|
;               (OPENLDK::|arg0| OPENLDK::|arg1| OPENLDK::|arg2| OPENLDK::|arg3|
;                OPENLDK::|arg4| OPENLDK::|arg5|)
;          "bridge=NIL"
;          (LET ((OPENLDK::|condition-cache|)
;                (OPENLDK::|s{13}|)
;                (OPENLDK::|s{12}|)
;                (OPENLDK::|s{11}|)
;                (OPENLDK::|s{10}|)
;                (OPENLDK::|s{9}|)
;                (OPENLDK::|s{7}|)
;                (OPENLDK::|s{6}|)
;                (OPENLDK::|s{5}|)
;                (OPENLDK::|s{4}|)
;                (OPENLDK::|s{3}|)
;                (OPENLDK::|s{2}|)
;                ...)
;            (BLOCK NIL
;              (TAGBODY
;               |branch-target-0|
;                (SETF #)
;                (SETF #)
;                (SETF #)
;                (SETF #)
;                (SETF #)
;                (SETF #)
;                (SETF #)
;                (UNLESS # #)
;                (SETF #)
;                (UNLESS # #) ...))))
;     (OPENLDK::|condition-cache|)
; 
; caught STYLE-WARNING:
;   The variable OPENLDK::|condition-cache| is defined but never used.

;     (OPENLDK::|s{12}|)
; 
; caught STYLE-WARNING:
;   The variable OPENLDK::|s{12}| is assigned but never read.

;     (OPENLDK::|s{11}|)
; 
; caught STYLE-WARNING:
;   The variable OPENLDK::|s{11}| is assigned but never read.

;     (OPENLDK::|s{7}|)
; 
; caught STYLE-WARNING:
;   The variable OPENLDK::|s{7}| is assigned but never read.

;     (OPENLDK::|s{6}|)
; 
; caught STYLE-WARNING:
;   The variable OPENLDK::|s{6}| is assigned but never read.

;     (OPENLDK::|s{5}|)
; 
; caught STYLE-WARNING:
;   The variable OPENLDK::|s{5}| is assigned but never read.

;     (OPENLDK::|s{4}|)
; 
; caught STYLE-WARNING:
;   The variable OPENLDK::|s{4}| is assigned but never read.

;     (OPENLDK::|s{3}|)
; 
; caught STYLE-WARNING:
;   The variable OPENLDK::|s{3}| is assigned but never read.

;     (OPENLDK::|s{2}|)
; 
; caught STYLE-WARNING:
;   The variable OPENLDK::|s{2}| is assigned but never read.

;     (OPENLDK::|local-7|)
; 
; caught STYLE-WARNING:
;   The variable OPENLDK::|local-7| is defined but never used.

;     (OPENLDK::|local-8|)
; 
; caught STYLE-WARNING:
;   The variable OPENLDK::|local-8| is defined but never used.

;     (OPENLDK::|local-9|)
; 
; caught STYLE-WARNING:
;   The variable OPENLDK::|local-9| is defined but never used.
; 
; compilation unit finished
;   caught 12 STYLE-WARNING conditions
WARNING:
   redefining OPENLDK::|java/lang/invoke/LambdaMetafactory.metafactory(Ljava/lang/invoke/MethodHandles$Lookup;Ljava/lang/String;Ljava/lang/invoke/MethodType;Ljava/lang/invoke/MethodType;Ljava/lang/invoke/MethodHandle;Ljava/lang/invoke/MethodType;)| in DEFUN
; in:
;      PROGN (DEFUN OPENLDK::|java/lang/invoke/LambdaMetafactory.<clinit>()| ()
;          "bridge=NIL"
;          (LET ((OPENLDK::|condition-cache|)
;                (OPENLDK::|s{4}|)
;                (OPENLDK::|s{2}|)
;                (OPENLDK::|local-0|)
;                (OPENLDK::|local-1|)
;                (OPENLDK::|local-2|))
;            (BLOCK NIL
;              (TAGBODY
;               |branch-target-0|
;                (SETF #)
;                (SETF #)
;                (SETF #)
;                (SETF #)
;                (RETURN)))))
;     (OPENLDK::|condition-cache|)
; 
; caught STYLE-WARNING:
;   The variable OPENLDK::|condition-cache| is defined but never used.

;     (OPENLDK::|local-0|)
; 
; caught STYLE-WARNING:
;   The variable OPENLDK::|local-0| is defined but never used.

;     (OPENLDK::|local-1|)
; 
; caught STYLE-WARNING:
;   The variable OPENLDK::|local-1| is defined but never used.

;     (OPENLDK::|local-2|)
; 
; caught STYLE-WARNING:
;   The variable OPENLDK::|local-2| is defined but never used.
; 
; compilation unit finished
;   caught 4 STYLE-WARNING conditions
WARNING:
   redefining OPENLDK::|java/lang/invoke/LambdaMetafactory.<clinit>()| in DEFUN
; in:
;      PROGN (DEFMETHOD OPENLDK::|<init>(Ljava/lang/invoke/MethodHandles$Lookup;Ljava/lang/invoke/MethodType;Ljava/lang/String;Ljava/lang/invoke/MethodType;Ljava/lang/invoke/MethodHandle;Ljava/lang/invoke/MethodType;Z[Ljava/lang/Class;[Ljava/lang/invoke/MethodType;)|
;                   (
;                    (OPENLDK::|this|
;                     OPENLDK::|java/lang/invoke/InnerClassLambdaMetafactory|)
;                    OPENLDK::|arg1| OPENLDK::|arg2| OPENLDK::|arg3|
;                    OPENLDK::|arg4| OPENLDK::|arg5| OPENLDK::|arg6|
;                    OPENLDK::|arg7| OPENLDK::|arg8| OPENLDK::|arg9|)
;          (SETF OPENLDK::*FORCE-THIS-TO-BE-USED* OPENLDK::|this|)
;          "bridge=NIL"
;          (LET ((OPENLDK::|condition-cache|)
;                (OPENLDK::|s{89}|)
;                (OPENLDK::|s{88}|)
;                (OPENLDK::|s{87}|)
;                (OPENLDK::|s{86}|)
;                (OPENLDK::|s{85}|)
;                (OPENLDK::|s{84}|)
;                (OPENLDK::|s{83}|)
;                (OPENLDK::|s{82}|)
;                (OPENLDK::|s{81}|)
;                (OPENLDK::|s{80}|)
;                (OPENLDK::|s{79}|)
;                ...)
;            (HANDLER-BIND ((SB-INT:INVALID-ARRAY-INDEX-ERROR #) (TYPE-ERROR #))
;              (BLOCK NIL (TAGBODY |branch-target-0| # # # # # # # # # # ...)))))
;     (OPENLDK::|condition-cache|)
; 
; caught STYLE-WARNING:
;   The variable OPENLDK::|condition-cache| is defined but never used.

;     (OPENLDK::|s{84}|)
; 
; caught STYLE-WARNING:
;   The variable OPENLDK::|s{84}| is assigned but never read.

;     (OPENLDK::|s{83}|)
; 
; caught STYLE-WARNING:
;   The variable OPENLDK::|s{83}| is assigned but never read.

;     (OPENLDK::|s{82}|)
; 
; caught STYLE-WARNING:
;   The variable OPENLDK::|s{82}| is assigned but never read.

;     (OPENLDK::|s{80}|)
; 
; caught STYLE-WARNING:
;   The variable OPENLDK::|s{80}| is assigned but never read.

;     (OPENLDK::|s{75}|)
; 
; caught STYLE-WARNING:
;   The variable OPENLDK::|s{75}| is assigned but never read.

;     (OPENLDK::|s{71}|)
; 
; caught STYLE-WARNING:
;   The variable OPENLDK::|s{71}| is assigned but never read.

;     (OPENLDK::|s{69}|)
; 
; caught STYLE-WARNING:
;   The variable OPENLDK::|s{69}| is assigned but never read.

;     (OPENLDK::|s{68}|)
; 
; caught STYLE-WARNING:
;   The variable OPENLDK::|s{68}| is assigned but never read.

;     (OPENLDK::|s{67}|)
; 
; caught STYLE-WARNING:
;   The variable OPENLDK::|s{67}| is assigned but never read.

;     (OPENLDK::|s{64}|)
; 
; caught STYLE-WARNING:
;   The variable OPENLDK::|s{64}| is assigned but never read.

;     (OPENLDK::|s{61}|)
; 
; caught STYLE-WARNING:
;   The variable OPENLDK::|s{61}| is assigned but never read.

;     (OPENLDK::|s{59}|)
; 
; caught STYLE-WARNING:
;   The variable OPENLDK::|s{59}| is assigned but never read.

;     (OPENLDK::|s{57}|)
; 
; caught STYLE-WARNING:
;   The variable OPENLDK::|s{57}| is assigned but never read.

;     (OPENLDK::|s{41}|)
; 
; caught STYLE-WARNING:
;   The variable OPENLDK::|s{41}| is assigned but never read.

;     (OPENLDK::|s{36}|)
; 
; caught STYLE-WARNING:
;   The variable OPENLDK::|s{36}| is assigned but never read.

;     (OPENLDK::|s{32}|)
; 
; caught STYLE-WARNING:
;   The variable OPENLDK::|s{32}| is assigned but never read.

;     (OPENLDK::|s{30}|)
; 
; caught STYLE-WARNING:
;   The variable OPENLDK::|s{30}| is assigned but never read.

;     (OPENLDK::|s{27}|)
; 
; caught STYLE-WARNING:
;   The variable OPENLDK::|s{27}| is assigned but never read.

;     (OPENLDK::|s{23}|)
; 
; caught STYLE-WARNING:
;   The variable OPENLDK::|s{23}| is assigned but never read.

;     (OPENLDK::|s{19}|)
; 
; caught STYLE-WARNING:
;   The variable OPENLDK::|s{19}| is assigned but never read.

;     (OPENLDK::|s{12}|)
; 
; caught STYLE-WARNING:
;   The variable OPENLDK::|s{12}| is assigned but never read.

;     (OPENLDK::|s{10}|)
; 
; caught STYLE-WARNING:
;   The variable OPENLDK::|s{10}| is assigned but never read.

;     (OPENLDK::|s{9}|)
; 
; caught STYLE-WARNING:
;   The variable OPENLDK::|s{9}| is assigned but never read.

;     (OPENLDK::|s{8}|)
; 
; caught STYLE-WARNING:
;   The variable OPENLDK::|s{8}| is assigned but never read.

;     (OPENLDK::|s{7}|)
; 
; caught STYLE-WARNING:
;   The variable OPENLDK::|s{7}| is assigned but never read.

;     (OPENLDK::|s{6}|)
; 
; caught STYLE-WARNING:
;   The variable OPENLDK::|s{6}| is assigned but never read.

;     (OPENLDK::|s{5}|)
; 
; caught STYLE-WARNING:
;   The variable OPENLDK::|s{5}| is assigned but never read.

;     (OPENLDK::|s{4}|)
; 
; caught STYLE-WARNING:
;   The variable OPENLDK::|s{4}| is assigned but never read.

;     (OPENLDK::|s{3}|)
; 
; caught STYLE-WARNING:
;   The variable OPENLDK::|s{3}| is assigned but never read.

;     (OPENLDK::|s{2}|)
; 
; caught STYLE-WARNING:
;   The variable OPENLDK::|s{2}| is assigned but never read.

;     (OPENLDK::|s{1}|)
; 
; caught STYLE-WARNING:
;   The variable OPENLDK::|s{1}| is assigned but never read.

;     (OPENLDK::|local-12|)
; 
; caught STYLE-WARNING:
;   The variable OPENLDK::|local-12| is defined but never used.

;     (OPENLDK::|local-13|)
; 
; caught STYLE-WARNING:
;   The variable OPENLDK::|local-13| is defined but never used.

;     (OPENLDK::|local-14|)
; 
; caught STYLE-WARNING:
;   The variable OPENLDK::|local-14| is defined but never used.

;     (SB-INT:INVALID-ARRAY-INDEX-ERROR
;      (LAMBDA (OPENLDK::E)
;        (ERROR
;         (OPENLDK::%LISP-CONDITION
;          (OPENLDK::%MAKE-THROWABLE
;           'OPENLDK::|java/lang/ArrayIndexOutOfBoundsException|)))))
; 
; caught STYLE-WARNING:
;   The variable OPENLDK::E is defined but never used.
; 
; compilation unit finished
;   caught 36 STYLE-WARNING conditions
WARNING:
   redefining OPENLDK::|<init>(Ljava/lang/invoke/MethodHandles$Lookup;Ljava/lang/invoke/MethodType;Ljava/lang/String;Ljava/lang/invoke/MethodType;Ljava/lang/invoke/MethodHandle;Ljava/lang/invoke/MethodType;Z[Ljava/lang/Class;[Ljava/lang/invoke/MethodType;)| (#<STANDARD-CLASS OPENLDK::|java/lang/invoke/InnerClassLambdaMetafactory|>
                                                                                                                                                                                                                                                                   #<SB-PCL:SYSTEM-CLASS COMMON-LISP:T>
                                                                                                                                                                                                                                                                   #<SB-PCL:SYSTEM-CLASS COMMON-LISP:T>
                                                                                                                                                                                                                                                                   #<SB-PCL:SYSTEM-CLASS COMMON-LISP:T>
                                                                                                                                                                                                                                                                   #<SB-PCL:SYSTEM-CLASS COMMON-LISP:T>
                                                                                                                                                                                                                                                                   #<SB-PCL:SYSTEM-CLASS COMMON-LISP:T>
                                                                                                                                                                                                                                                                   #<SB-PCL:SYSTEM-CLASS COMMON-LISP:T>
                                                                                                                                                                                                                                                                   #<SB-PCL:SYSTEM-CLASS COMMON-LISP:T>
                                                                                                                                                                                                                                                                   #<SB-PCL:SYSTEM-CLASS COMMON-LISP:T>
                                                                                                                                                                                                                                                                   #<SB-PCL:SYSTEM-CLASS COMMON-LISP:T>) in DEFMETHOD
; in:
;      PROGN (DEFMETHOD OPENLDK::|<init>(Ljava/lang/invoke/MethodHandles$Lookup;Ljava/lang/invoke/MethodType;Ljava/lang/String;Ljava/lang/invoke/MethodType;Ljava/lang/invoke/MethodHandle;Ljava/lang/invoke/MethodType;Z[Ljava/lang/Class;[Ljava/lang/invoke/MethodType;)|
;                   (
;                    (OPENLDK::|this|
;                     OPENLDK::|java/lang/invoke/AbstractValidatingLambdaMetafactory|)
;                    OPENLDK::|arg1| OPENLDK::|arg2| OPENLDK::|arg3|
;                    OPENLDK::|arg4| OPENLDK::|arg5| OPENLDK::|arg6|
;                    OPENLDK::|arg7| OPENLDK::|arg8| OPENLDK::|arg9|)
;          (SETF OPENLDK::*FORCE-THIS-TO-BE-USED* OPENLDK::|this|)
;          "bridge=NIL"
;          (LET ((OPENLDK::|condition-cache|)
;                (OPENLDK::|s{95}|)
;                (OPENLDK::|s{94}|)
;                (OPENLDK::|s{93}|)
;                (OPENLDK::|s{91}|)
;                (OPENLDK::|s{88}|)
;                (OPENLDK::|s{87}|)
;                (OPENLDK::|s{86}|)
;                (OPENLDK::|s{85}|)
;                (OPENLDK::|s{84}|)
;                (OPENLDK::|s{83}|)
;                (OPENLDK::|s{82}|)
;                ...)
;            (HANDLER-BIND ((SB-INT:INVALID-ARRAY-INDEX-ERROR #) (TYPE-ERROR #))
;              (BLOCK NIL
;                (TAGBODY
;                 |branch-target-0|
;                  #
;                  #
;                  #
;                  #
;                  #
;                 |branch-target-13|
;                  #
;                  #
;                  #
;                  # ...)))))
;     (OPENLDK::|condition-cache|)
; 
; caught STYLE-WARNING:
;   The variable OPENLDK::|condition-cache| is assigned but never read.

;     (OPENLDK::|s{93}|)
; 
; caught STYLE-WARNING:
;   The variable OPENLDK::|s{93}| is assigned but never read.

;     (OPENLDK::|s{86}|)
; 
; caught STYLE-WARNING:
;   The variable OPENLDK::|s{86}| is assigned but never read.

;     (OPENLDK::|s{84}|)
; 
; caught STYLE-WARNING:
;   The variable OPENLDK::|s{84}| is assigned but never read.

;     (OPENLDK::|s{83}|)
; 
; caught STYLE-WARNING:
;   The variable OPENLDK::|s{83}| is assigned but never read.

;     (OPENLDK::|s{82}|)
; 
; caught STYLE-WARNING:
;   The variable OPENLDK::|s{82}| is assigned but never read.

;     (OPENLDK::|s{81}|)
; 
; caught STYLE-WARNING:
;   The variable OPENLDK::|s{81}| is assigned but never read.

;     (OPENLDK::|s{78}|)
; 
; caught STYLE-WARNING:
;   The variable OPENLDK::|s{78}| is assigned but never read.

;     (OPENLDK::|s{77}|)
; 
; caught STYLE-WARNING:
;   The variable OPENLDK::|s{77}| is assigned but never read.

;     (OPENLDK::|s{73}|)
; 
; caught STYLE-WARNING:
;   The variable OPENLDK::|s{73}| is assigned but never read.

;     (OPENLDK::|s{65}|)
; 
; caught STYLE-WARNING:
;   The variable OPENLDK::|s{65}| is assigned but never read.

;     (OPENLDK::|s{64}|)
; 
; caught STYLE-WARNING:
;   The variable OPENLDK::|s{64}| is assigned but never read.

;     (OPENLDK::|s{62}|)
; 
; caught STYLE-WARNING:
;   The variable OPENLDK::|s{62}| is assigned but never read.

;     (OPENLDK::|s{60}|)
; 
; caught STYLE-WARNING:
;   The variable OPENLDK::|s{60}| is assigned but never read.

;     (OPENLDK::|s{58}|)
; 
; caught STYLE-WARNING:
;   The variable OPENLDK::|s{58}| is assigned but never read.

;     (OPENLDK::|s{54}|)
; 
; caught STYLE-WARNING:
;   The variable OPENLDK::|s{54}| is assigned but never read.

;     (OPENLDK::|s{50}|)
; 
; caught STYLE-WARNING:
;   The variable OPENLDK::|s{50}| is assigned but never read.

;     (OPENLDK::|s{44}|)
; 
; caught STYLE-WARNING:
;   The variable OPENLDK::|s{44}| is assigned but never read.

;     (OPENLDK::|s{41}|)
; 
; caught STYLE-WARNING:
;   The variable OPENLDK::|s{41}| is assigned but never read.

;     (OPENLDK::|s{38}|)
; 
; caught STYLE-WARNING:
;   The variable OPENLDK::|s{38}| is assigned but never read.

;     (OPENLDK::|s{34}|)
; 
; caught STYLE-WARNING:
;   The variable OPENLDK::|s{34}| is assigned but never read.

;     (OPENLDK::|s{31}|)
; 
; caught STYLE-WARNING:
;   The variable OPENLDK::|s{31}| is assigned but never read.

;     (OPENLDK::|s{30}|)
; 
; caught STYLE-WARNING:
;   The variable OPENLDK::|s{30}| is assigned but never read.

;     (OPENLDK::|s{28}|)
; 
; caught STYLE-WARNING:
;   The variable OPENLDK::|s{28}| is assigned but never read.

;     (OPENLDK::|s{26}|)
; 
; caught STYLE-WARNING:
;   The variable OPENLDK::|s{26}| is assigned but never read.

;     (OPENLDK::|s{24}|)
; 
; caught STYLE-WARNING:
;   The variable OPENLDK::|s{24}| is assigned but never read.

;     (OPENLDK::|s{21}|)
; 
; caught STYLE-WARNING:
;   The variable OPENLDK::|s{21}| is assigned but never read.

;     (OPENLDK::|s{19}|)
; 
; caught STYLE-WARNING:
;   The variable OPENLDK::|s{19}| is assigned but never read.

;     (OPENLDK::|s{16}|)
; 
; caught STYLE-WARNING:
;   The variable OPENLDK::|s{16}| is assigned but never read.

;     (OPENLDK::|s{11}|)
; 
; caught STYLE-WARNING:
;   The variable OPENLDK::|s{11}| is assigned but never read.

;     (OPENLDK::|s{2}|)
; 
; caught STYLE-WARNING:
;   The variable OPENLDK::|s{2}| is assigned but never read.

;     (OPENLDK::|s{1}|)
; 
; caught STYLE-WARNING:
;   The variable OPENLDK::|s{1}| is assigned but never read.

;     (OPENLDK::|local-14|)
; 
; caught STYLE-WARNING:
;   The variable OPENLDK::|local-14| is defined but never used.

;     (OPENLDK::|local-15|)
; 
; caught STYLE-WARNING:
;   The variable OPENLDK::|local-15| is defined but never used.

;     (OPENLDK::|local-16|)
; 
; caught STYLE-WARNING:
;   The variable OPENLDK::|local-16| is defined but never used.

;     (SB-INT:INVALID-ARRAY-INDEX-ERROR
;      (LAMBDA (OPENLDK::E)
;        (ERROR
;         (OPENLDK::%LISP-CONDITION
;          (OPENLDK::%MAKE-THROWABLE
;           'OPENLDK::|java/lang/ArrayIndexOutOfBoundsException|)))))
; 
; caught STYLE-WARNING:
;   The variable OPENLDK::E is defined but never used.
; 
; compilation unit finished
;   caught 36 STYLE-WARNING conditions
WARNING:
   redefining OPENLDK::|<init>(Ljava/lang/invoke/MethodHandles$Lookup;Ljava/lang/invoke/MethodType;Ljava/lang/String;Ljava/lang/invoke/MethodType;Ljava/lang/invoke/MethodHandle;Ljava/lang/invoke/MethodType;Z[Ljava/lang/Class;[Ljava/lang/invoke/MethodType;)| (#<STANDARD-CLASS OPENLDK::|java/lang/invoke/AbstractValidatingLambdaMetafactory|>
                                                                                                                                                                                                                                                                   #<SB-PCL:SYSTEM-CLASS COMMON-LISP:T>
                                                                                                                                                                                                                                                                   #<SB-PCL:SYSTEM-CLASS COMMON-LISP:T>
                                                                                                                                                                                                                                                                   #<SB-PCL:SYSTEM-CLASS COMMON-LISP:T>
                                                                                                                                                                                                                                                                   #<SB-PCL:SYSTEM-CLASS COMMON-LISP:T>
                                                                                                                                                                                                                                                                   #<SB-PCL:SYSTEM-CLASS COMMON-LISP:T>
                                                                                                                                                                                                                                                                   #<SB-PCL:SYSTEM-CLASS COMMON-LISP:T>
                                                                                                                                                                                                                                                                   #<SB-PCL:SYSTEM-CLASS COMMON-LISP:T>
                                                                                                                                                                                                                                                                   #<SB-PCL:SYSTEM-CLASS COMMON-LISP:T>
                                                                                                                                                                                                                                                                   #<SB-PCL:SYSTEM-CLASS COMMON-LISP:T>) in DEFMETHOD
; in:
;      PROGN (DEFMETHOD OPENLDK::|lookupModes()|
;                   (
;                    (OPENLDK::|this|
;                     OPENLDK::|java/lang/invoke/MethodHandles$Lookup|))
;          (SETF OPENLDK::*FORCE-THIS-TO-BE-USED* OPENLDK::|this|)
;          "bridge=NIL"
;          (LET ((OPENLDK::|condition-cache|)
;                (OPENLDK::|s{2}|)
;                (OPENLDK::|s{1}|)
;                (OPENLDK::|local-0| OPENLDK::|this|)
;                (OPENLDK::|local-1|)
;                (OPENLDK::|local-2|)
;                (OPENLDK::|local-3|))
;            (BLOCK NIL
;              (TAGBODY
;               |branch-target-0|
;                (SETF #)
;                (SETF #)
;                (LET #
;                  #
;                  #)))))
;     (OPENLDK::|condition-cache|)
; 
; caught STYLE-WARNING:
;   The variable OPENLDK::|condition-cache| is defined but never used.

;     (OPENLDK::|s{1}|)
; 
; caught STYLE-WARNING:
;   The variable OPENLDK::|s{1}| is assigned but never read.

;     (OPENLDK::|local-1|)
; 
; caught STYLE-WARNING:
;   The variable OPENLDK::|local-1| is defined but never used.

;     (OPENLDK::|local-2|)
; 
; caught STYLE-WARNING:
;   The variable OPENLDK::|local-2| is defined but never used.

;     (OPENLDK::|local-3|)
; 
; caught STYLE-WARNING:
;   The variable OPENLDK::|local-3| is defined but never used.
; 
; compilation unit finished
;   caught 5 STYLE-WARNING conditions
WARNING:
   redefining OPENLDK::|lookupModes()| (#<STANDARD-CLASS OPENLDK::|java/lang/invoke/MethodHandles$Lookup|>) in DEFMETHOD
; in:
;      PROGN (DEFMETHOD OPENLDK::|lookupClass()|
;                   (
;                    (OPENLDK::|this|
;                     OPENLDK::|java/lang/invoke/MethodHandles$Lookup|))
;          (SETF OPENLDK::*FORCE-THIS-TO-BE-USED* OPENLDK::|this|)
;          "bridge=NIL"
;          (LET ((OPENLDK::|condition-cache|)
;                (OPENLDK::|s{2}|)
;                (OPENLDK::|s{1}|)
;                (OPENLDK::|local-0| OPENLDK::|this|)
;                (OPENLDK::|local-1|)
;                (OPENLDK::|local-2|)
;                (OPENLDK::|local-3|))
;            (BLOCK NIL
;              (TAGBODY
;               |branch-target-0|
;                (SETF #)
;                (SETF #)
;                (LET #
;                  #
;                  #)))))
;     (OPENLDK::|condition-cache|)
; 
; caught STYLE-WARNING:
;   The variable OPENLDK::|condition-cache| is defined but never used.

;     (OPENLDK::|s{1}|)
; 
; caught STYLE-WARNING:
;   The variable OPENLDK::|s{1}| is assigned but never read.

;     (OPENLDK::|local-1|)
; 
; caught STYLE-WARNING:
;   The variable OPENLDK::|local-1| is defined but never used.

;     (OPENLDK::|local-2|)
; 
; caught STYLE-WARNING:
;   The variable OPENLDK::|local-2| is defined but never used.

;     (OPENLDK::|local-3|)
; 
; caught STYLE-WARNING:
;   The variable OPENLDK::|local-3| is defined but never used.
; 
; compilation unit finished
;   caught 5 STYLE-WARNING conditions
WARNING:
   redefining OPENLDK::|lookupClass()| (#<STANDARD-CLASS OPENLDK::|java/lang/invoke/MethodHandles$Lookup|>) in DEFMETHOD
; in:
;      PROGN (DEFMETHOD OPENLDK::|revealDirect(Ljava/lang/invoke/MethodHandle;)|
;                   (
;                    (OPENLDK::|this|
;                     OPENLDK::|java/lang/invoke/MethodHandles$Lookup|)
;                    OPENLDK::|arg1|)
;          (SETF OPENLDK::*FORCE-THIS-TO-BE-USED* OPENLDK::|this|)
;          "bridge=NIL"
;          (LET ((OPENLDK::|condition-cache|)
;                (OPENLDK::|s{60}|)
;                (OPENLDK::|s{59}|)
;                (OPENLDK::|s{58}|)
;                (OPENLDK::|s{57}|)
;                (OPENLDK::|s{56}|)
;                (OPENLDK::|s{55}|)
;                (OPENLDK::|s{54}|)
;                (OPENLDK::|s{53}|)
;                (OPENLDK::|s{51}|)
;                (OPENLDK::|s{50}|)
;                (OPENLDK::|s{49}|)
;                ...)
;            (BLOCK NIL
;              (TAGBODY
;               |branch-target-0|
;                (SETF #)
;                (SETF #)
;                (SETF #)
;                (SETF #)
;                (WHEN # #)
;               |branch-target-9|
;                (SETF #)
;                (SETF #)
;                (WHEN # #)
;               |branch-target-16| ...))))
;     (OPENLDK::|s{60}|)
; 
; caught STYLE-WARNING:
;   The variable OPENLDK::|s{60}| is assigned but never read.

;     (OPENLDK::|s{59}|)
; 
; caught STYLE-WARNING:
;   The variable OPENLDK::|s{59}| is assigned but never read.

;     (OPENLDK::|s{58}|)
; 
; caught STYLE-WARNING:
;   The variable OPENLDK::|s{58}| is assigned but never read.

;     (OPENLDK::|s{54}|)
; 
; caught STYLE-WARNING:
;   The variable OPENLDK::|s{54}| is assigned but never read.

;     (OPENLDK::|s{48}|)
; 
; caught STYLE-WARNING:
;   The variable OPENLDK::|s{48}| is assigned but never read.

;     (OPENLDK::|s{47}|)
; 
; caught STYLE-WARNING:
;   The variable OPENLDK::|s{47}| is assigned but never read.

;     (OPENLDK::|s{45}|)
; 
; caught STYLE-WARNING:
;   The variable OPENLDK::|s{45}| is assigned but never read.

;     (OPENLDK::|s{43}|)
; 
; caught STYLE-WARNING:
;   The variable OPENLDK::|s{43}| is assigned but never read.

;     (OPENLDK::|s{41}|)
; 
; caught STYLE-WARNING:
;   The variable OPENLDK::|s{41}| is assigned but never read.

;     (OPENLDK::|s{38}|)
; 
; caught STYLE-WARNING:
;   The variable OPENLDK::|s{38}| is assigned but never read.

;     (OPENLDK::|s{37}|)
; 
; caught STYLE-WARNING:
;   The variable OPENLDK::|s{37}| is assigned but never read.

;     (OPENLDK::|s{34}|)
; 
; caught STYLE-WARNING:
;   The variable OPENLDK::|s{34}| is assigned but never read.

;     (OPENLDK::|s{33}|)
; 
; caught STYLE-WARNING:
;   The variable OPENLDK::|s{33}| is assigned but never read.

;     (OPENLDK::|s{32}|)
; 
; caught STYLE-WARNING:
;   The variable OPENLDK::|s{32}| is assigned but never read.

;     (OPENLDK::|s{31}|)
; 
; caught STYLE-WARNING:
;   The variable OPENLDK::|s{31}| is assigned but never read.

;     (OPENLDK::|s{30}|)
; 
; caught STYLE-WARNING:
;   The variable OPENLDK::|s{30}| is assigned but never read.

;     (OPENLDK::|s{29}|)
; 
; caught STYLE-WARNING:
;   The variable OPENLDK::|s{29}| is assigned but never read.

;     (OPENLDK::|s{28}|)
; 
; caught STYLE-WARNING:
;   The variable OPENLDK::|s{28}| is assigned but never read.

;     (OPENLDK::|s{25}|)
; 
; caught STYLE-WARNING:
;   The variable OPENLDK::|s{25}| is assigned but never read.

;     (OPENLDK::|s{23}|)
; 
; caught STYLE-WARNING:
;   The variable OPENLDK::|s{23}| is assigned but never read.

;     (OPENLDK::|s{20}|)
; 
; caught STYLE-WARNING:
;   The variable OPENLDK::|s{20}| is assigned but never read.

;     (OPENLDK::|s{18}|)
; 
; caught STYLE-WARNING:
;   The variable OPENLDK::|s{18}| is assigned but never read.

;     (OPENLDK::|s{15}|)
; 
; caught STYLE-WARNING:
;   The variable OPENLDK::|s{15}| is assigned but never read.

;     (OPENLDK::|s{12}|)
; 
; caught STYLE-WARNING:
;   The variable OPENLDK::|s{12}| is assigned but never read.

;     (OPENLDK::|s{10}|)
; 
; caught STYLE-WARNING:
;   The variable OPENLDK::|s{10}| is assigned but never read.

;     (OPENLDK::|s{6}|)
; 
; caught STYLE-WARNING:
;   The variable OPENLDK::|s{6}| is assigned but never read.

;     (OPENLDK::|s{4}|)
; 
; caught STYLE-WARNING:
;   The variable OPENLDK::|s{4}| is assigned but never read.

;     (OPENLDK::|s{3}|)
; 
; caught STYLE-WARNING:
;   The variable OPENLDK::|s{3}| is assigned but never read.

;     (OPENLDK::|s{1}|)
; 
; caught STYLE-WARNING:
;   The variable OPENLDK::|s{1}| is assigned but never read.

;     (OPENLDK::|local-6|)
; 
; caught STYLE-WARNING:
;   The variable OPENLDK::|local-6| is defined but never used.

;     (OPENLDK::|local-7|)
; 
; caught STYLE-WARNING:
;   The variable OPENLDK::|local-7| is defined but never used.

;     (OPENLDK::|local-8|)
; 
; caught STYLE-WARNING:
;   The variable OPENLDK::|local-8| is defined but never used.
; 
; compilation unit finished
;   caught 32 STYLE-WARNING conditions
WARNING:
   redefining OPENLDK::|revealDirect(Ljava/lang/invoke/MethodHandle;)| (#<STANDARD-CLASS OPENLDK::|java/lang/invoke/MethodHandles$Lookup|>
                                                                        #<SB-PCL:SYSTEM-CLASS COMMON-LISP:T>) in DEFMETHOD
; in:
;      PROGN (DEFMETHOD OPENLDK::|internalMemberName()|
;                   (
;                    (OPENLDK::|this|
;                     OPENLDK::|java/lang/invoke/DirectMethodHandle|))
;          (SETF OPENLDK::*FORCE-THIS-TO-BE-USED* OPENLDK::|this|)
;          "bridge=NIL"
;          (LET ((OPENLDK::|condition-cache|)
;                (OPENLDK::|s{2}|)
;                (OPENLDK::|s{1}|)
;                (OPENLDK::|local-0| OPENLDK::|this|)
;                (OPENLDK::|local-1|)
;                (OPENLDK::|local-2|)
;                (OPENLDK::|local-3|))
;            (BLOCK NIL
;              (TAGBODY
;               |branch-target-0|
;                (SETF #)
;                (SETF #)
;                (LET #
;                  #
;                  #)))))
;     (OPENLDK::|condition-cache|)
; 
; caught STYLE-WARNING:
;   The variable OPENLDK::|condition-cache| is defined but never used.

;     (OPENLDK::|s{1}|)
; 
; caught STYLE-WARNING:
;   The variable OPENLDK::|s{1}| is assigned but never read.

;     (OPENLDK::|local-1|)
; 
; caught STYLE-WARNING:
;   The variable OPENLDK::|local-1| is defined but never used.

;     (OPENLDK::|local-2|)
; 
; caught STYLE-WARNING:
;   The variable OPENLDK::|local-2| is defined but never used.

;     (OPENLDK::|local-3|)
; 
; caught STYLE-WARNING:
;   The variable OPENLDK::|local-3| is defined but never used.
; 
; compilation unit finished
;   caught 5 STYLE-WARNING conditions
WARNING:
   redefining OPENLDK::|internalMemberName()| (#<STANDARD-CLASS OPENLDK::|java/lang/invoke/DirectMethodHandle|>) in DEFMETHOD
; in:
;      PROGN (DEFMETHOD OPENLDK::|isResolved()|
;                   ((OPENLDK::|this| OPENLDK::|java/lang/invoke/MemberName|))
;          (SETF OPENLDK::*FORCE-THIS-TO-BE-USED* OPENLDK::|this|)
;          "bridge=NIL"
;          (LET ((OPENLDK::|condition-cache|)
;                (OPENLDK::|s{3,4}|)
;                (OPENLDK::|s{2}|)
;                (OPENLDK::|s{1}|)
;                (OPENLDK::|local-0| OPENLDK::|this|)
;                (OPENLDK::|local-1|)
;                (OPENLDK::|local-2|)
;                (OPENLDK::|local-3|))
;            (BLOCK NIL
;              (TAGBODY
;               |branch-target-0|
;                (SETF #)
;                (SETF #)
;                (WHEN # #)
;               |branch-target-7|
;                (SETF #)
;                (GO |branch-target-12|)
;               |branch-target-12|
;                (LET #
;                  #
;                  #)
;               |branch-target-11|
;                (SETF #) ...))))
;     (OPENLDK::|condition-cache|)
; 
; caught STYLE-WARNING:
;   The variable OPENLDK::|condition-cache| is defined but never used.

;     (OPENLDK::|s{1}|)
; 
; caught STYLE-WARNING:
;   The variable OPENLDK::|s{1}| is assigned but never read.

;     (OPENLDK::|local-1|)
; 
; caught STYLE-WARNING:
;   The variable OPENLDK::|local-1| is defined but never used.

;     (OPENLDK::|local-2|)
; 
; caught STYLE-WARNING:
;   The variable OPENLDK::|local-2| is defined but never used.

;     (OPENLDK::|local-3|)
; 
; caught STYLE-WARNING:
;   The variable OPENLDK::|local-3| is defined but never used.
; 
; compilation unit finished
;   caught 5 STYLE-WARNING conditions
WARNING:
   redefining OPENLDK::|isResolved()| (#<STANDARD-CLASS OPENLDK::|java/lang/invoke/MemberName|>) in DEFMETHOD
; in:
;      PROGN (DEFMETHOD OPENLDK::|getDeclaringClass()|
;                   ((OPENLDK::|this| OPENLDK::|java/lang/invoke/MemberName|))
;          (SETF OPENLDK::*FORCE-THIS-TO-BE-USED* OPENLDK::|this|)
;          "bridge=NIL"
;          (LET ((OPENLDK::|condition-cache|)
;                (OPENLDK::|s{2}|)
;                (OPENLDK::|s{1}|)
;                (OPENLDK::|local-0| OPENLDK::|this|)
;                (OPENLDK::|local-1|)
;                (OPENLDK::|local-2|)
;                (OPENLDK::|local-3|))
;            (BLOCK NIL
;              (TAGBODY
;               |branch-target-0|
;                (SETF #)
;                (SETF #)
;                (LET #
;                  #
;                  #)))))
;     (OPENLDK::|condition-cache|)
; 
; caught STYLE-WARNING:
;   The variable OPENLDK::|condition-cache| is defined but never used.

;     (OPENLDK::|s{1}|)
; 
; caught STYLE-WARNING:
;   The variable OPENLDK::|s{1}| is assigned but never read.

;     (OPENLDK::|local-1|)
; 
; caught STYLE-WARNING:
;   The variable OPENLDK::|local-1| is defined but never used.

;     (OPENLDK::|local-2|)
; 
; caught STYLE-WARNING:
;   The variable OPENLDK::|local-2| is defined but never used.

;     (OPENLDK::|local-3|)
; 
; caught STYLE-WARNING:
;   The variable OPENLDK::|local-3| is defined but never used.
; 
; compilation unit finished
;   caught 5 STYLE-WARNING conditions
WARNING:
   redefining OPENLDK::|getDeclaringClass()| (#<STANDARD-CLASS OPENLDK::|java/lang/invoke/MemberName|>) in DEFMETHOD
; in:
;      PROGN (DEFMETHOD OPENLDK::|getReferenceKind()|
;                   ((OPENLDK::|this| OPENLDK::|java/lang/invoke/MemberName|))
;          (SETF OPENLDK::*FORCE-THIS-TO-BE-USED* OPENLDK::|this|)
;          "bridge=NIL"
;          (LET ((OPENLDK::|condition-cache|)
;                (OPENLDK::|s{2}|)
;                (OPENLDK::|s{1}|)
;                (OPENLDK::|local-0| OPENLDK::|this|)
;                (OPENLDK::|local-1|)
;                (OPENLDK::|local-2|)
;                (OPENLDK::|local-3|))
;            (BLOCK NIL
;              (TAGBODY
;               |branch-target-0|
;                (SETF #)
;                (SETF #)
;                (LET #
;                  #
;                  #)))))
;     (OPENLDK::|condition-cache|)
; 
; caught STYLE-WARNING:
;   The variable OPENLDK::|condition-cache| is defined but never used.

;     (OPENLDK::|s{1}|)
; 
; caught STYLE-WARNING:
;   The variable OPENLDK::|s{1}| is assigned but never read.

;     (OPENLDK::|local-1|)
; 
; caught STYLE-WARNING:
;   The variable OPENLDK::|local-1| is defined but never used.

;     (OPENLDK::|local-2|)
; 
; caught STYLE-WARNING:
;   The variable OPENLDK::|local-2| is defined but never used.

;     (OPENLDK::|local-3|)
; 
; caught STYLE-WARNING:
;   The variable OPENLDK::|local-3| is defined but never used.
; 
; compilation unit finished
;   caught 5 STYLE-WARNING conditions
WARNING:
   redefining OPENLDK::|getReferenceKind()| (#<STANDARD-CLASS OPENLDK::|java/lang/invoke/MemberName|>) in DEFMETHOD
; in:
;      PROGN (DEFMETHOD OPENLDK::|checkAccess(BLjava/lang/Class;Ljava/lang/invoke/MemberName;)|
;                   (
;                    (OPENLDK::|this|
;                     OPENLDK::|java/lang/invoke/MethodHandles$Lookup|)
;                    OPENLDK::|arg1| OPENLDK::|arg2| OPENLDK::|arg3|)
;          (SETF OPENLDK::*FORCE-THIS-TO-BE-USED* OPENLDK::|this|)
;          "bridge=NIL"
;          (LET ((OPENLDK::|condition-cache|)
;                (OPENLDK::|s{85}|)
;                (OPENLDK::|s{84}|)
;                (OPENLDK::|s{83}|)
;                (OPENLDK::|s{82}|)
;                (OPENLDK::|s{81}|)
;                (OPENLDK::|s{80}|)
;                (OPENLDK::|s{79}|)
;                (OPENLDK::|s{78}|)
;                (OPENLDK::|s{77}|)
;                (OPENLDK::|s{76}|)
;                (OPENLDK::|s{75}|)
;                ...)
;            (BLOCK NIL
;              (TAGBODY
;               |branch-target-0|
;                (UNLESS # #)
;                (SETF #)
;                (WHEN # #)
;               |branch-target-6|
;                (SETF #)
;                (SETF #)
;                (SETF #)
;                (WHEN # #)
;               |branch-target-14|
;                (SETF #) ...))))
;     (OPENLDK::|condition-cache|)
; 
; caught STYLE-WARNING:
;   The variable OPENLDK::|condition-cache| is assigned but never read.

;     (OPENLDK::|s{84}|)
; 
; caught STYLE-WARNING:
;   The variable OPENLDK::|s{84}| is assigned but never read.

;     (OPENLDK::|s{82}|)
; 
; caught STYLE-WARNING:
;   The variable OPENLDK::|s{82}| is assigned but never read.

;     (OPENLDK::|s{81}|)
; 
; caught STYLE-WARNING:
;   The variable OPENLDK::|s{81}| is assigned but never read.

;     (OPENLDK::|s{80}|)
; 
; caught STYLE-WARNING:
;   The variable OPENLDK::|s{80}| is assigned but never read.

;     (OPENLDK::|s{79}|)
; 
; caught STYLE-WARNING:
;   The variable OPENLDK::|s{79}| is assigned but never read.

;     (OPENLDK::|s{76}|)
; 
; caught STYLE-WARNING:
;   The variable OPENLDK::|s{76}| is assigned but never read.

;     (OPENLDK::|s{74}|)
; 
; caught STYLE-WARNING:
;   The variable OPENLDK::|s{74}| is assigned but never read.

;     (OPENLDK::|s{71}|)
; 
; caught STYLE-WARNING:
;   The variable OPENLDK::|s{71}| is assigned but never read.

;     (OPENLDK::|s{68}|)
; 
; caught STYLE-WARNING:
;   The variable OPENLDK::|s{68}| is assigned but never read.

;     (OPENLDK::|s{66}|)
; 
; caught STYLE-WARNING:
;   The variable OPENLDK::|s{66}| is assigned but never read.

;     (OPENLDK::|s{64}|)
; 
; caught STYLE-WARNING:
;   The variable OPENLDK::|s{64}| is assigned but never read.

;     (OPENLDK::|s{63}|)
; 
; caught STYLE-WARNING:
;   The variable OPENLDK::|s{63}| is assigned but never read.

;     (OPENLDK::|s{61}|)
; 
; caught STYLE-WARNING:
;   The variable OPENLDK::|s{61}| is assigned but never read.

;     (OPENLDK::|s{60}|)
; 
; caught STYLE-WARNING:
;   The variable OPENLDK::|s{60}| is assigned but never read.

;     (OPENLDK::|s{58}|)
; 
; caught STYLE-WARNING:
;   The variable OPENLDK::|s{58}| is assigned but never read.

;     (OPENLDK::|s{57}|)
; 
; caught STYLE-WARNING:
;   The variable OPENLDK::|s{57}| is assigned but never read.

;     (OPENLDK::|s{55}|)
; 
; caught STYLE-WARNING:
;   The variable OPENLDK::|s{55}| is assigned but never read.

;     (OPENLDK::|s{54}|)
; 
; caught STYLE-WARNING:
;   The variable OPENLDK::|s{54}| is assigned but never read.

;     (OPENLDK::|s{51}|)
; 
; caught STYLE-WARNING:
;   The variable OPENLDK::|s{51}| is assigned but never read.

;     (OPENLDK::|s{49}|)
; 
; caught STYLE-WARNING:
;   The variable OPENLDK::|s{49}| is assigned but never read.

;     (OPENLDK::|s{47}|)
; 
; caught STYLE-WARNING:
;   The variable OPENLDK::|s{47}| is assigned but never read.

;     (OPENLDK::|s{45}|)
; 
; caught STYLE-WARNING:
;   The variable OPENLDK::|s{45}| is assigned but never read.

;     (OPENLDK::|s{43}|)
; 
; caught STYLE-WARNING:
;   The variable OPENLDK::|s{43}| is assigned but never read.

;     (OPENLDK::|s{41}|)
; 
; caught STYLE-WARNING:
;   The variable OPENLDK::|s{41}| is assigned but never read.

;     (OPENLDK::|s{38}|)
; 
; caught STYLE-WARNING:
;   The variable OPENLDK::|s{38}| is assigned but never read.

;     (OPENLDK::|s{36}|)
; 
; caught STYLE-WARNING:
;   The variable OPENLDK::|s{36}| is assigned but never read.

;     (OPENLDK::|s{34}|)
; 
; caught STYLE-WARNING:
;   The variable OPENLDK::|s{34}| is assigned but never read.

;     (OPENLDK::|s{31}|)
; 
; caught STYLE-WARNING:
;   The variable OPENLDK::|s{31}| is assigned but never read.

;     (OPENLDK::|s{29}|)
; 
; caught STYLE-WARNING:
;   The variable OPENLDK::|s{29}| is assigned but never read.

;     (OPENLDK::|s{25}|)
; 
; caught STYLE-WARNING:
;   The variable OPENLDK::|s{25}| is assigned but never read.

;     (OPENLDK::|s{22}|)
; 
; caught STYLE-WARNING:
;   The variable OPENLDK::|s{22}| is assigned but never read.

;     (OPENLDK::|s{20}|)
; 
; caught STYLE-WARNING:
;   The variable OPENLDK::|s{20}| is assigned but never read.

;     (OPENLDK::|s{18}|)
; 
; caught STYLE-WARNING:
;   The variable OPENLDK::|s{18}| is assigned but never read.

;     (OPENLDK::|s{16}|)
; 
; caught STYLE-WARNING:
;   The variable OPENLDK::|s{16}| is assigned but never read.

;     (OPENLDK::|s{14}|)
; 
; caught STYLE-WARNING:
;   The variable OPENLDK::|s{14}| is assigned but never read.

;     (OPENLDK::|s{12}|)
; 
; caught STYLE-WARNING:
;   The variable OPENLDK::|s{12}| is assigned but never read.

;     (OPENLDK::|s{9}|)
; 
; caught STYLE-WARNING:
;   The variable OPENLDK::|s{9}| is assigned but never read.

;     (OPENLDK::|s{7}|)
; 
; caught STYLE-WARNING:
;   The variable OPENLDK::|s{7}| is assigned but never read.

;     (OPENLDK::|s{5}|)
; 
; caught STYLE-WARNING:
;   The variable OPENLDK::|s{5}| is assigned but never read.

;     (OPENLDK::|s{3}|)
; 
; caught STYLE-WARNING:
;   The variable OPENLDK::|s{3}| is assigned but never read.

;     (OPENLDK::|s{2}|)
; 
; caught STYLE-WARNING:
;   The variable OPENLDK::|s{2}| is assigned but never read.

;     (OPENLDK::|local-7|)
; 
; caught STYLE-WARNING:
;   The variable OPENLDK::|local-7| is defined but never used.

;     (OPENLDK::|local-8|)
; 
; caught STYLE-WARNING:
;   The variable OPENLDK::|local-8| is defined but never used.

;     (OPENLDK::|local-9|)
; 
; caught STYLE-WARNING:
;   The variable OPENLDK::|local-9| is defined but never used.
; 
; compilation unit finished
;   caught 45 STYLE-WARNING conditions
WARNING:
   redefining OPENLDK::|checkAccess(BLjava/lang/Class;Ljava/lang/invoke/MemberName;)| (#<STANDARD-CLASS OPENLDK::|java/lang/invoke/MethodHandles$Lookup|>
                                                                                       #<SB-PCL:SYSTEM-CLASS COMMON-LISP:T>
                                                                                       #<SB-PCL:SYSTEM-CLASS COMMON-LISP:T>
                                                                                       #<SB-PCL:SYSTEM-CLASS COMMON-LISP:T>) in DEFMETHOD
; in:
;      PROGN (DEFMETHOD OPENLDK::|getModifiers()|
;                   ((OPENLDK::|this| OPENLDK::|java/lang/invoke/MemberName|))
;          (SETF OPENLDK::*FORCE-THIS-TO-BE-USED* OPENLDK::|this|)
;          "bridge=NIL"
;          (LET ((OPENLDK::|condition-cache|)
;                (OPENLDK::|s{2}|)
;                (OPENLDK::|s{1}|)
;                (OPENLDK::|local-0| OPENLDK::|this|)
;                (OPENLDK::|local-1|)
;                (OPENLDK::|local-2|)
;                (OPENLDK::|local-3|))
;            (BLOCK NIL
;              (TAGBODY
;               |branch-target-0|
;                (SETF #)
;                (SETF #)
;                (LET #
;                  #
;                  #)))))
;     (OPENLDK::|condition-cache|)
; 
; caught STYLE-WARNING:
;   The variable OPENLDK::|condition-cache| is defined but never used.

;     (OPENLDK::|s{1}|)
; 
; caught STYLE-WARNING:
;   The variable OPENLDK::|s{1}| is assigned but never read.

;     (OPENLDK::|local-1|)
; 
; caught STYLE-WARNING:
;   The variable OPENLDK::|local-1| is defined but never used.

;     (OPENLDK::|local-2|)
; 
; caught STYLE-WARNING:
;   The variable OPENLDK::|local-2| is defined but never used.

;     (OPENLDK::|local-3|)
; 
; caught STYLE-WARNING:
;   The variable OPENLDK::|local-3| is defined but never used.
; 
; compilation unit finished
;   caught 5 STYLE-WARNING conditions
WARNING:
   redefining OPENLDK::|getModifiers()| (#<STANDARD-CLASS OPENLDK::|java/lang/invoke/MemberName|>) in DEFMETHOD
; in:
;      PROGN (DEFUN OPENLDK::|java/lang/reflect/Modifier.isFinal(I)|
;               (OPENLDK::|arg0|)
;          "bridge=NIL"
;          (LET ((OPENLDK::|condition-cache|)
;                (OPENLDK::|s{4,5}|)
;                (OPENLDK::|s{1}|)
;                (OPENLDK::|local-0| OPENLDK::|arg0|)
;                (OPENLDK::|local-1|)
;                (OPENLDK::|local-2|)
;                (OPENLDK::|local-3|))
;            (BLOCK NIL
;              (TAGBODY
;               |branch-target-0|
;                (SETF #)
;                (WHEN # #)
;               |branch-target-7|
;                (SETF #)
;                (GO |branch-target-12|)
;               |branch-target-12|
;                (LET #
;                  #
;                  #)
;               |branch-target-11|
;                (SETF #)
;                (GO |branch-target-12|)))))
;     (OPENLDK::|condition-cache|)
; 
; caught STYLE-WARNING:
;   The variable OPENLDK::|condition-cache| is defined but never used.

;     (OPENLDK::|s{1}|)
; 
; caught STYLE-WARNING:
;   The variable OPENLDK::|s{1}| is assigned but never read.

;     (OPENLDK::|local-1|)
; 
; caught STYLE-WARNING:
;   The variable OPENLDK::|local-1| is defined but never used.

;     (OPENLDK::|local-2|)
; 
; caught STYLE-WARNING:
;   The variable OPENLDK::|local-2| is defined but never used.

;     (OPENLDK::|local-3|)
; 
; caught STYLE-WARNING:
;   The variable OPENLDK::|local-3| is defined but never used.
; 
; compilation unit finished
;   caught 5 STYLE-WARNING conditions
WARNING: redefining OPENLDK::|java/lang/reflect/Modifier.isFinal(I)| in DEFUN
; in:
;      PROGN (DEFUN OPENLDK::|java/lang/invoke/MethodHandles$Lookup.fixmods(I)|
;               (OPENLDK::|arg0|)
;          "bridge=NIL"
;          (LET ((OPENLDK::|condition-cache|)
;                (OPENLDK::|s{5,6}|)
;                (OPENLDK::|s{4}|)
;                (OPENLDK::|s{1}|)
;                (OPENLDK::|local-0| OPENLDK::|arg0|)
;                (OPENLDK::|local-1|)
;                (OPENLDK::|local-2|)
;                (OPENLDK::|local-3|))
;            (BLOCK NIL
;              (TAGBODY
;               |branch-target-0|
;                (SETF #)
;                (SETF #)
;                (SETF #)
;                (WHEN # #)
;               |branch-target-9|
;                (SETF #)
;                (GO |branch-target-15|)
;               |branch-target-15|
;                (LET #
;                  #
;                  #)
;               |branch-target-13| ...))))
;     (OPENLDK::|condition-cache|)
; 
; caught STYLE-WARNING:
;   The variable OPENLDK::|condition-cache| is defined but never used.

;     (OPENLDK::|s{4}|)
; 
; caught STYLE-WARNING:
;   The variable OPENLDK::|s{4}| is assigned but never read.

;     (OPENLDK::|s{1}|)
; 
; caught STYLE-WARNING:
;   The variable OPENLDK::|s{1}| is assigned but never read.

;     (OPENLDK::|local-1|)
; 
; caught STYLE-WARNING:
;   The variable OPENLDK::|local-1| is defined but never used.

;     (OPENLDK::|local-2|)
; 
; caught STYLE-WARNING:
;   The variable OPENLDK::|local-2| is defined but never used.

;     (OPENLDK::|local-3|)
; 
; caught STYLE-WARNING:
;   The variable OPENLDK::|local-3| is defined but never used.
; 
; compilation unit finished
;   caught 6 STYLE-WARNING conditions
WARNING:
   redefining OPENLDK::|java/lang/invoke/MethodHandles$Lookup.fixmods(I)| in DEFUN
; in:
;      PROGN (DEFUN OPENLDK::|sun/invoke/util/VerifyAccess.<clinit>()| ()
;          "bridge=NIL"
;          (LET ((OPENLDK::|condition-cache|)
;                (OPENLDK::|s{3,4}|)
;                (OPENLDK::|s{2}|)
;                (OPENLDK::|local-0|)
;                (OPENLDK::|local-1|)
;                (OPENLDK::|local-2|))
;            (BLOCK NIL
;              (TAGBODY
;               |branch-target-0|
;                (SETF #)
;                (WHEN # #)
;               |branch-target-8|
;                (SETF #)
;                (GO |branch-target-13|)
;               |branch-target-13|
;                (SETF #)
;                (RETURN)
;               |branch-target-12|
;                (SETF #) ...))))
;     (OPENLDK::|condition-cache|)
; 
; caught STYLE-WARNING:
;   The variable OPENLDK::|condition-cache| is defined but never used.

;     (OPENLDK::|local-0|)
; 
; caught STYLE-WARNING:
;   The variable OPENLDK::|local-0| is defined but never used.

;     (OPENLDK::|local-1|)
; 
; caught STYLE-WARNING:
;   The variable OPENLDK::|local-1| is defined but never used.

;     (OPENLDK::|local-2|)
; 
; caught STYLE-WARNING:
;   The variable OPENLDK::|local-2| is defined but never used.
; 
; compilation unit finished
;   caught 4 STYLE-WARNING conditions
WARNING: redefining OPENLDK::|sun/invoke/util/VerifyAccess.<clinit>()| in DEFUN
; in:
;      PROGN (DEFUN OPENLDK::|sun/invoke/util/VerifyAccess.isMemberAccessible(Ljava/lang/Class;Ljava/lang/Class;ILjava/lang/Class;I)|
;               (OPENLDK::|arg0| OPENLDK::|arg1| OPENLDK::|arg2| OPENLDK::|arg3|
;                OPENLDK::|arg4|)
;          "bridge=NIL"
;          (LET ((OPENLDK::|condition-cache|)
;                (OPENLDK::|s{76}|)
;                (OPENLDK::|s{75}|)
;                (OPENLDK::|s{74}|)
;                (OPENLDK::|s{73}|)
;                (OPENLDK::|s{72}|)
;                (OPENLDK::|s{70}|)
;                (OPENLDK::|s{69}|)
;                (OPENLDK::|s{66,67}|)
;                (OPENLDK::|s{65}|)
;                (OPENLDK::|s{64}|)
;                (OPENLDK::|s{63}|)
;                ...)
;            (BLOCK NIL
;              (TAGBODY
;               |branch-target-0|
;                (SETF #)
;                (WHEN # #)
;               |branch-target-5|
;                (LET #
;                  #
;                  #)
;               |branch-target-7|
;                (UNLESS # #)
;                (SETF #)
;                (WHEN # #)
;               |branch-target-13|
;                (SETF #) ...))))
;     (OPENLDK::|condition-cache|)
; 
; caught STYLE-WARNING:
;   The variable OPENLDK::|condition-cache| is assigned but never read.

;     (OPENLDK::|s{73}|)
; 
; caught STYLE-WARNING:
;   The variable OPENLDK::|s{73}| is assigned but never read.

;     (OPENLDK::|s{64}|)
; 
; caught STYLE-WARNING:
;   The variable OPENLDK::|s{64}| is assigned but never read.

;     (OPENLDK::|s{63}|)
; 
; caught STYLE-WARNING:
;   The variable OPENLDK::|s{63}| is assigned but never read.

;     (OPENLDK::|s{60}|)
; 
; caught STYLE-WARNING:
;   The variable OPENLDK::|s{60}| is assigned but never read.

;     (OPENLDK::|s{57}|)
; 
; caught STYLE-WARNING:
;   The variable OPENLDK::|s{57}| is assigned but never read.

;     (OPENLDK::|s{52}|)
; 
; caught STYLE-WARNING:
;   The variable OPENLDK::|s{52}| is assigned but never read.

;     (OPENLDK::|s{51}|)
; 
; caught STYLE-WARNING:
;   The variable OPENLDK::|s{51}| is assigned but never read.

;     (OPENLDK::|s{48}|)
; 
; caught STYLE-WARNING:
;   The variable OPENLDK::|s{48}| is assigned but never read.

;     (OPENLDK::|s{45}|)
; 
; caught STYLE-WARNING:
;   The variable OPENLDK::|s{45}| is assigned but never read.

;     (OPENLDK::|s{44}|)
; 
; caught STYLE-WARNING:
;   The variable OPENLDK::|s{44}| is assigned but never read.

;     (OPENLDK::|s{41}|)
; 
; caught STYLE-WARNING:
;   The variable OPENLDK::|s{41}| is assigned but never read.

;     (OPENLDK::|s{37}|)
; 
; caught STYLE-WARNING:
;   The variable OPENLDK::|s{37}| is assigned but never read.

;     (OPENLDK::|s{34}|)
; 
; caught STYLE-WARNING:
;   The variable OPENLDK::|s{34}| is assigned but never read.

;     (OPENLDK::|s{33}|)
; 
; caught STYLE-WARNING:
;   The variable OPENLDK::|s{33}| is assigned but never read.

;     (OPENLDK::|s{30}|)
; 
; caught STYLE-WARNING:
;   The variable OPENLDK::|s{30}| is assigned but never read.

;     (OPENLDK::|s{27}|)
; 
; caught STYLE-WARNING:
;   The variable OPENLDK::|s{27}| is assigned but never read.

;     (OPENLDK::|s{22}|)
; 
; caught STYLE-WARNING:
;   The variable OPENLDK::|s{22}| is assigned but never read.

;     (OPENLDK::|s{18}|)
; 
; caught STYLE-WARNING:
;   The variable OPENLDK::|s{18}| is assigned but never read.

;     (OPENLDK::|s{17}|)
; 
; caught STYLE-WARNING:
;   The variable OPENLDK::|s{17}| is assigned but never read.

;     (OPENLDK::|s{16}|)
; 
; caught STYLE-WARNING:
;   The variable OPENLDK::|s{16}| is assigned but never read.

;     (OPENLDK::|s{13}|)
; 
; caught STYLE-WARNING:
;   The variable OPENLDK::|s{13}| is assigned but never read.

;     (OPENLDK::|s{12}|)
; 
; caught STYLE-WARNING:
;   The variable OPENLDK::|s{12}| is assigned but never read.

;     (OPENLDK::|s{11}|)
; 
; caught STYLE-WARNING:
;   The variable OPENLDK::|s{11}| is assigned but never read.

;     (OPENLDK::|s{7}|)
; 
; caught STYLE-WARNING:
;   The variable OPENLDK::|s{7}| is assigned but never read.

;     (OPENLDK::|s{4}|)
; 
; caught STYLE-WARNING:
;   The variable OPENLDK::|s{4}| is assigned but never read.

;     (OPENLDK::|s{1}|)
; 
; caught STYLE-WARNING:
;   The variable OPENLDK::|s{1}| is assigned but never read.

;     (OPENLDK::|local-5|)
; 
; caught STYLE-WARNING:
;   The variable OPENLDK::|local-5| is defined but never used.

;     (OPENLDK::|local-6|)
; 
; caught STYLE-WARNING:
;   The variable OPENLDK::|local-6| is defined but never used.

;     (OPENLDK::|local-7|)
; 
; caught STYLE-WARNING:
;   The variable OPENLDK::|local-7| is defined but never used.
; 
; compilation unit finished
;   caught 30 STYLE-WARNING conditions
WARNING:
   redefining OPENLDK::|sun/invoke/util/VerifyAccess.isMemberAccessible(Ljava/lang/Class;Ljava/lang/Class;ILjava/lang/Class;I)| in DEFUN
; in:
;      PROGN (DEFUN OPENLDK::|sun/invoke/util/VerifyAccess.isClassAccessible(Ljava/lang/Class;Ljava/lang/Class;I)|
;               (OPENLDK::|arg0| OPENLDK::|arg1| OPENLDK::|arg2|)
;          "bridge=NIL"
;          (LET ((OPENLDK::|condition-cache|)
;                (OPENLDK::|s{21}|)
;                (OPENLDK::|s{20}|)
;                (OPENLDK::|s{19}|)
;                (OPENLDK::|s{16}|)
;                (OPENLDK::|s{14}|)
;                (OPENLDK::|s{13}|)
;                (OPENLDK::|s{12}|)
;                (OPENLDK::|s{11}|)
;                (OPENLDK::|s{10}|)
;                (OPENLDK::|s{7}|)
;                (OPENLDK::|s{4}|)
;                ...)
;            (BLOCK NIL
;              (TAGBODY
;               |branch-target-0|
;                (SETF #)
;                (WHEN # #)
;               |branch-target-4|
;                (LET #
;                  #
;                  #)
;               |branch-target-6|
;                (UNLESS # #)
;                (SETF #)
;                (WHEN # #)
;               |branch-target-12|
;                (SETF #) ...))))
;     (OPENLDK::|condition-cache|)
; 
; caught STYLE-WARNING:
;   The variable OPENLDK::|condition-cache| is assigned but never read.

;     (OPENLDK::|s{20}|)
; 
; caught STYLE-WARNING:
;   The variable OPENLDK::|s{20}| is assigned but never read.

;     (OPENLDK::|s{19}|)
; 
; caught STYLE-WARNING:
;   The variable OPENLDK::|s{19}| is assigned but never read.

;     (OPENLDK::|s{16}|)
; 
; caught STYLE-WARNING:
;   The variable OPENLDK::|s{16}| is assigned but never read.

;     (OPENLDK::|s{13}|)
; 
; caught STYLE-WARNING:
;   The variable OPENLDK::|s{13}| is assigned but never read.

;     (OPENLDK::|s{11}|)
; 
; caught STYLE-WARNING:
;   The variable OPENLDK::|s{11}| is assigned but never read.

;     (OPENLDK::|s{7}|)
; 
; caught STYLE-WARNING:
;   The variable OPENLDK::|s{7}| is assigned but never read.

;     (OPENLDK::|s{4}|)
; 
; caught STYLE-WARNING:
;   The variable OPENLDK::|s{4}| is assigned but never read.

;     (OPENLDK::|s{1}|)
; 
; caught STYLE-WARNING:
;   The variable OPENLDK::|s{1}| is assigned but never read.

;     (OPENLDK::|local-4|)
; 
; caught STYLE-WARNING:
;   The variable OPENLDK::|local-4| is defined but never used.

;     (OPENLDK::|local-5|)
; 
; caught STYLE-WARNING:
;   The variable OPENLDK::|local-5| is defined but never used.

;     (OPENLDK::|local-6|)
; 
; caught STYLE-WARNING:
;   The variable OPENLDK::|local-6| is defined but never used.
; 
; compilation unit finished
;   caught 12 STYLE-WARNING conditions
WARNING:
   redefining OPENLDK::|sun/invoke/util/VerifyAccess.isClassAccessible(Ljava/lang/Class;Ljava/lang/Class;I)| in DEFUN
; in:
;      PROGN (DEFUN OPENLDK::|sun/invoke/util/VerifyAccess.getClassModifiers(Ljava/lang/Class;)|
;               (OPENLDK::|arg0|)
;          "bridge=NIL"
;          (LET ((OPENLDK::|condition-cache|)
;                (OPENLDK::|s{8}|)
;                (OPENLDK::|s{7}|)
;                (OPENLDK::|s{6}|)
;                (OPENLDK::|s{5}|)
;                (OPENLDK::|s{4}|)
;                (OPENLDK::|s{3}|)
;                (OPENLDK::|s{2}|)
;                (OPENLDK::|s{1}|)
;                (OPENLDK::|local-0| OPENLDK::|arg0|)
;                (OPENLDK::|local-1|)
;                (OPENLDK::|local-2|)
;                ...)
;            (BLOCK NIL
;              (TAGBODY
;               |branch-target-0|
;                (SETF #)
;                (SETF #)
;                (WHEN # #)
;               |branch-target-7|
;                (SETF #)
;                (SETF #)
;                (WHEN # #)
;               |branch-target-14|
;                (SETF #)
;                (SETF #) ...))))
;     (OPENLDK::|condition-cache|)
; 
; caught STYLE-WARNING:
;   The variable OPENLDK::|condition-cache| is defined but never used.

;     (OPENLDK::|s{7}|)
; 
; caught STYLE-WARNING:
;   The variable OPENLDK::|s{7}| is assigned but never read.

;     (OPENLDK::|s{5}|)
; 
; caught STYLE-WARNING:
;   The variable OPENLDK::|s{5}| is assigned but never read.

;     (OPENLDK::|s{3}|)
; 
; caught STYLE-WARNING:
;   The variable OPENLDK::|s{3}| is assigned but never read.

;     (OPENLDK::|s{1}|)
; 
; caught STYLE-WARNING:
;   The variable OPENLDK::|s{1}| is assigned but never read.

;     (OPENLDK::|local-1|)
; 
; caught STYLE-WARNING:
;   The variable OPENLDK::|local-1| is defined but never used.

;     (OPENLDK::|local-2|)
; 
; caught STYLE-WARNING:
;   The variable OPENLDK::|local-2| is defined but never used.

;     (OPENLDK::|local-3|)
; 
; caught STYLE-WARNING:
;   The variable OPENLDK::|local-3| is defined but never used.
; 
; compilation unit finished
;   caught 8 STYLE-WARNING conditions
WARNING:
   redefining OPENLDK::|sun/invoke/util/VerifyAccess.getClassModifiers(Ljava/lang/Class;)| in DEFUN
; in:
;      PROGN (DEFMETHOD OPENLDK::|checkSecurityManager(Ljava/lang/Class;Ljava/lang/invoke/MemberName;)|
;                   (
;                    (OPENLDK::|this|
;                     OPENLDK::|java/lang/invoke/MethodHandles$Lookup|)
;                    OPENLDK::|arg1| OPENLDK::|arg2|)
;          (SETF OPENLDK::*FORCE-THIS-TO-BE-USED* OPENLDK::|this|)
;          "bridge=NIL"
;          (LET ((OPENLDK::|condition-cache|)
;                (OPENLDK::|s{24}|)
;                (OPENLDK::|s{23}|)
;                (OPENLDK::|s{22}|)
;                (OPENLDK::|s{21}|)
;                (OPENLDK::|s{20}|)
;                (OPENLDK::|s{19}|)
;                (OPENLDK::|s{18}|)
;                (OPENLDK::|s{17}|)
;                (OPENLDK::|s{16}|)
;                (OPENLDK::|s{15}|)
;                (OPENLDK::|s{14}|)
;                ...)
;            (BLOCK NIL
;              (TAGBODY
;               |branch-target-0|
;                (UNLESS # #)
;                (SETF #)
;                (SETF #)
;                (SETF #)
;                (WHEN # #)
;               |branch-target-8|
;                (RETURN)
;               |branch-target-9|
;                (SETF #)
;                (SETF #) ...))))
;     (OPENLDK::|condition-cache|)
; 
; caught STYLE-WARNING:
;   The variable OPENLDK::|condition-cache| is defined but never used.

;     (OPENLDK::|s{24}|)
; 
; caught STYLE-WARNING:
;   The variable OPENLDK::|s{24}| is assigned but never read.

;     (OPENLDK::|s{23}|)
; 
; caught STYLE-WARNING:
;   The variable OPENLDK::|s{23}| is assigned but never read.

;     (OPENLDK::|s{22}|)
; 
; caught STYLE-WARNING:
;   The variable OPENLDK::|s{22}| is assigned but never read.

;     (OPENLDK::|s{21}|)
; 
; caught STYLE-WARNING:
;   The variable OPENLDK::|s{21}| is assigned but never read.

;     (OPENLDK::|s{19}|)
; 
; caught STYLE-WARNING:
;   The variable OPENLDK::|s{19}| is assigned but never read.

;     (OPENLDK::|s{17}|)
; 
; caught STYLE-WARNING:
;   The variable OPENLDK::|s{17}| is assigned but never read.

;     (OPENLDK::|s{16}|)
; 
; caught STYLE-WARNING:
;   The variable OPENLDK::|s{16}| is assigned but never read.

;     (OPENLDK::|s{14}|)
; 
; caught STYLE-WARNING:
;   The variable OPENLDK::|s{14}| is assigned but never read.

;     (OPENLDK::|s{13}|)
; 
; caught STYLE-WARNING:
;   The variable OPENLDK::|s{13}| is assigned but never read.

;     (OPENLDK::|s{11}|)
; 
; caught STYLE-WARNING:
;   The variable OPENLDK::|s{11}| is assigned but never read.

;     (OPENLDK::|s{9}|)
; 
; caught STYLE-WARNING:
;   The variable OPENLDK::|s{9}| is assigned but never read.

;     (OPENLDK::|s{8}|)
; 
; caught STYLE-WARNING:
;   The variable OPENLDK::|s{8}| is assigned but never read.

;     (OPENLDK::|s{6}|)
; 
; caught STYLE-WARNING:
;   The variable OPENLDK::|s{6}| is assigned but never read.

;     (OPENLDK::|s{3}|)
; 
; caught STYLE-WARNING:
;   The variable OPENLDK::|s{3}| is assigned but never read.

;     (OPENLDK::|s{2}|)
; 
; caught STYLE-WARNING:
;   The variable OPENLDK::|s{2}| is assigned but never read.

;     (OPENLDK::|local-6|)
; 
; caught STYLE-WARNING:
;   The variable OPENLDK::|local-6| is defined but never used.

;     (OPENLDK::|local-7|)
; 
; caught STYLE-WARNING:
;   The variable OPENLDK::|local-7| is defined but never used.

;     (OPENLDK::|local-8|)
; 
; caught STYLE-WARNING:
;   The variable OPENLDK::|local-8| is defined but never used.
; 
; compilation unit finished
;   caught 19 STYLE-WARNING conditions
WARNING:
   redefining OPENLDK::|checkSecurityManager(Ljava/lang/Class;Ljava/lang/invoke/MemberName;)| (#<STANDARD-CLASS OPENLDK::|java/lang/invoke/MethodHandles$Lookup|>
                                                                                               #<SB-PCL:SYSTEM-CLASS COMMON-LISP:T>
                                                                                               #<SB-PCL:SYSTEM-CLASS COMMON-LISP:T>) in DEFMETHOD
; in:
;      PROGN (DEFMETHOD OPENLDK::|isCallerSensitive()|
;                   ((OPENLDK::|this| OPENLDK::|java/lang/invoke/MemberName|))
;          (SETF OPENLDK::*FORCE-THIS-TO-BE-USED* OPENLDK::|this|)
;          "bridge=NIL"
;          (LET ((OPENLDK::|condition-cache|)
;                (OPENLDK::|s{3}|)
;                (OPENLDK::|s{1}|)
;                (OPENLDK::|local-0| OPENLDK::|this|)
;                (OPENLDK::|local-1|)
;                (OPENLDK::|local-2|)
;                (OPENLDK::|local-3|))
;            (BLOCK NIL
;              (TAGBODY
;               |branch-target-0|
;                (SETF #)
;                (SETF #)
;                (LET #
;                  #
;                  #)))))
;     (OPENLDK::|condition-cache|)
; 
; caught STYLE-WARNING:
;   The variable OPENLDK::|condition-cache| is defined but never used.

;     (OPENLDK::|s{1}|)
; 
; caught STYLE-WARNING:
;   The variable OPENLDK::|s{1}| is assigned but never read.

;     (OPENLDK::|local-1|)
; 
; caught STYLE-WARNING:
;   The variable OPENLDK::|local-1| is defined but never used.

;     (OPENLDK::|local-2|)
; 
; caught STYLE-WARNING:
;   The variable OPENLDK::|local-2| is defined but never used.

;     (OPENLDK::|local-3|)
; 
; caught STYLE-WARNING:
;   The variable OPENLDK::|local-3| is defined but never used.
; 
; compilation unit finished
;   caught 5 STYLE-WARNING conditions
WARNING:
   redefining OPENLDK::|isCallerSensitive()| (#<STANDARD-CLASS OPENLDK::|java/lang/invoke/MemberName|>) in DEFMETHOD
; in:
;      PROGN (DEFMETHOD OPENLDK::|testAllFlags(I)|
;                   ((OPENLDK::|this| OPENLDK::|java/lang/invoke/MemberName|)
;                    OPENLDK::|arg1|)
;          (SETF OPENLDK::*FORCE-THIS-TO-BE-USED* OPENLDK::|this|)
;          "bridge=NIL"
;          (LET ((OPENLDK::|condition-cache|)
;                (OPENLDK::|s{4}|)
;                (OPENLDK::|s{3}|)
;                (OPENLDK::|s{2}|)
;                (OPENLDK::|s{1}|)
;                (OPENLDK::|local-0| OPENLDK::|this|)
;                (OPENLDK::|local-1| OPENLDK::|arg1|)
;                (OPENLDK::|local-2|)
;                (OPENLDK::|local-3|)
;                (OPENLDK::|local-4|))
;            (BLOCK NIL
;              (TAGBODY
;               |branch-target-0|
;                (SETF #)
;                (SETF #)
;                (SETF #)
;                (SETF #)
;                (LET #
;                  #
;                  #)))))
;     (OPENLDK::|condition-cache|)
; 
; caught STYLE-WARNING:
;   The variable OPENLDK::|condition-cache| is defined but never used.

;     (OPENLDK::|s{3}|)
; 
; caught STYLE-WARNING:
;   The variable OPENLDK::|s{3}| is assigned but never read.

;     (OPENLDK::|s{2}|)
; 
; caught STYLE-WARNING:
;   The variable OPENLDK::|s{2}| is assigned but never read.

;     (OPENLDK::|s{1}|)
; 
; caught STYLE-WARNING:
;   The variable OPENLDK::|s{1}| is assigned but never read.

;     (OPENLDK::|local-2|)
; 
; caught STYLE-WARNING:
;   The variable OPENLDK::|local-2| is defined but never used.

;     (OPENLDK::|local-3|)
; 
; caught STYLE-WARNING:
;   The variable OPENLDK::|local-3| is defined but never used.

;     (OPENLDK::|local-4|)
; 
; caught STYLE-WARNING:
;   The variable OPENLDK::|local-4| is defined but never used.
; 
; compilation unit finished
;   caught 7 STYLE-WARNING conditions
WARNING:
   redefining OPENLDK::|testAllFlags(I)| (#<STANDARD-CLASS OPENLDK::|java/lang/invoke/MemberName|>
                                          #<SB-PCL:SYSTEM-CLASS COMMON-LISP:T>) in DEFMETHOD
; in:
;      PROGN (DEFMETHOD OPENLDK::|testFlags(II)|
;                   ((OPENLDK::|this| OPENLDK::|java/lang/invoke/MemberName|)
;                    OPENLDK::|arg1| OPENLDK::|arg2|)
;          (SETF OPENLDK::*FORCE-THIS-TO-BE-USED* OPENLDK::|this|)
;          "bridge=NIL"
;          (LET ((OPENLDK::|condition-cache|)
;                (OPENLDK::|s{6,7}|)
;                (OPENLDK::|s{5}|)
;                (OPENLDK::|s{3}|)
;                (OPENLDK::|s{2}|)
;                (OPENLDK::|s{1}|)
;                (OPENLDK::|local-0| OPENLDK::|this|)
;                (OPENLDK::|local-1| OPENLDK::|arg1|)
;                (OPENLDK::|local-2| OPENLDK::|arg2|)
;                (OPENLDK::|local-3|)
;                (OPENLDK::|local-4|)
;                (OPENLDK::|local-5|))
;            (BLOCK NIL
;              (TAGBODY
;               |branch-target-0|
;                (SETF #)
;                (SETF #)
;                (SETF #)
;                (SETF #)
;                (WHEN # #)
;               |branch-target-10|
;                (SETF #)
;                (GO |branch-target-15|)
;               |branch-target-15|
;                (LET #
;                  #
;                  #) ...))))
;     (OPENLDK::|condition-cache|)
; 
; caught STYLE-WARNING:
;   The variable OPENLDK::|condition-cache| is defined but never used.

;     (OPENLDK::|s{5}|)
; 
; caught STYLE-WARNING:
;   The variable OPENLDK::|s{5}| is assigned but never read.

;     (OPENLDK::|s{3}|)
; 
; caught STYLE-WARNING:
;   The variable OPENLDK::|s{3}| is assigned but never read.

;     (OPENLDK::|s{1}|)
; 
; caught STYLE-WARNING:
;   The variable OPENLDK::|s{1}| is assigned but never read.

;     (OPENLDK::|local-3|)
; 
; caught STYLE-WARNING:
;   The variable OPENLDK::|local-3| is defined but never used.

;     (OPENLDK::|local-4|)
; 
; caught STYLE-WARNING:
;   The variable OPENLDK::|local-4| is defined but never used.

;     (OPENLDK::|local-5|)
; 
; caught STYLE-WARNING:
;   The variable OPENLDK::|local-5| is defined but never used.
; 
; compilation unit finished
;   caught 7 STYLE-WARNING conditions
WARNING:
   redefining OPENLDK::|testFlags(II)| (#<STANDARD-CLASS OPENLDK::|java/lang/invoke/MemberName|>
                                        #<SB-PCL:SYSTEM-CLASS COMMON-LISP:T>
                                        #<SB-PCL:SYSTEM-CLASS COMMON-LISP:T>) in DEFMETHOD
; in:
;      PROGN (DEFMETHOD OPENLDK::|<init>(Ljava/lang/invoke/MethodHandles$Lookup;Ljava/lang/invoke/MemberName;B)|
;                   (
;                    (OPENLDK::|this|
;                     OPENLDK::|java/lang/invoke/InfoFromMemberName|)
;                    OPENLDK::|arg1| OPENLDK::|arg2| OPENLDK::|arg3|)
;          (SETF OPENLDK::*FORCE-THIS-TO-BE-USED* OPENLDK::|this|)
;          "bridge=NIL"
;          (LET ((OPENLDK::|condition-cache|)
;                (OPENLDK::|s{16}|)
;                (OPENLDK::|s{15}|)
;                (OPENLDK::|s{14}|)
;                (OPENLDK::|s{13}|)
;                (OPENLDK::|s{12}|)
;                (OPENLDK::|s{11}|)
;                (OPENLDK::|s{10}|)
;                (OPENLDK::|s{9}|)
;                (OPENLDK::|s{8}|)
;                (OPENLDK::|s{7}|)
;                (OPENLDK::|s{6}|)
;                ...)
;            (BLOCK NIL
;              (TAGBODY
;               |branch-target-0|
;                (SETF #)
;                (OPENLDK::INVOKE-SPECIAL 'OPENLDK::|<init>()|
;                                         'OPENLDK::|java/lang/Object| #)
;                (UNLESS # #)
;                (SETF #)
;                (WHEN # #)
;               |branch-target-10|
;                (SETF #)
;                (SETF #)
;                (WHEN # #)
;               |branch-target-17| ...))))
;     (OPENLDK::|condition-cache|)
; 
; caught STYLE-WARNING:
;   The variable OPENLDK::|condition-cache| is assigned but never read.

;     (OPENLDK::|s{16}|)
; 
; caught STYLE-WARNING:
;   The variable OPENLDK::|s{16}| is assigned but never read.

;     (OPENLDK::|s{14}|)
; 
; caught STYLE-WARNING:
;   The variable OPENLDK::|s{14}| is assigned but never read.

;     (OPENLDK::|s{10}|)
; 
; caught STYLE-WARNING:
;   The variable OPENLDK::|s{10}| is assigned but never read.

;     (OPENLDK::|s{9}|)
; 
; caught STYLE-WARNING:
;   The variable OPENLDK::|s{9}| is assigned but never read.

;     (OPENLDK::|s{5}|)
; 
; caught STYLE-WARNING:
;   The variable OPENLDK::|s{5}| is assigned but never read.

;     (OPENLDK::|s{3}|)
; 
; caught STYLE-WARNING:
;   The variable OPENLDK::|s{3}| is assigned but never read.

;     (OPENLDK::|s{1}|)
; 
; caught STYLE-WARNING:
;   The variable OPENLDK::|s{1}| is assigned but never read.

;     (OPENLDK::|local-1| OPENLDK::|arg1|)
; 
; caught STYLE-WARNING:
;   The variable OPENLDK::|local-1| is defined but never used.

;     (OPENLDK::|local-4|)
; 
; caught STYLE-WARNING:
;   The variable OPENLDK::|local-4| is defined but never used.

;     (OPENLDK::|local-5|)
; 
; caught STYLE-WARNING:
;   The variable OPENLDK::|local-5| is defined but never used.

;     (OPENLDK::|local-6|)
; 
; caught STYLE-WARNING:
;   The variable OPENLDK::|local-6| is defined but never used.
; 
; compilation unit finished
;   caught 12 STYLE-WARNING conditions
WARNING:
   redefining OPENLDK::|<init>(Ljava/lang/invoke/MethodHandles$Lookup;Ljava/lang/invoke/MemberName;B)| (#<STANDARD-CLASS OPENLDK::|java/lang/invoke/InfoFromMemberName|>
                                                                                                        #<SB-PCL:SYSTEM-CLASS COMMON-LISP:T>
                                                                                                        #<SB-PCL:SYSTEM-CLASS COMMON-LISP:T>
                                                                                                        #<SB-PCL:SYSTEM-CLASS COMMON-LISP:T>) in DEFMETHOD
; in:
;      PROGN (DEFUN OPENLDK::|java/lang/invoke/InfoFromMemberName.<clinit>()| ()
;          "bridge=NIL"
;          (LET ((OPENLDK::|condition-cache|)
;                (OPENLDK::|s{3,4}|)
;                (OPENLDK::|s{2}|)
;                (OPENLDK::|local-0|)
;                (OPENLDK::|local-1|)
;                (OPENLDK::|local-2|))
;            (BLOCK NIL
;              (TAGBODY
;               |branch-target-0|
;                (SETF #)
;                (WHEN # #)
;               |branch-target-8|
;                (SETF #)
;                (GO |branch-target-13|)
;               |branch-target-13|
;                (SETF #)
;                (RETURN)
;               |branch-target-12|
;                (SETF #) ...))))
;     (OPENLDK::|condition-cache|)
; 
; caught STYLE-WARNING:
;   The variable OPENLDK::|condition-cache| is defined but never used.

;     (OPENLDK::|local-0|)
; 
; caught STYLE-WARNING:
;   The variable OPENLDK::|local-0| is defined but never used.

;     (OPENLDK::|local-1|)
; 
; caught STYLE-WARNING:
;   The variable OPENLDK::|local-1| is defined but never used.

;     (OPENLDK::|local-2|)
; 
; caught STYLE-WARNING:
;   The variable OPENLDK::|local-2| is defined but never used.
; 
; compilation unit finished
;   caught 4 STYLE-WARNING conditions
WARNING:
   redefining OPENLDK::|java/lang/invoke/InfoFromMemberName.<clinit>()| in DEFUN
; in:
;      PROGN (DEFMETHOD OPENLDK::|getReferenceKind()|
;                   (
;                    (OPENLDK::|this|
;                     OPENLDK::|java/lang/invoke/InfoFromMemberName|))
;          (SETF OPENLDK::*FORCE-THIS-TO-BE-USED* OPENLDK::|this|)
;          "bridge=NIL"
;          (LET ((OPENLDK::|condition-cache|)
;                (OPENLDK::|s{2}|)
;                (OPENLDK::|s{1}|)
;                (OPENLDK::|local-0| OPENLDK::|this|)
;                (OPENLDK::|local-1|)
;                (OPENLDK::|local-2|)
;                (OPENLDK::|local-3|))
;            (BLOCK NIL
;              (TAGBODY
;               |branch-target-0|
;                (SETF #)
;                (SETF #)
;                (LET #
;                  #
;                  #)))))
;     (OPENLDK::|condition-cache|)
; 
; caught STYLE-WARNING:
;   The variable OPENLDK::|condition-cache| is defined but never used.

;     (OPENLDK::|s{1}|)
; 
; caught STYLE-WARNING:
;   The variable OPENLDK::|s{1}| is assigned but never read.

;     (OPENLDK::|local-1|)
; 
; caught STYLE-WARNING:
;   The variable OPENLDK::|local-1| is defined but never used.

;     (OPENLDK::|local-2|)
; 
; caught STYLE-WARNING:
;   The variable OPENLDK::|local-2| is defined but never used.

;     (OPENLDK::|local-3|)
; 
; caught STYLE-WARNING:
;   The variable OPENLDK::|local-3| is defined but never used.
; 
; compilation unit finished
;   caught 5 STYLE-WARNING conditions
WARNING:
   redefining OPENLDK::|getReferenceKind()| (#<STANDARD-CLASS OPENLDK::|java/lang/invoke/InfoFromMemberName|>) in DEFMETHOD
; in:
;      PROGN (DEFMETHOD OPENLDK::|getDeclaringClass()|
;                   (
;                    (OPENLDK::|this|
;                     OPENLDK::|java/lang/invoke/InfoFromMemberName|))
;          (SETF OPENLDK::*FORCE-THIS-TO-BE-USED* OPENLDK::|this|)
;          "bridge=NIL"
;          (LET ((OPENLDK::|condition-cache|)
;                (OPENLDK::|s{3}|)
;                (OPENLDK::|s{2}|)
;                (OPENLDK::|s{1}|)
;                (OPENLDK::|local-0| OPENLDK::|this|)
;                (OPENLDK::|local-1|)
;                (OPENLDK::|local-2|)
;                (OPENLDK::|local-3|))
;            (BLOCK NIL
;              (TAGBODY
;               |branch-target-0|
;                (SETF #)
;                (SETF #)
;                (SETF #)
;                (LET #
;                  #
;                  #)))))
;     (OPENLDK::|condition-cache|)
; 
; caught STYLE-WARNING:
;   The variable OPENLDK::|condition-cache| is defined but never used.

;     (OPENLDK::|s{1}|)
; 
; caught STYLE-WARNING:
;   The variable OPENLDK::|s{1}| is assigned but never read.

;     (OPENLDK::|local-1|)
; 
; caught STYLE-WARNING:
;   The variable OPENLDK::|local-1| is defined but never used.

;     (OPENLDK::|local-2|)
; 
; caught STYLE-WARNING:
;   The variable OPENLDK::|local-2| is defined but never used.

;     (OPENLDK::|local-3|)
; 
; caught STYLE-WARNING:
;   The variable OPENLDK::|local-3| is defined but never used.
; 
; compilation unit finished
;   caught 5 STYLE-WARNING conditions
WARNING:
   redefining OPENLDK::|getDeclaringClass()| (#<STANDARD-CLASS OPENLDK::|java/lang/invoke/InfoFromMemberName|>) in DEFMETHOD
; in:
;      PROGN (DEFMETHOD OPENLDK::|getMethodType()|
;                   (
;                    (OPENLDK::|this|
;                     OPENLDK::|java/lang/invoke/InfoFromMemberName|))
;          (SETF OPENLDK::*FORCE-THIS-TO-BE-USED* OPENLDK::|this|)
;          "bridge=NIL"
;          (LET ((OPENLDK::|condition-cache|)
;                (OPENLDK::|s{3}|)
;                (OPENLDK::|s{2}|)
;                (OPENLDK::|s{1}|)
;                (OPENLDK::|local-0| OPENLDK::|this|)
;                (OPENLDK::|local-1|)
;                (OPENLDK::|local-2|)
;                (OPENLDK::|local-3|))
;            (BLOCK NIL
;              (TAGBODY
;               |branch-target-0|
;                (SETF #)
;                (SETF #)
;                (SETF #)
;                (LET #
;                  #
;                  #)))))
;     (OPENLDK::|condition-cache|)
; 
; caught STYLE-WARNING:
;   The variable OPENLDK::|condition-cache| is defined but never used.

;     (OPENLDK::|s{1}|)
; 
; caught STYLE-WARNING:
;   The variable OPENLDK::|s{1}| is assigned but never read.

;     (OPENLDK::|local-1|)
; 
; caught STYLE-WARNING:
;   The variable OPENLDK::|local-1| is defined but never used.

;     (OPENLDK::|local-2|)
; 
; caught STYLE-WARNING:
;   The variable OPENLDK::|local-2| is defined but never used.

;     (OPENLDK::|local-3|)
; 
; caught STYLE-WARNING:
;   The variable OPENLDK::|local-3| is defined but never used.
; 
; compilation unit finished
;   caught 5 STYLE-WARNING conditions
WARNING:
   redefining OPENLDK::|getMethodType()| (#<STANDARD-CLASS OPENLDK::|java/lang/invoke/InfoFromMemberName|>) in DEFMETHOD
; in:
;      PROGN (DEFMETHOD OPENLDK::|getMethodOrFieldType()|
;                   ((OPENLDK::|this| OPENLDK::|java/lang/invoke/MemberName|))
;          (SETF OPENLDK::*FORCE-THIS-TO-BE-USED* OPENLDK::|this|)
;          "bridge=NIL"
;          (LET ((OPENLDK::|condition-cache|)
;                (OPENLDK::|s{22}|)
;                (OPENLDK::|s{21}|)
;                (OPENLDK::|s{20}|)
;                (OPENLDK::|s{19}|)
;                (OPENLDK::|s{17}|)
;                (OPENLDK::|s{16}|)
;                (OPENLDK::|s{15}|)
;                (OPENLDK::|s{14}|)
;                (OPENLDK::|s{13}|)
;                (OPENLDK::|s{12}|)
;                (OPENLDK::|s{11}|)
;                ...)
;            (BLOCK NIL
;              (TAGBODY
;               |branch-target-0|
;                (SETF #)
;                (SETF #)
;                (WHEN # #)
;               |branch-target-7|
;                (SETF #)
;                (SETF #)
;                (LET #
;                  #
;                  #)
;               |branch-target-12|
;                (SETF #)
;                (SETF #) ...))))
;     (OPENLDK::|condition-cache|)
; 
; caught STYLE-WARNING:
;   The variable OPENLDK::|condition-cache| is assigned but never read.

;     (OPENLDK::|s{20}|)
; 
; caught STYLE-WARNING:
;   The variable OPENLDK::|s{20}| is assigned but never read.

;     (OPENLDK::|s{13}|)
; 
; caught STYLE-WARNING:
;   The variable OPENLDK::|s{13}| is assigned but never read.

;     (OPENLDK::|s{10}|)
; 
; caught STYLE-WARNING:
;   The variable OPENLDK::|s{10}| is assigned but never read.

;     (OPENLDK::|s{7}|)
; 
; caught STYLE-WARNING:
;   The variable OPENLDK::|s{7}| is assigned but never read.

;     (OPENLDK::|s{5}|)
; 
; caught STYLE-WARNING:
;   The variable OPENLDK::|s{5}| is assigned but never read.

;     (OPENLDK::|s{3}|)
; 
; caught STYLE-WARNING:
;   The variable OPENLDK::|s{3}| is assigned but never read.

;     (OPENLDK::|s{1}|)
; 
; caught STYLE-WARNING:
;   The variable OPENLDK::|s{1}| is assigned but never read.

;     (OPENLDK::|local-1|)
; 
; caught STYLE-WARNING:
;   The variable OPENLDK::|local-1| is defined but never used.

;     (OPENLDK::|local-2|)
; 
; caught STYLE-WARNING:
;   The variable OPENLDK::|local-2| is defined but never used.

;     (OPENLDK::|local-3|)
; 
; caught STYLE-WARNING:
;   The variable OPENLDK::|local-3| is defined but never used.
; 
; compilation unit finished
;   caught 11 STYLE-WARNING conditions
WARNING:
   redefining OPENLDK::|getMethodOrFieldType()| (#<STANDARD-CLASS OPENLDK::|java/lang/invoke/MemberName|>) in DEFMETHOD
; in:
;      PROGN (DEFMETHOD OPENLDK::|isInvocable()|
;                   ((OPENLDK::|this| OPENLDK::|java/lang/invoke/MemberName|))
;          (SETF OPENLDK::*FORCE-THIS-TO-BE-USED* OPENLDK::|this|)
;          "bridge=NIL"
;          (LET ((OPENLDK::|condition-cache|)
;                (OPENLDK::|s{3}|)
;                (OPENLDK::|s{1}|)
;                (OPENLDK::|local-0| OPENLDK::|this|)
;                (OPENLDK::|local-1|)
;                (OPENLDK::|local-2|)
;                (OPENLDK::|local-3|))
;            (BLOCK NIL
;              (TAGBODY
;               |branch-target-0|
;                (SETF #)
;                (SETF #)
;                (LET #
;                  #
;                  #)))))
;     (OPENLDK::|condition-cache|)
; 
; caught STYLE-WARNING:
;   The variable OPENLDK::|condition-cache| is defined but never used.

;     (OPENLDK::|s{1}|)
; 
; caught STYLE-WARNING:
;   The variable OPENLDK::|s{1}| is assigned but never read.

;     (OPENLDK::|local-1|)
; 
; caught STYLE-WARNING:
;   The variable OPENLDK::|local-1| is defined but never used.

;     (OPENLDK::|local-2|)
; 
; caught STYLE-WARNING:
;   The variable OPENLDK::|local-2| is defined but never used.

;     (OPENLDK::|local-3|)
; 
; caught STYLE-WARNING:
;   The variable OPENLDK::|local-3| is defined but never used.
; 
; compilation unit finished
;   caught 5 STYLE-WARNING conditions
WARNING:
   redefining OPENLDK::|isInvocable()| (#<STANDARD-CLASS OPENLDK::|java/lang/invoke/MemberName|>) in DEFMETHOD
; in:
;      PROGN (DEFMETHOD OPENLDK::|testAnyFlags(I)|
;                   ((OPENLDK::|this| OPENLDK::|java/lang/invoke/MemberName|)
;                    OPENLDK::|arg1|)
;          (SETF OPENLDK::*FORCE-THIS-TO-BE-USED* OPENLDK::|this|)
;          "bridge=NIL"
;          (LET ((OPENLDK::|condition-cache|)
;                (OPENLDK::|s{5,6}|)
;                (OPENLDK::|s{4}|)
;                (OPENLDK::|s{2}|)
;                (OPENLDK::|s{1}|)
;                (OPENLDK::|local-0| OPENLDK::|this|)
;                (OPENLDK::|local-1| OPENLDK::|arg1|)
;                (OPENLDK::|local-2|)
;                (OPENLDK::|local-3|)
;                (OPENLDK::|local-4|))
;            (BLOCK NIL
;              (TAGBODY
;               |branch-target-0|
;                (SETF #)
;                (SETF #)
;                (SETF #)
;                (WHEN # #)
;               |branch-target-9|
;                (SETF #)
;                (GO |branch-target-14|)
;               |branch-target-14|
;                (LET #
;                  #
;                  #)
;               |branch-target-13| ...))))
;     (OPENLDK::|condition-cache|)
; 
; caught STYLE-WARNING:
;   The variable OPENLDK::|condition-cache| is defined but never used.

;     (OPENLDK::|s{2}|)
; 
; caught STYLE-WARNING:
;   The variable OPENLDK::|s{2}| is assigned but never read.

;     (OPENLDK::|s{1}|)
; 
; caught STYLE-WARNING:
;   The variable OPENLDK::|s{1}| is assigned but never read.

;     (OPENLDK::|local-2|)
; 
; caught STYLE-WARNING:
;   The variable OPENLDK::|local-2| is defined but never used.

;     (OPENLDK::|local-3|)
; 
; caught STYLE-WARNING:
;   The variable OPENLDK::|local-3| is defined but never used.

;     (OPENLDK::|local-4|)
; 
; caught STYLE-WARNING:
;   The variable OPENLDK::|local-4| is defined but never used.
; 
; compilation unit finished
;   caught 6 STYLE-WARNING conditions
WARNING:
   redefining OPENLDK::|testAnyFlags(I)| (#<STANDARD-CLASS OPENLDK::|java/lang/invoke/MemberName|>
                                          #<SB-PCL:SYSTEM-CLASS COMMON-LISP:T>) in DEFMETHOD
; in:
;      PROGN (DEFMETHOD OPENLDK::|getMethodType()|
;                   ((OPENLDK::|this| OPENLDK::|java/lang/invoke/MemberName|))
;          (SETF OPENLDK::*FORCE-THIS-TO-BE-USED* OPENLDK::|this|)
;          "bridge=NIL"
;          (LET ((OPENLDK::|condition-cache|)
;                (OPENLDK::|s{61}|)
;                (OPENLDK::|s{60}|)
;                (OPENLDK::|s{59}|)
;                (OPENLDK::|s{58}|)
;                (OPENLDK::|s{57}|)
;                (OPENLDK::|s{56}|)
;                (OPENLDK::|s{55}|)
;                (OPENLDK::|s{54}|)
;                (OPENLDK::|s{53}|)
;                (OPENLDK::|s{52}|)
;                (OPENLDK::|s{51}|)
;                ...)
;            (HANDLER-BIND ((SB-INT:INVALID-ARRAY-INDEX-ERROR #) (TYPE-ERROR #))
;              (BLOCK NIL
;                (TAGBODY
;                 |branch-target-0|
;                  #
;                  #
;                  #
;                 |branch-target-7|
;                  #
;                  #
;                  #
;                  #
;                  #
;                 |branch-target-18| ...)))))
;     (SB-INT:INVALID-ARRAY-INDEX-ERROR
;      (LAMBDA (OPENLDK::E)
;        (ERROR
;         (OPENLDK::%LISP-CONDITION
;          (OPENLDK::%MAKE-THROWABLE
;           'OPENLDK::|java/lang/ArrayIndexOutOfBoundsException|)))))
; 
; caught STYLE-WARNING:
;   The variable OPENLDK::E is defined but never used.

;     (OPENLDK::|s{60}|)
; 
; caught STYLE-WARNING:
;   The variable OPENLDK::|s{60}| is assigned but never read.

;     (OPENLDK::|s{59}|)
; 
; caught STYLE-WARNING:
;   The variable OPENLDK::|s{59}| is assigned but never read.

;     (OPENLDK::|s{58}|)
; 
; caught STYLE-WARNING:
;   The variable OPENLDK::|s{58}| is assigned but never read.

;     (OPENLDK::|s{56}|)
; 
; caught STYLE-WARNING:
;   The variable OPENLDK::|s{56}| is assigned but never read.

;     (OPENLDK::|s{52}|)
; 
; caught STYLE-WARNING:
;   The variable OPENLDK::|s{52}| is assigned but never read.

;     (OPENLDK::|s{45}|)
; 
; caught STYLE-WARNING:
;   The variable OPENLDK::|s{45}| is assigned but never read.

;     (OPENLDK::|s{43}|)
; 
; caught STYLE-WARNING:
;   The variable OPENLDK::|s{43}| is assigned but never read.

;     (OPENLDK::|s{40}|)
; 
; caught STYLE-WARNING:
;   The variable OPENLDK::|s{40}| is assigned but never read.

;     (OPENLDK::|s{39}|)
; 
; caught STYLE-WARNING:
;   The variable OPENLDK::|s{39}| is assigned but never read.

;     (OPENLDK::|s{36}|)
; 
; caught STYLE-WARNING:
;   The variable OPENLDK::|s{36}| is assigned but never read.

;     (OPENLDK::|s{33}|)
; 
; caught STYLE-WARNING:
;   The variable OPENLDK::|s{33}| is assigned but never read.

;     (OPENLDK::|s{31}|)
; 
; caught STYLE-WARNING:
;   The variable OPENLDK::|s{31}| is assigned but never read.

;     (OPENLDK::|s{28}|)
; 
; caught STYLE-WARNING:
;   The variable OPENLDK::|s{28}| is assigned but never read.

;     (OPENLDK::|s{27}|)
; 
; caught STYLE-WARNING:
;   The variable OPENLDK::|s{27}| is assigned but never read.

;     (OPENLDK::|s{23}|)
; 
; caught STYLE-WARNING:
;   The variable OPENLDK::|s{23}| is assigned but never read.

;     (OPENLDK::|s{22}|)
; 
; caught STYLE-WARNING:
;   The variable OPENLDK::|s{22}| is assigned but never read.

;     (OPENLDK::|s{20}|)
; 
; caught STYLE-WARNING:
;   The variable OPENLDK::|s{20}| is assigned but never read.

;     (OPENLDK::|s{17}|)
; 
; caught STYLE-WARNING:
;   The variable OPENLDK::|s{17}| is assigned but never read.

;     (OPENLDK::|s{16}|)
; 
; caught STYLE-WARNING:
;   The variable OPENLDK::|s{16}| is assigned but never read.

;     (OPENLDK::|s{15}|)
; 
; caught STYLE-WARNING:
;   The variable OPENLDK::|s{15}| is assigned but never read.

;     (OPENLDK::|s{13}|)
; 
; caught STYLE-WARNING:
;   The variable OPENLDK::|s{13}| is assigned but never read.

;     (OPENLDK::|s{11}|)
; 
; caught STYLE-WARNING:
;   The variable OPENLDK::|s{11}| is assigned but never read.

;     (OPENLDK::|s{7}|)
; 
; caught STYLE-WARNING:
;   The variable OPENLDK::|s{7}| is assigned but never read.

;     (OPENLDK::|s{4}|)
; 
; caught STYLE-WARNING:
;   The variable OPENLDK::|s{4}| is assigned but never read.

;     (OPENLDK::|s{3}|)
; 
; caught STYLE-WARNING:
;   The variable OPENLDK::|s{3}| is assigned but never read.

;     (OPENLDK::|s{1}|)
; 
; caught STYLE-WARNING:
;   The variable OPENLDK::|s{1}| is assigned but never read.

;     (OPENLDK::|local-7|)
; 
; caught STYLE-WARNING:
;   The variable OPENLDK::|local-7| is defined but never used.

;     (OPENLDK::|local-8|)
; 
; caught STYLE-WARNING:
;   The variable OPENLDK::|local-8| is defined but never used.

;     (OPENLDK::|local-9|)
; 
; caught STYLE-WARNING:
;   The variable OPENLDK::|local-9| is defined but never used.
; 
; compilation unit finished
;   caught 30 STYLE-WARNING conditions
WARNING:
   redefining OPENLDK::|getMethodType()| (#<STANDARD-CLASS OPENLDK::|java/lang/invoke/MemberName|>) in DEFMETHOD
; in:
;      PROGN (DEFMETHOD OPENLDK::|getName()|
;                   (
;                    (OPENLDK::|this|
;                     OPENLDK::|java/lang/invoke/InfoFromMemberName|))
;          (SETF OPENLDK::*FORCE-THIS-TO-BE-USED* OPENLDK::|this|)
;          "bridge=NIL"
;          (LET ((OPENLDK::|condition-cache|)
;                (OPENLDK::|s{3}|)
;                (OPENLDK::|s{2}|)
;                (OPENLDK::|s{1}|)
;                (OPENLDK::|local-0| OPENLDK::|this|)
;                (OPENLDK::|local-1|)
;                (OPENLDK::|local-2|)
;                (OPENLDK::|local-3|))
;            (BLOCK NIL
;              (TAGBODY
;               |branch-target-0|
;                (SETF #)
;                (SETF #)
;                (SETF #)
;                (LET #
;                  #
;                  #)))))
;     (OPENLDK::|condition-cache|)
; 
; caught STYLE-WARNING:
;   The variable OPENLDK::|condition-cache| is defined but never used.

;     (OPENLDK::|s{1}|)
; 
; caught STYLE-WARNING:
;   The variable OPENLDK::|s{1}| is assigned but never read.

;     (OPENLDK::|local-1|)
; 
; caught STYLE-WARNING:
;   The variable OPENLDK::|local-1| is defined but never used.

;     (OPENLDK::|local-2|)
; 
; caught STYLE-WARNING:
;   The variable OPENLDK::|local-2| is defined but never used.

;     (OPENLDK::|local-3|)
; 
; caught STYLE-WARNING:
;   The variable OPENLDK::|local-3| is defined but never used.
; 
; compilation unit finished
;   caught 5 STYLE-WARNING conditions
WARNING:
   redefining OPENLDK::|getName()| (#<STANDARD-CLASS OPENLDK::|java/lang/invoke/InfoFromMemberName|>) in DEFMETHOD
; in:
;      PROGN (DEFMETHOD OPENLDK::|getName()|
;                   ((OPENLDK::|this| OPENLDK::|java/lang/invoke/MemberName|))
;          (SETF OPENLDK::*FORCE-THIS-TO-BE-USED* OPENLDK::|this|)
;          "bridge=NIL"
;          (LET ((OPENLDK::|condition-cache|)
;                (OPENLDK::|s{8}|)
;                (OPENLDK::|s{7}|)
;                (OPENLDK::|s{5}|)
;                (OPENLDK::|s{4}|)
;                (OPENLDK::|s{3}|)
;                (OPENLDK::|s{2}|)
;                (OPENLDK::|s{1}|)
;                (OPENLDK::|local-0| OPENLDK::|this|)
;                (OPENLDK::|local-1|)
;                (OPENLDK::|local-2|)
;                (OPENLDK::|local-3|))
;            (BLOCK NIL
;              (TAGBODY
;               |branch-target-0|
;                (SETF #)
;                (SETF #)
;                (WHEN # #)
;               |branch-target-7|
;                (SETF #)
;                (OPENLDK::INVOKE-SPECIAL 'OPENLDK::|expandFromVM()|
;                                         'OPENLDK::|java/lang/invoke/MemberName|
;                                         #)
;                (SETF #)
;                (SETF #)
;                (WHEN # #)
;               |branch-target-18| ...))))
;     (OPENLDK::|condition-cache|)
; 
; caught STYLE-WARNING:
;   The variable OPENLDK::|condition-cache| is defined but never used.

;     (OPENLDK::|s{7}|)
; 
; caught STYLE-WARNING:
;   The variable OPENLDK::|s{7}| is assigned but never read.

;     (OPENLDK::|s{4}|)
; 
; caught STYLE-WARNING:
;   The variable OPENLDK::|s{4}| is assigned but never read.

;     (OPENLDK::|s{3}|)
; 
; caught STYLE-WARNING:
;   The variable OPENLDK::|s{3}| is assigned but never read.

;     (OPENLDK::|s{1}|)
; 
; caught STYLE-WARNING:
;   The variable OPENLDK::|s{1}| is assigned but never read.

;     (OPENLDK::|local-1|)
; 
; caught STYLE-WARNING:
;   The variable OPENLDK::|local-1| is defined but never used.

;     (OPENLDK::|local-2|)
; 
; caught STYLE-WARNING:
;   The variable OPENLDK::|local-2| is defined but never used.

;     (OPENLDK::|local-3|)
; 
; caught STYLE-WARNING:
;   The variable OPENLDK::|local-3| is defined but never used.
; 
; compilation unit finished
;   caught 8 STYLE-WARNING conditions
WARNING:
   redefining OPENLDK::|getName()| (#<STANDARD-CLASS OPENLDK::|java/lang/invoke/MemberName|>) in DEFMETHOD
; in:
;      PROGN (DEFMETHOD OPENLDK::|toMethodDescriptorString()|
;                   ((OPENLDK::|this| OPENLDK::|java/lang/invoke/MethodType|))
;          (SETF OPENLDK::*FORCE-THIS-TO-BE-USED* OPENLDK::|this|)
;          "bridge=NIL"
;          (LET ((OPENLDK::|condition-cache|)
;                (OPENLDK::|s{8}|)
;                (OPENLDK::|s{7}|)
;                (OPENLDK::|s{6}|)
;                (OPENLDK::|s{5}|)
;                (OPENLDK::|s{4}|)
;                (OPENLDK::|s{3}|)
;                (OPENLDK::|s{2}|)
;                (OPENLDK::|s{1}|)
;                (OPENLDK::|local-0| OPENLDK::|this|)
;                (OPENLDK::|local-1|)
;                (OPENLDK::|local-2|)
;                ...)
;            (BLOCK NIL
;              (TAGBODY
;               |branch-target-0|
;                (SETF #)
;                (SETF #)
;                (SETF #)
;                (SETF #)
;                (WHEN # #)
;               |branch-target-9|
;                (SETF #)
;                (UNLESS # #)
;                (SETF #)
;                (SETF #) ...))))
;     (OPENLDK::|condition-cache|)
; 
; caught STYLE-WARNING:
;   The variable OPENLDK::|condition-cache| is defined but never used.

;     (OPENLDK::|s{8}|)
; 
; caught STYLE-WARNING:
;   The variable OPENLDK::|s{8}| is assigned but never read.

;     (OPENLDK::|s{7}|)
; 
; caught STYLE-WARNING:
;   The variable OPENLDK::|s{7}| is assigned but never read.

;     (OPENLDK::|s{4}|)
; 
; caught STYLE-WARNING:
;   The variable OPENLDK::|s{4}| is assigned but never read.

;     (OPENLDK::|s{3}|)
; 
; caught STYLE-WARNING:
;   The variable OPENLDK::|s{3}| is assigned but never read.

;     (OPENLDK::|s{1}|)
; 
; caught STYLE-WARNING:
;   The variable OPENLDK::|s{1}| is assigned but never read.

;     (OPENLDK::|local-2|)
; 
; caught STYLE-WARNING:
;   The variable OPENLDK::|local-2| is defined but never used.

;     (OPENLDK::|local-3|)
; 
; caught STYLE-WARNING:
;   The variable OPENLDK::|local-3| is defined but never used.

;     (OPENLDK::|local-4|)
; 
; caught STYLE-WARNING:
;   The variable OPENLDK::|local-4| is defined but never used.
; 
; compilation unit finished
;   caught 9 STYLE-WARNING conditions
WARNING:
   redefining OPENLDK::|toMethodDescriptorString()| (#<STANDARD-CLASS OPENLDK::|java/lang/invoke/MethodType|>) in DEFMETHOD
; in:
;      PROGN (DEFUN OPENLDK::|sun/invoke/util/BytecodeDescriptor.unparse(Ljava/lang/invoke/MethodType;)|
;               (OPENLDK::|arg0|)
;          "bridge=NIL"
;          (LET ((OPENLDK::|condition-cache|)
;                (OPENLDK::|s{5}|)
;                (OPENLDK::|s{4}|)
;                (OPENLDK::|s{3}|)
;                (OPENLDK::|s{2}|)
;                (OPENLDK::|s{1}|)
;                (OPENLDK::|local-0| OPENLDK::|arg0|)
;                (OPENLDK::|local-1|)
;                (OPENLDK::|local-2|)
;                (OPENLDK::|local-3|))
;            (BLOCK NIL
;              (TAGBODY
;               |branch-target-0|
;                (SETF #)
;                (SETF #)
;                (SETF #)
;                (SETF #)
;                (UNLESS # #)
;                (SETF #)
;                (LET #
;                  #
;                  #)))))
;     (OPENLDK::|condition-cache|)
; 
; caught STYLE-WARNING:
;   The variable OPENLDK::|condition-cache| is defined but never used.

;     (OPENLDK::|s{3}|)
; 
; caught STYLE-WARNING:
;   The variable OPENLDK::|s{3}| is assigned but never read.

;     (OPENLDK::|s{1}|)
; 
; caught STYLE-WARNING:
;   The variable OPENLDK::|s{1}| is assigned but never read.

;     (OPENLDK::|local-1|)
; 
; caught STYLE-WARNING:
;   The variable OPENLDK::|local-1| is defined but never used.

;     (OPENLDK::|local-2|)
; 
; caught STYLE-WARNING:
;   The variable OPENLDK::|local-2| is defined but never used.

;     (OPENLDK::|local-3|)
; 
; caught STYLE-WARNING:
;   The variable OPENLDK::|local-3| is defined but never used.
; 
; compilation unit finished
;   caught 6 STYLE-WARNING conditions
WARNING:
   redefining OPENLDK::|sun/invoke/util/BytecodeDescriptor.unparse(Ljava/lang/invoke/MethodType;)| in DEFUN
; in:
;      PROGN (DEFMETHOD OPENLDK::|parameterList()|
;                   ((OPENLDK::|this| OPENLDK::|java/lang/invoke/MethodType|))
;          (SETF OPENLDK::*FORCE-THIS-TO-BE-USED* OPENLDK::|this|)
;          "bridge=NIL"
;          (LET ((OPENLDK::|condition-cache|)
;                (OPENLDK::|s{5}|)
;                (OPENLDK::|s{4}|)
;                (OPENLDK::|s{3}|)
;                (OPENLDK::|s{2}|)
;                (OPENLDK::|s{1}|)
;                (OPENLDK::|local-0| OPENLDK::|this|)
;                (OPENLDK::|local-1|)
;                (OPENLDK::|local-2|)
;                (OPENLDK::|local-3|))
;            (BLOCK NIL
;              (TAGBODY
;               |branch-target-0|
;                (SETF #)
;                (SETF #)
;                (SETF #)
;                (LET #
;                  #)
;                (UNLESS # #)
;                (SETF #)
;                (UNLESS # #)
;                (SETF #)
;                (LET #
;                  #
;                  #)))))
;     (OPENLDK::|condition-cache|)
; 
; caught STYLE-WARNING:
;   The variable OPENLDK::|condition-cache| is defined but never used.

;     (OPENLDK::|s{1}|)
; 
; caught STYLE-WARNING:
;   The variable OPENLDK::|s{1}| is assigned but never read.

;     (OPENLDK::|local-1|)
; 
; caught STYLE-WARNING:
;   The variable OPENLDK::|local-1| is defined but never used.

;     (OPENLDK::|local-2|)
; 
; caught STYLE-WARNING:
;   The variable OPENLDK::|local-2| is defined but never used.

;     (OPENLDK::|local-3|)
; 
; caught STYLE-WARNING:
;   The variable OPENLDK::|local-3| is defined but never used.
; 
; compilation unit finished
;   caught 5 STYLE-WARNING conditions
WARNING:
   redefining OPENLDK::|parameterList()| (#<STANDARD-CLASS OPENLDK::|java/lang/invoke/MethodType|>) in DEFMETHOD
; in:
;      PROGN (DEFUN OPENLDK::|java/util/Arrays.asList([Ljava/lang/Object;)|
;               (OPENLDK::|arg0|)
;          "bridge=NIL"
;          (LET ((OPENLDK::|condition-cache|)
;                (OPENLDK::|s{2}|)
;                (OPENLDK::|s{1}|)
;                (OPENLDK::|local-0| OPENLDK::|arg0|)
;                (OPENLDK::|local-1|)
;                (OPENLDK::|local-2|)
;                (OPENLDK::|local-3|))
;            (BLOCK NIL
;              (TAGBODY
;               |branch-target-0|
;                (SETF #)
;                (SETF #)
;                (OPENLDK::INVOKE-SPECIAL 'OPENLDK::|<init>([Ljava/lang/Object;)|
;                                         'OPENLDK::|java/util/Arrays$ArrayList|
;                                         #)
;                (LET #
;                  #
;                  #)))))
;     (OPENLDK::|condition-cache|)
; 
; caught STYLE-WARNING:
;   The variable OPENLDK::|condition-cache| is defined but never used.

;     (OPENLDK::|s{2}|)
; 
; caught STYLE-WARNING:
;   The variable OPENLDK::|s{2}| is assigned but never read.

;     (OPENLDK::|local-1|)
; 
; caught STYLE-WARNING:
;   The variable OPENLDK::|local-1| is defined but never used.

;     (OPENLDK::|local-2|)
; 
; caught STYLE-WARNING:
;   The variable OPENLDK::|local-2| is defined but never used.

;     (OPENLDK::|local-3|)
; 
; caught STYLE-WARNING:
;   The variable OPENLDK::|local-3| is defined but never used.
; 
; compilation unit finished
;   caught 5 STYLE-WARNING conditions
WARNING:
   redefining OPENLDK::|java/util/Arrays.asList([Ljava/lang/Object;)| in DEFUN
; in:
;      PROGN (DEFMETHOD OPENLDK::|<init>([Ljava/lang/Object;)|
;                   ((OPENLDK::|this| OPENLDK::|java/util/Arrays$ArrayList|)
;                    OPENLDK::|arg1|)
;          (SETF OPENLDK::*FORCE-THIS-TO-BE-USED* OPENLDK::|this|)
;          "bridge=NIL"
;          (LET ((OPENLDK::|condition-cache|)
;                (OPENLDK::|s{4}|)
;                (OPENLDK::|s{3}|)
;                (OPENLDK::|s{2}|)
;                (OPENLDK::|s{1}|)
;                (OPENLDK::|local-0| OPENLDK::|this|)
;                (OPENLDK::|local-1| OPENLDK::|arg1|)
;                (OPENLDK::|local-2|)
;                (OPENLDK::|local-3|)
;                (OPENLDK::|local-4|))
;            (BLOCK NIL
;              (TAGBODY
;               |branch-target-0|
;                (SETF #)
;                (OPENLDK::INVOKE-SPECIAL 'OPENLDK::|<init>()|
;                                         'OPENLDK::|java/util/AbstractList| #)
;                (SETF #)
;                (SETF #)
;                (UNLESS # #)
;                (SETF #)
;                (LET #
;                  #)
;                (SETF #)
;                (RETURN)))))
;     (OPENLDK::|condition-cache|)
; 
; caught STYLE-WARNING:
;   The variable OPENLDK::|condition-cache| is defined but never used.

;     (OPENLDK::|s{3}|)
; 
; caught STYLE-WARNING:
;   The variable OPENLDK::|s{3}| is assigned but never read.

;     (OPENLDK::|s{1}|)
; 
; caught STYLE-WARNING:
;   The variable OPENLDK::|s{1}| is assigned but never read.

;     (OPENLDK::|local-2|)
; 
; caught STYLE-WARNING:
;   The variable OPENLDK::|local-2| is defined but never used.

;     (OPENLDK::|local-3|)
; 
; caught STYLE-WARNING:
;   The variable OPENLDK::|local-3| is defined but never used.

;     (OPENLDK::|local-4|)
; 
; caught STYLE-WARNING:
;   The variable OPENLDK::|local-4| is defined but never used.
; 
; compilation unit finished
;   caught 6 STYLE-WARNING conditions
WARNING:
   redefining OPENLDK::|<init>([Ljava/lang/Object;)| (#<STANDARD-CLASS OPENLDK::|java/util/Arrays$ArrayList|>
                                                      #<SB-PCL:SYSTEM-CLASS COMMON-LISP:T>) in DEFMETHOD
; in:
;      PROGN (DEFUN OPENLDK::|java/util/Collections.unmodifiableList(Ljava/util/List;)|
;               (OPENLDK::|arg0|)
;          "bridge=NIL"
;          (LET ((OPENLDK::|condition-cache|)
;                (OPENLDK::|s{6}|)
;                (OPENLDK::|s{4}|)
;                (OPENLDK::|s{3,5}|)
;                (OPENLDK::|s{2}|)
;                (OPENLDK::|s{1}|)
;                (OPENLDK::|local-0| OPENLDK::|arg0|)
;                (OPENLDK::|local-1|)
;                (OPENLDK::|local-2|)
;                (OPENLDK::|local-3|))
;            (BLOCK NIL
;              (TAGBODY
;               |branch-target-0|
;                (SETF #)
;                (SETF #)
;                (WHEN # #)
;               |branch-target-7|
;                (SETF #)
;                (SETF #)
;                (OPENLDK::INVOKE-SPECIAL 'OPENLDK::|<init>(Ljava/util/List;)|
;                                         'OPENLDK::|java/util/Collections$UnmodifiableRandomAccessList|
;                                         #)
;                (GO |branch-target-26|)
;               |branch-target-26|
;                (LET #
;                  #
;                  #) ...))))
;     (OPENLDK::|condition-cache|)
; 
; caught STYLE-WARNING:
;   The variable OPENLDK::|condition-cache| is defined but never used.

;     (OPENLDK::|s{6}|)
; 
; caught STYLE-WARNING:
;   The variable OPENLDK::|s{6}| is assigned but never read.

;     (OPENLDK::|s{4}|)
; 
; caught STYLE-WARNING:
;   The variable OPENLDK::|s{4}| is assigned but never read.

;     (OPENLDK::|s{1}|)
; 
; caught STYLE-WARNING:
;   The variable OPENLDK::|s{1}| is assigned but never read.

;     (OPENLDK::|local-1|)
; 
; caught STYLE-WARNING:
;   The variable OPENLDK::|local-1| is defined but never used.

;     (OPENLDK::|local-2|)
; 
; caught STYLE-WARNING:
;   The variable OPENLDK::|local-2| is defined but never used.

;     (OPENLDK::|local-3|)
; 
; caught STYLE-WARNING:
;   The variable OPENLDK::|local-3| is defined but never used.
; 
; compilation unit finished
;   caught 7 STYLE-WARNING conditions
WARNING:
   redefining OPENLDK::|java/util/Collections.unmodifiableList(Ljava/util/List;)| in DEFUN
; in:
;      PROGN (DEFMETHOD OPENLDK::|<init>(Ljava/util/List;)|
;                   (
;                    (OPENLDK::|this|
;                     OPENLDK::|java/util/Collections$UnmodifiableRandomAccessList|)
;                    OPENLDK::|arg1|)
;          (SETF OPENLDK::*FORCE-THIS-TO-BE-USED* OPENLDK::|this|)
;          "bridge=NIL"
;          (LET ((OPENLDK::|condition-cache|)
;                (OPENLDK::|s{2}|)
;                (OPENLDK::|s{1}|)
;                (OPENLDK::|local-0| OPENLDK::|this|)
;                (OPENLDK::|local-1| OPENLDK::|arg1|)
;                (OPENLDK::|local-2|)
;                (OPENLDK::|local-3|)
;                (OPENLDK::|local-4|))
;            (BLOCK NIL
;              (TAGBODY
;               |branch-target-0|
;                (SETF #)
;                (SETF #)
;                (OPENLDK::INVOKE-SPECIAL 'OPENLDK::|<init>(Ljava/util/List;)|
;                                         'OPENLDK::|java/util/Collections$UnmodifiableList|
;                                         #)
;                (RETURN)))))
;     (OPENLDK::|condition-cache|)
; 
; caught STYLE-WARNING:
;   The variable OPENLDK::|condition-cache| is defined but never used.

;     (OPENLDK::|s{2}|)
; 
; caught STYLE-WARNING:
;   The variable OPENLDK::|s{2}| is assigned but never read.

;     (OPENLDK::|s{1}|)
; 
; caught STYLE-WARNING:
;   The variable OPENLDK::|s{1}| is assigned but never read.

;     (OPENLDK::|local-2|)
; 
; caught STYLE-WARNING:
;   The variable OPENLDK::|local-2| is defined but never used.

;     (OPENLDK::|local-3|)
; 
; caught STYLE-WARNING:
;   The variable OPENLDK::|local-3| is defined but never used.

;     (OPENLDK::|local-4|)
; 
; caught STYLE-WARNING:
;   The variable OPENLDK::|local-4| is defined but never used.
; 
; compilation unit finished
;   caught 6 STYLE-WARNING conditions
WARNING:
   redefining OPENLDK::|<init>(Ljava/util/List;)| (#<STANDARD-CLASS OPENLDK::|java/util/Collections$UnmodifiableRandomAccessList|>
                                                   #<SB-PCL:SYSTEM-CLASS COMMON-LISP:T>) in DEFMETHOD
; in:
;      PROGN (DEFMETHOD OPENLDK::|<init>(Ljava/util/List;)|
;                   (
;                    (OPENLDK::|this|
;                     OPENLDK::|java/util/Collections$UnmodifiableList|)
;                    OPENLDK::|arg1|)
;          (SETF OPENLDK::*FORCE-THIS-TO-BE-USED* OPENLDK::|this|)
;          "bridge=NIL"
;          (LET ((OPENLDK::|condition-cache|)
;                (OPENLDK::|s{4}|)
;                (OPENLDK::|s{3}|)
;                (OPENLDK::|s{2}|)
;                (OPENLDK::|s{1}|)
;                (OPENLDK::|local-0| OPENLDK::|this|)
;                (OPENLDK::|local-1| OPENLDK::|arg1|)
;                (OPENLDK::|local-2|)
;                (OPENLDK::|local-3|)
;                (OPENLDK::|local-4|))
;            (BLOCK NIL
;              (TAGBODY
;               |branch-target-0|
;                (SETF #)
;                (SETF #)
;                (OPENLDK::INVOKE-SPECIAL
;                 'OPENLDK::|<init>(Ljava/util/Collection;)|
;                 'OPENLDK::|java/util/Collections$UnmodifiableCollection| #)
;                (SETF #)
;                (SETF #)
;                (SETF #)
;                (RETURN)))))
;     (OPENLDK::|condition-cache|)
; 
; caught STYLE-WARNING:
;   The variable OPENLDK::|condition-cache| is defined but never used.

;     (OPENLDK::|s{4}|)
; 
; caught STYLE-WARNING:
;   The variable OPENLDK::|s{4}| is assigned but never read.

;     (OPENLDK::|s{2}|)
; 
; caught STYLE-WARNING:
;   The variable OPENLDK::|s{2}| is assigned but never read.

;     (OPENLDK::|s{1}|)
; 
; caught STYLE-WARNING:
;   The variable OPENLDK::|s{1}| is assigned but never read.

;     (OPENLDK::|local-2|)
; 
; caught STYLE-WARNING:
;   The variable OPENLDK::|local-2| is defined but never used.

;     (OPENLDK::|local-3|)
; 
; caught STYLE-WARNING:
;   The variable OPENLDK::|local-3| is defined but never used.

;     (OPENLDK::|local-4|)
; 
; caught STYLE-WARNING:
;   The variable OPENLDK::|local-4| is defined but never used.
; 
; compilation unit finished
;   caught 7 STYLE-WARNING conditions
WARNING:
   redefining OPENLDK::|<init>(Ljava/util/List;)| (#<STANDARD-CLASS OPENLDK::|java/util/Collections$UnmodifiableList|>
                                                   #<SB-PCL:SYSTEM-CLASS COMMON-LISP:T>) in DEFMETHOD
; in:
;      PROGN (DEFMETHOD OPENLDK::|<init>(Ljava/util/Collection;)|
;                   (
;                    (OPENLDK::|this|
;                     OPENLDK::|java/util/Collections$UnmodifiableCollection|)
;                    OPENLDK::|arg1|)
;          (SETF OPENLDK::*FORCE-THIS-TO-BE-USED* OPENLDK::|this|)
;          "bridge=NIL"
;          (LET ((OPENLDK::|condition-cache|)
;                (OPENLDK::|s{5}|)
;                (OPENLDK::|s{4}|)
;                (OPENLDK::|s{3}|)
;                (OPENLDK::|s{2}|)
;                (OPENLDK::|s{1}|)
;                (OPENLDK::|local-0| OPENLDK::|this|)
;                (OPENLDK::|local-1| OPENLDK::|arg1|)
;                (OPENLDK::|local-2|)
;                (OPENLDK::|local-3|)
;                (OPENLDK::|local-4|))
;            (BLOCK NIL
;              (TAGBODY
;               |branch-target-0|
;                (SETF #)
;                (OPENLDK::INVOKE-SPECIAL 'OPENLDK::|<init>()|
;                                         'OPENLDK::|java/lang/Object| #)
;                (SETF #)
;                (WHEN # #)
;               |branch-target-8|
;                (SETF #)
;                (OPENLDK::INVOKE-SPECIAL 'OPENLDK::|<init>()|
;                                         'OPENLDK::|java/lang/NullPointerException|
;                                         #)
;                (LET #
;                  #
;                  #)
;               |branch-target-16|
;                (SETF #) ...))))
;     (OPENLDK::|condition-cache|)
; 
; caught STYLE-WARNING:
;   The variable OPENLDK::|condition-cache| is assigned but never read.

;     (OPENLDK::|s{5}|)
; 
; caught STYLE-WARNING:
;   The variable OPENLDK::|s{5}| is assigned but never read.

;     (OPENLDK::|s{2}|)
; 
; caught STYLE-WARNING:
;   The variable OPENLDK::|s{2}| is assigned but never read.

;     (OPENLDK::|s{1}|)
; 
; caught STYLE-WARNING:
;   The variable OPENLDK::|s{1}| is assigned but never read.

;     (OPENLDK::|local-2|)
; 
; caught STYLE-WARNING:
;   The variable OPENLDK::|local-2| is defined but never used.

;     (OPENLDK::|local-3|)
; 
; caught STYLE-WARNING:
;   The variable OPENLDK::|local-3| is defined but never used.

;     (OPENLDK::|local-4|)
; 
; caught STYLE-WARNING:
;   The variable OPENLDK::|local-4| is defined but never used.
; 
; compilation unit finished
;   caught 7 STYLE-WARNING conditions
WARNING:
   redefining OPENLDK::|<init>(Ljava/util/Collection;)| (#<STANDARD-CLASS OPENLDK::|java/util/Collections$UnmodifiableCollection|>
                                                         #<SB-PCL:SYSTEM-CLASS COMMON-LISP:T>) in DEFMETHOD
; in:
;      PROGN (DEFUN OPENLDK::|sun/invoke/util/BytecodeDescriptor.unparseMethod(Ljava/lang/Class;Ljava/util/List;)|
;               (OPENLDK::|arg0| OPENLDK::|arg1|)
;          "bridge=NIL"
;          (LET ((OPENLDK::|condition-cache|)
;                (OPENLDK::|s{19}|)
;                (OPENLDK::|s{18}|)
;                (OPENLDK::|s{17}|)
;                (OPENLDK::|s{16}|)
;                (OPENLDK::|s{15}|)
;                (OPENLDK::|s{13}|)
;                (OPENLDK::|s{12}|)
;                (OPENLDK::|s{11}|)
;                (OPENLDK::|s{10}|)
;                (OPENLDK::|s{9}|)
;                (OPENLDK::|s{8}|)
;                ...)
;            (BLOCK NIL
;              (TAGBODY
;               |branch-target-0|
;                (SETF #)
;                (OPENLDK::INVOKE-SPECIAL 'OPENLDK::|<init>()|
;                                         'OPENLDK::|java/lang/StringBuilder| #)
;                (SETF #)
;                (SETF #)
;                (SETF #)
;                (SETF #)
;                (SETF #)
;                (SETF #)
;               |branch-target-22|
;                (SETF #) ...))))
;     (OPENLDK::|condition-cache|)
; 
; caught STYLE-WARNING:
;   The variable OPENLDK::|condition-cache| is defined but never used.

;     (OPENLDK::|s{18}|)
; 
; caught STYLE-WARNING:
;   The variable OPENLDK::|s{18}| is assigned but never read.

;     (OPENLDK::|s{17}|)
; 
; caught STYLE-WARNING:
;   The variable OPENLDK::|s{17}| is assigned but never read.

;     (OPENLDK::|s{16}|)
; 
; caught STYLE-WARNING:
;   The variable OPENLDK::|s{16}| is assigned but never read.

;     (OPENLDK::|s{15}|)
; 
; caught STYLE-WARNING:
;   The variable OPENLDK::|s{15}| is assigned but never read.

;     (OPENLDK::|s{13}|)
; 
; caught STYLE-WARNING:
;   The variable OPENLDK::|s{13}| is assigned but never read.

;     (OPENLDK::|s{12}|)
; 
; caught STYLE-WARNING:
;   The variable OPENLDK::|s{12}| is assigned but never read.

;     (OPENLDK::|s{11}|)
; 
; caught STYLE-WARNING:
;   The variable OPENLDK::|s{11}| is assigned but never read.

;     (OPENLDK::|s{9}|)
; 
; caught STYLE-WARNING:
;   The variable OPENLDK::|s{9}| is assigned but never read.

;     (OPENLDK::|s{7}|)
; 
; caught STYLE-WARNING:
;   The variable OPENLDK::|s{7}| is assigned but never read.

;     (OPENLDK::|s{5}|)
; 
; caught STYLE-WARNING:
;   The variable OPENLDK::|s{5}| is assigned but never read.

;     (OPENLDK::|s{4}|)
; 
; caught STYLE-WARNING:
;   The variable OPENLDK::|s{4}| is assigned but never read.

;     (OPENLDK::|s{2}|)
; 
; caught STYLE-WARNING:
;   The variable OPENLDK::|s{2}| is assigned but never read.

;     (OPENLDK::|local-5|)
; 
; caught STYLE-WARNING:
;   The variable OPENLDK::|local-5| is defined but never used.

;     (OPENLDK::|local-6|)
; 
; caught STYLE-WARNING:
;   The variable OPENLDK::|local-6| is defined but never used.

;     (OPENLDK::|local-7|)
; 
; caught STYLE-WARNING:
;   The variable OPENLDK::|local-7| is defined but never used.
; 
; compilation unit finished
;   caught 16 STYLE-WARNING conditions
WARNING:
   redefining OPENLDK::|sun/invoke/util/BytecodeDescriptor.unparseMethod(Ljava/lang/Class;Ljava/util/List;)| in DEFUN
; in:
;      PROGN (DEFMETHOD OPENLDK::|iterator()|
;                   (
;                    (OPENLDK::|this|
;                     OPENLDK::|java/util/Collections$UnmodifiableCollection|))
;          (SETF OPENLDK::*FORCE-THIS-TO-BE-USED* OPENLDK::|this|)
;          "bridge=NIL"
;          (LET ((OPENLDK::|condition-cache|)
;                (OPENLDK::|s{2}|)
;                (OPENLDK::|s{1}|)
;                (OPENLDK::|local-0| OPENLDK::|this|)
;                (OPENLDK::|local-1|)
;                (OPENLDK::|local-2|)
;                (OPENLDK::|local-3|))
;            (BLOCK NIL
;              (TAGBODY
;               |branch-target-0|
;                (SETF #)
;                (SETF #)
;                (OPENLDK::INVOKE-SPECIAL
;                 'OPENLDK::|<init>(Ljava/util/Collections$UnmodifiableCollection;)|
;                 'OPENLDK::|java/util/Collections$UnmodifiableCollection$1| #)
;                (LET #
;                  #
;                  #)))))
;     (OPENLDK::|condition-cache|)
; 
; caught STYLE-WARNING:
;   The variable OPENLDK::|condition-cache| is defined but never used.

;     (OPENLDK::|s{2}|)
; 
; caught STYLE-WARNING:
;   The variable OPENLDK::|s{2}| is assigned but never read.

;     (OPENLDK::|local-1|)
; 
; caught STYLE-WARNING:
;   The variable OPENLDK::|local-1| is defined but never used.

;     (OPENLDK::|local-2|)
; 
; caught STYLE-WARNING:
;   The variable OPENLDK::|local-2| is defined but never used.

;     (OPENLDK::|local-3|)
; 
; caught STYLE-WARNING:
;   The variable OPENLDK::|local-3| is defined but never used.
; 
; compilation unit finished
;   caught 5 STYLE-WARNING conditions
WARNING:
   redefining OPENLDK::|iterator()| (#<STANDARD-CLASS OPENLDK::|java/util/Collections$UnmodifiableCollection|>) in DEFMETHOD
; in:
;      PROGN (DEFMETHOD OPENLDK::|<init>(Ljava/util/Collections$UnmodifiableCollection;)|
;                   (
;                    (OPENLDK::|this|
;                     OPENLDK::|java/util/Collections$UnmodifiableCollection$1|)
;                    OPENLDK::|arg1|)
;          (SETF OPENLDK::*FORCE-THIS-TO-BE-USED* OPENLDK::|this|)
;          "bridge=NIL"
;          (LET ((OPENLDK::|condition-cache|)
;                (OPENLDK::|s{8}|)
;                (OPENLDK::|s{7}|)
;                (OPENLDK::|s{6}|)
;                (OPENLDK::|s{5}|)
;                (OPENLDK::|s{4}|)
;                (OPENLDK::|s{3}|)
;                (OPENLDK::|s{2}|)
;                (OPENLDK::|s{1}|)
;                (OPENLDK::|local-0| OPENLDK::|this|)
;                (OPENLDK::|local-1| OPENLDK::|arg1|)
;                (OPENLDK::|local-2|)
;                ...)
;            (BLOCK NIL
;              (TAGBODY
;               |branch-target-0|
;                (SETF #)
;                (SETF #)
;                (SETF #)
;                (SETF #)
;                (OPENLDK::INVOKE-SPECIAL 'OPENLDK::|<init>()|
;                                         'OPENLDK::|java/lang/Object| #)
;                (SETF #)
;                (SETF #)
;                (SETF #)
;                (SETF #)
;                (SETF #) ...))))
;     (OPENLDK::|condition-cache|)
; 
; caught STYLE-WARNING:
;   The variable OPENLDK::|condition-cache| is defined but never used.

;     (OPENLDK::|s{5}|)
; 
; caught STYLE-WARNING:
;   The variable OPENLDK::|s{5}| is assigned but never read.

;     (OPENLDK::|s{3}|)
; 
; caught STYLE-WARNING:
;   The variable OPENLDK::|s{3}| is assigned but never read.

;     (OPENLDK::|s{2}|)
; 
; caught STYLE-WARNING:
;   The variable OPENLDK::|s{2}| is assigned but never read.

;     (OPENLDK::|local-2|)
; 
; caught STYLE-WARNING:
;   The variable OPENLDK::|local-2| is defined but never used.

;     (OPENLDK::|local-3|)
; 
; caught STYLE-WARNING:
;   The variable OPENLDK::|local-3| is defined but never used.

;     (OPENLDK::|local-4|)
; 
; caught STYLE-WARNING:
;   The variable OPENLDK::|local-4| is defined but never used.
; 
; compilation unit finished
;   caught 7 STYLE-WARNING conditions
WARNING:
   redefining OPENLDK::|<init>(Ljava/util/Collections$UnmodifiableCollection;)| (#<STANDARD-CLASS OPENLDK::|java/util/Collections$UnmodifiableCollection$1|>
                                                                                 #<SB-PCL:SYSTEM-CLASS COMMON-LISP:T>) in DEFMETHOD
; in:
;      PROGN (DEFMETHOD OPENLDK::|iterator()|
;                   ((OPENLDK::|this| OPENLDK::|java/util/AbstractList|))
;          (SETF OPENLDK::*FORCE-THIS-TO-BE-USED* OPENLDK::|this|)
;          "bridge=NIL"
;          (LET ((OPENLDK::|condition-cache|)
;                (OPENLDK::|s{2}|)
;                (OPENLDK::|s{1}|)
;                (OPENLDK::|local-0| OPENLDK::|this|)
;                (OPENLDK::|local-1|)
;                (OPENLDK::|local-2|)
;                (OPENLDK::|local-3|))
;            (BLOCK NIL
;              (TAGBODY
;               |branch-target-0|
;                (SETF #)
;                (SETF #)
;                (OPENLDK::INVOKE-SPECIAL
;                 'OPENLDK::|<init>(Ljava/util/AbstractList;Ljava/util/AbstractList$1;)|
;                 'OPENLDK::|java/util/AbstractList$Itr| #)
;                (LET #
;                  #
;                  #)))))
;     (OPENLDK::|condition-cache|)
; 
; caught STYLE-WARNING:
;   The variable OPENLDK::|condition-cache| is defined but never used.

;     (OPENLDK::|s{2}|)
; 
; caught STYLE-WARNING:
;   The variable OPENLDK::|s{2}| is assigned but never read.

;     (OPENLDK::|local-1|)
; 
; caught STYLE-WARNING:
;   The variable OPENLDK::|local-1| is defined but never used.

;     (OPENLDK::|local-2|)
; 
; caught STYLE-WARNING:
;   The variable OPENLDK::|local-2| is defined but never used.

;     (OPENLDK::|local-3|)
; 
; caught STYLE-WARNING:
;   The variable OPENLDK::|local-3| is defined but never used.
; 
; compilation unit finished
;   caught 5 STYLE-WARNING conditions
WARNING:
   redefining OPENLDK::|iterator()| (#<STANDARD-CLASS OPENLDK::|java/util/AbstractList|>) in DEFMETHOD
; in:
;      PROGN (DEFMETHOD OPENLDK::|<init>(Ljava/util/AbstractList;Ljava/util/AbstractList$1;)|
;                   ((OPENLDK::|this| OPENLDK::|java/util/AbstractList$Itr|)
;                    OPENLDK::|arg1| OPENLDK::|arg2|)
;          (SETF OPENLDK::*FORCE-THIS-TO-BE-USED* OPENLDK::|this|)
;          "bridge=NIL"
;          (LET ((OPENLDK::|condition-cache|)
;                (OPENLDK::|s{2}|)
;                (OPENLDK::|s{1}|)
;                (OPENLDK::|local-0| OPENLDK::|this|)
;                (OPENLDK::|local-1| OPENLDK::|arg1|)
;                (OPENLDK::|local-2| OPENLDK::|arg2|)
;                (OPENLDK::|local-3|)
;                (OPENLDK::|local-4|)
;                (OPENLDK::|local-5|))
;            (BLOCK NIL
;              (TAGBODY
;               |branch-target-0|
;                (SETF #)
;                (SETF #)
;                (OPENLDK::INVOKE-SPECIAL
;                 'OPENLDK::|<init>(Ljava/util/AbstractList;)|
;                 'OPENLDK::|java/util/AbstractList$Itr| #)
;                (RETURN)))))
;     (OPENLDK::|condition-cache|)
; 
; caught STYLE-WARNING:
;   The variable OPENLDK::|condition-cache| is defined but never used.

;     (OPENLDK::|s{2}|)
; 
; caught STYLE-WARNING:
;   The variable OPENLDK::|s{2}| is assigned but never read.

;     (OPENLDK::|s{1}|)
; 
; caught STYLE-WARNING:
;   The variable OPENLDK::|s{1}| is assigned but never read.

;     (OPENLDK::|local-2| OPENLDK::|arg2|)
; 
; caught STYLE-WARNING:
;   The variable OPENLDK::|local-2| is defined but never used.

;     (OPENLDK::|local-3|)
; 
; caught STYLE-WARNING:
;   The variable OPENLDK::|local-3| is defined but never used.

;     (OPENLDK::|local-4|)
; 
; caught STYLE-WARNING:
;   The variable OPENLDK::|local-4| is defined but never used.

;     (OPENLDK::|local-5|)
; 
; caught STYLE-WARNING:
;   The variable OPENLDK::|local-5| is defined but never used.
; 
; compilation unit finished
;   caught 7 STYLE-WARNING conditions
WARNING:
   redefining OPENLDK::|<init>(Ljava/util/AbstractList;Ljava/util/AbstractList$1;)| (#<STANDARD-CLASS OPENLDK::|java/util/AbstractList$Itr|>
                                                                                     #<SB-PCL:SYSTEM-CLASS COMMON-LISP:T>
                                                                                     #<SB-PCL:SYSTEM-CLASS COMMON-LISP:T>) in DEFMETHOD
; in:
;      PROGN (DEFMETHOD OPENLDK::|<init>(Ljava/util/AbstractList;)|
;                   ((OPENLDK::|this| OPENLDK::|java/util/AbstractList$Itr|)
;                    OPENLDK::|arg1|)
;          (SETF OPENLDK::*FORCE-THIS-TO-BE-USED* OPENLDK::|this|)
;          "bridge=NIL"
;          (LET ((OPENLDK::|condition-cache|)
;                (OPENLDK::|s{11}|)
;                (OPENLDK::|s{10}|)
;                (OPENLDK::|s{9}|)
;                (OPENLDK::|s{8}|)
;                (OPENLDK::|s{6}|)
;                (OPENLDK::|s{4}|)
;                (OPENLDK::|s{3}|)
;                (OPENLDK::|s{2}|)
;                (OPENLDK::|s{1}|)
;                (OPENLDK::|local-0| OPENLDK::|this|)
;                (OPENLDK::|local-1| OPENLDK::|arg1|)
;                ...)
;            (BLOCK NIL
;              (TAGBODY
;               |branch-target-0|
;                (SETF #)
;                (SETF #)
;                (SETF #)
;                (SETF #)
;                (OPENLDK::INVOKE-SPECIAL 'OPENLDK::|<init>()|
;                                         'OPENLDK::|java/lang/Object| #)
;                (SETF #)
;                (SETF #)
;                (SETF #)
;                (SETF #)
;                (SETF #) ...))))
;     (OPENLDK::|condition-cache|)
; 
; caught STYLE-WARNING:
;   The variable OPENLDK::|condition-cache| is defined but never used.

;     (OPENLDK::|s{9}|)
; 
; caught STYLE-WARNING:
;   The variable OPENLDK::|s{9}| is assigned but never read.

;     (OPENLDK::|s{3}|)
; 
; caught STYLE-WARNING:
;   The variable OPENLDK::|s{3}| is assigned but never read.

;     (OPENLDK::|s{2}|)
; 
; caught STYLE-WARNING:
;   The variable OPENLDK::|s{2}| is assigned but never read.

;     (OPENLDK::|local-2|)
; 
; caught STYLE-WARNING:
;   The variable OPENLDK::|local-2| is defined but never used.

;     (OPENLDK::|local-3|)
; 
; caught STYLE-WARNING:
;   The variable OPENLDK::|local-3| is defined but never used.

;     (OPENLDK::|local-4|)
; 
; caught STYLE-WARNING:
;   The variable OPENLDK::|local-4| is defined but never used.
; 
; compilation unit finished
;   caught 7 STYLE-WARNING conditions
WARNING:
   redefining OPENLDK::|<init>(Ljava/util/AbstractList;)| (#<STANDARD-CLASS OPENLDK::|java/util/AbstractList$Itr|>
                                                           #<SB-PCL:SYSTEM-CLASS COMMON-LISP:T>) in DEFMETHOD
; in:
;      PROGN (DEFMETHOD OPENLDK::|hasNext()|
;                   (
;                    (OPENLDK::|this|
;                     OPENLDK::|java/util/Collections$UnmodifiableCollection$1|))
;          (SETF OPENLDK::*FORCE-THIS-TO-BE-USED* OPENLDK::|this|)
;          "bridge=NIL"
;          (LET ((OPENLDK::|condition-cache|)
;                (OPENLDK::|s{3}|)
;                (OPENLDK::|s{2}|)
;                (OPENLDK::|s{1}|)
;                (OPENLDK::|local-0| OPENLDK::|this|)
;                (OPENLDK::|local-1|)
;                (OPENLDK::|local-2|)
;                (OPENLDK::|local-3|))
;            (BLOCK NIL
;              (TAGBODY
;               |branch-target-0|
;                (SETF #)
;                (SETF #)
;                (SETF #)
;                (LET #
;                  #
;                  #)))))
;     (OPENLDK::|condition-cache|)
; 
; caught STYLE-WARNING:
;   The variable OPENLDK::|condition-cache| is defined but never used.

;     (OPENLDK::|s{1}|)
; 
; caught STYLE-WARNING:
;   The variable OPENLDK::|s{1}| is assigned but never read.

;     (OPENLDK::|local-1|)
; 
; caught STYLE-WARNING:
;   The variable OPENLDK::|local-1| is defined but never used.

;     (OPENLDK::|local-2|)
; 
; caught STYLE-WARNING:
;   The variable OPENLDK::|local-2| is defined but never used.

;     (OPENLDK::|local-3|)
; 
; caught STYLE-WARNING:
;   The variable OPENLDK::|local-3| is defined but never used.
; 
; compilation unit finished
;   caught 5 STYLE-WARNING conditions
WARNING:
   redefining OPENLDK::|hasNext()| (#<STANDARD-CLASS OPENLDK::|java/util/Collections$UnmodifiableCollection$1|>) in DEFMETHOD
; in:
;      PROGN (DEFMETHOD OPENLDK::|hasNext()|
;                   ((OPENLDK::|this| OPENLDK::|java/util/AbstractList$Itr|))
;          (SETF OPENLDK::*FORCE-THIS-TO-BE-USED* OPENLDK::|this|)
;          "bridge=NIL"
;          (LET ((OPENLDK::|condition-cache|)
;                (OPENLDK::|s{6,7}|)
;                (OPENLDK::|s{5}|)
;                (OPENLDK::|s{4}|)
;                (OPENLDK::|s{3}|)
;                (OPENLDK::|s{2}|)
;                (OPENLDK::|s{1}|)
;                (OPENLDK::|local-0| OPENLDK::|this|)
;                (OPENLDK::|local-1|)
;                (OPENLDK::|local-2|)
;                (OPENLDK::|local-3|))
;            (BLOCK NIL
;              (TAGBODY
;               |branch-target-0|
;                (SETF #)
;                (SETF #)
;                (SETF #)
;                (SETF #)
;                (SETF #)
;                (PROGN #)
;               |branch-target-14|
;                (SETF #)
;                (GO |branch-target-19|)
;               |branch-target-19| ...))))
;     (OPENLDK::|condition-cache|)
; 
; caught STYLE-WARNING:
;   The variable OPENLDK::|condition-cache| is defined but never used.

;     (OPENLDK::|s{3}|)
; 
; caught STYLE-WARNING:
;   The variable OPENLDK::|s{3}| is assigned but never read.

;     (OPENLDK::|s{1}|)
; 
; caught STYLE-WARNING:
;   The variable OPENLDK::|s{1}| is assigned but never read.

;     (OPENLDK::|local-1|)
; 
; caught STYLE-WARNING:
;   The variable OPENLDK::|local-1| is defined but never used.

;     (OPENLDK::|local-2|)
; 
; caught STYLE-WARNING:
;   The variable OPENLDK::|local-2| is defined but never used.

;     (OPENLDK::|local-3|)
; 
; caught STYLE-WARNING:
;   The variable OPENLDK::|local-3| is defined but never used.
; 
; compilation unit finished
;   caught 6 STYLE-WARNING conditions
WARNING:
   redefining OPENLDK::|hasNext()| (#<STANDARD-CLASS OPENLDK::|java/util/AbstractList$Itr|>) in DEFMETHOD
; in:
;      PROGN (DEFMETHOD OPENLDK::|size()|
;                   ((OPENLDK::|this| OPENLDK::|java/util/Arrays$ArrayList|))
;          (SETF OPENLDK::*FORCE-THIS-TO-BE-USED* OPENLDK::|this|)
;          "bridge=NIL"
;          (LET ((OPENLDK::|condition-cache|)
;                (OPENLDK::|s{3}|)
;                (OPENLDK::|s{2}|)
;                (OPENLDK::|s{1}|)
;                (OPENLDK::|local-0| OPENLDK::|this|)
;                (OPENLDK::|local-1|)
;                (OPENLDK::|local-2|)
;                (OPENLDK::|local-3|))
;            (BLOCK NIL
;              (TAGBODY
;               |branch-target-0|
;                (SETF #)
;                (SETF #)
;                (SETF #)
;                (LET #
;                  #
;                  #)))))
;     (OPENLDK::|condition-cache|)
; 
; caught STYLE-WARNING:
;   The variable OPENLDK::|condition-cache| is defined but never used.

;     (OPENLDK::|s{1}|)
; 
; caught STYLE-WARNING:
;   The variable OPENLDK::|s{1}| is assigned but never read.

;     (OPENLDK::|local-1|)
; 
; caught STYLE-WARNING:
;   The variable OPENLDK::|local-1| is defined but never used.

;     (OPENLDK::|local-2|)
; 
; caught STYLE-WARNING:
;   The variable OPENLDK::|local-2| is defined but never used.

;     (OPENLDK::|local-3|)
; 
; caught STYLE-WARNING:
;   The variable OPENLDK::|local-3| is defined but never used.
; 
; compilation unit finished
;   caught 5 STYLE-WARNING conditions
WARNING:
   redefining OPENLDK::|size()| (#<STANDARD-CLASS OPENLDK::|java/util/Arrays$ArrayList|>) in DEFMETHOD
; in:
;      PROGN (DEFUN OPENLDK::|sun/invoke/util/BytecodeDescriptor.unparseSig(Ljava/lang/Class;Ljava/lang/StringBuilder;)|
;               (OPENLDK::|arg0| OPENLDK::|arg1|)
;          "bridge=NIL"
;          (LET ((OPENLDK::|condition-cache|)
;                (OPENLDK::|s{27}|)
;                (OPENLDK::|s{25}|)
;                (OPENLDK::|s{24}|)
;                (OPENLDK::|s{23}|)
;                (OPENLDK::|s{22}|)
;                (OPENLDK::|s{19}|)
;                (OPENLDK::|s{18}|)
;                (OPENLDK::|s{17}|)
;                (OPENLDK::|s{16}|)
;                (OPENLDK::|s{14}|)
;                (OPENLDK::|s{13}|)
;                ...)
;            (BLOCK NIL
;              (TAGBODY
;               |branch-target-0|
;                (SETF #)
;                (UNLESS # #)
;                (SETF #)
;                (SETF #)
;                (SETF #)
;                (SETF #)
;                (PROGN #)
;               |branch-target-14|
;                (SETF #)
;                (SETF #) ...))))
;     (OPENLDK::|condition-cache|)
; 
; caught STYLE-WARNING:
;   The variable OPENLDK::|condition-cache| is defined but never used.

;     (OPENLDK::|s{27}|)
; 
; caught STYLE-WARNING:
;   The variable OPENLDK::|s{27}| is assigned but never read.

;     (OPENLDK::|s{25}|)
; 
; caught STYLE-WARNING:
;   The variable OPENLDK::|s{25}| is assigned but never read.

;     (OPENLDK::|s{24}|)
; 
; caught STYLE-WARNING:
;   The variable OPENLDK::|s{24}| is assigned but never read.

;     (OPENLDK::|s{23}|)
; 
; caught STYLE-WARNING:
;   The variable OPENLDK::|s{23}| is assigned but never read.

;     (OPENLDK::|s{18}|)
; 
; caught STYLE-WARNING:
;   The variable OPENLDK::|s{18}| is assigned but never read.

;     (OPENLDK::|s{17}|)
; 
; caught STYLE-WARNING:
;   The variable OPENLDK::|s{17}| is assigned but never read.

;     (OPENLDK::|s{16}|)
; 
; caught STYLE-WARNING:
;   The variable OPENLDK::|s{16}| is assigned but never read.

;     (OPENLDK::|s{14}|)
; 
; caught STYLE-WARNING:
;   The variable OPENLDK::|s{14}| is assigned but never read.

;     (OPENLDK::|s{13}|)
; 
; caught STYLE-WARNING:
;   The variable OPENLDK::|s{13}| is assigned but never read.

;     (OPENLDK::|s{9}|)
; 
; caught STYLE-WARNING:
;   The variable OPENLDK::|s{9}| is assigned but never read.

;     (OPENLDK::|s{8}|)
; 
; caught STYLE-WARNING:
;   The variable OPENLDK::|s{8}| is assigned but never read.

;     (OPENLDK::|s{7}|)
; 
; caught STYLE-WARNING:
;   The variable OPENLDK::|s{7}| is assigned but never read.

;     (OPENLDK::|s{6}|)
; 
; caught STYLE-WARNING:
;   The variable OPENLDK::|s{6}| is assigned but never read.

;     (OPENLDK::|s{4}|)
; 
; caught STYLE-WARNING:
;   The variable OPENLDK::|s{4}| is assigned but never read.

;     (OPENLDK::|s{1}|)
; 
; caught STYLE-WARNING:
;   The variable OPENLDK::|s{1}| is assigned but never read.

;     (OPENLDK::|local-4|)
; 
; caught STYLE-WARNING:
;   The variable OPENLDK::|local-4| is defined but never used.

;     (OPENLDK::|local-5|)
; 
; caught STYLE-WARNING:
;   The variable OPENLDK::|local-5| is defined but never used.

;     (OPENLDK::|local-6|)
; 
; caught STYLE-WARNING:
;   The variable OPENLDK::|local-6| is defined but never used.
; 
; compilation unit finished
;   caught 19 STYLE-WARNING conditions
WARNING:
   redefining OPENLDK::|sun/invoke/util/BytecodeDescriptor.unparseSig(Ljava/lang/Class;Ljava/lang/StringBuilder;)| in DEFUN
; in:
;      PROGN (DEFUN OPENLDK::|sun/invoke/util/Wrapper.forBasicType(Ljava/lang/Class;)|
;               (OPENLDK::|arg0|)
;          "bridge=NIL"
;          (LET ((OPENLDK::|condition-cache|)
;                (OPENLDK::|s{5}|)
;                (OPENLDK::|s{4}|)
;                (OPENLDK::|s{3}|)
;                (OPENLDK::|s{2}|)
;                (OPENLDK::|s{1}|)
;                (OPENLDK::|local-0| OPENLDK::|arg0|)
;                (OPENLDK::|local-1|)
;                (OPENLDK::|local-2|)
;                (OPENLDK::|local-3|))
;            (BLOCK NIL
;              (TAGBODY
;               |branch-target-0|
;                (SETF #)
;                (SETF #)
;                (WHEN # #)
;               |branch-target-7|
;                (SETF #)
;                (UNLESS # #)
;                (SETF #)
;                (LET #
;                  #
;                  #)
;               |branch-target-12|
;                (UNLESS # #) ...))))
;     (OPENLDK::|condition-cache|)
; 
; caught STYLE-WARNING:
;   The variable OPENLDK::|condition-cache| is defined but never used.

;     (OPENLDK::|s{3}|)
; 
; caught STYLE-WARNING:
;   The variable OPENLDK::|s{3}| is assigned but never read.

;     (OPENLDK::|s{1}|)
; 
; caught STYLE-WARNING:
;   The variable OPENLDK::|s{1}| is assigned but never read.

;     (OPENLDK::|local-1|)
; 
; caught STYLE-WARNING:
;   The variable OPENLDK::|local-1| is defined but never used.

;     (OPENLDK::|local-2|)
; 
; caught STYLE-WARNING:
;   The variable OPENLDK::|local-2| is defined but never used.

;     (OPENLDK::|local-3|)
; 
; caught STYLE-WARNING:
;   The variable OPENLDK::|local-3| is defined but never used.
; 
; compilation unit finished
;   caught 6 STYLE-WARNING conditions
WARNING:
   redefining OPENLDK::|sun/invoke/util/Wrapper.forBasicType(Ljava/lang/Class;)| in DEFUN
; in:
;      PROGN (DEFMETHOD OPENLDK::|basicTypeChar()|
;                   ((OPENLDK::|this| OPENLDK::|sun/invoke/util/Wrapper|))
;          (SETF OPENLDK::*FORCE-THIS-TO-BE-USED* OPENLDK::|this|)
;          "bridge=NIL"
;          (LET ((OPENLDK::|condition-cache|)
;                (OPENLDK::|s{2}|)
;                (OPENLDK::|s{1}|)
;                (OPENLDK::|local-0| OPENLDK::|this|)
;                (OPENLDK::|local-1|)
;                (OPENLDK::|local-2|)
;                (OPENLDK::|local-3|))
;            (BLOCK NIL
;              (TAGBODY
;               |branch-target-0|
;                (SETF #)
;                (SETF #)
;                (LET #
;                  #
;                  #)))))
;     (OPENLDK::|condition-cache|)
; 
; caught STYLE-WARNING:
;   The variable OPENLDK::|condition-cache| is defined but never used.

;     (OPENLDK::|s{1}|)
; 
; caught STYLE-WARNING:
;   The variable OPENLDK::|s{1}| is assigned but never read.

;     (OPENLDK::|local-1|)
; 
; caught STYLE-WARNING:
;   The variable OPENLDK::|local-1| is defined but never used.

;     (OPENLDK::|local-2|)
; 
; caught STYLE-WARNING:
;   The variable OPENLDK::|local-2| is defined but never used.

;     (OPENLDK::|local-3|)
; 
; caught STYLE-WARNING:
;   The variable OPENLDK::|local-3| is defined but never used.
; 
; compilation unit finished
;   caught 5 STYLE-WARNING conditions
WARNING:
   redefining OPENLDK::|basicTypeChar()| (#<STANDARD-CLASS OPENLDK::|sun/invoke/util/Wrapper|>) in DEFMETHOD
; in:
;      PROGN (DEFMETHOD OPENLDK::|changeReturnType(Ljava/lang/Class;)|
;                   ((OPENLDK::|this| OPENLDK::|java/lang/invoke/MethodType|)
;                    OPENLDK::|arg1|)
;          (SETF OPENLDK::*FORCE-THIS-TO-BE-USED* OPENLDK::|this|)
;          "bridge=NIL"
;          (LET ((OPENLDK::|condition-cache|)
;                (OPENLDK::|s{9}|)
;                (OPENLDK::|s{7}|)
;                (OPENLDK::|s{6}|)
;                (OPENLDK::|s{5}|)
;                (OPENLDK::|s{4}|)
;                (OPENLDK::|s{3}|)
;                (OPENLDK::|s{2}|)
;                (OPENLDK::|s{1}|)
;                (OPENLDK::|local-0| OPENLDK::|this|)
;                (OPENLDK::|local-1| OPENLDK::|arg1|)
;                (OPENLDK::|local-2|)
;                ...)
;            (BLOCK NIL
;              (TAGBODY
;               |branch-target-0|
;                (SETF #)
;                (SETF #)
;                (SETF #)
;                (WHEN # #)
;               |branch-target-8|
;                (SETF #)
;                (LET #
;                  #
;                  #)
;               |branch-target-10|
;                (SETF #)
;                (SETF #) ...))))
;     (OPENLDK::|condition-cache|)
; 
; caught STYLE-WARNING:
;   The variable OPENLDK::|condition-cache| is defined but never used.

;     (OPENLDK::|s{6}|)
; 
; caught STYLE-WARNING:
;   The variable OPENLDK::|s{6}| is assigned but never read.

;     (OPENLDK::|s{5}|)
; 
; caught STYLE-WARNING:
;   The variable OPENLDK::|s{5}| is assigned but never read.

;     (OPENLDK::|s{4}|)
; 
; caught STYLE-WARNING:
;   The variable OPENLDK::|s{4}| is assigned but never read.

;     (OPENLDK::|s{3}|)
; 
; caught STYLE-WARNING:
;   The variable OPENLDK::|s{3}| is assigned but never read.

;     (OPENLDK::|s{1}|)
; 
; caught STYLE-WARNING:
;   The variable OPENLDK::|s{1}| is assigned but never read.

;     (OPENLDK::|local-2|)
; 
; caught STYLE-WARNING:
;   The variable OPENLDK::|local-2| is defined but never used.

;     (OPENLDK::|local-3|)
; 
; caught STYLE-WARNING:
;   The variable OPENLDK::|local-3| is defined but never used.

;     (OPENLDK::|local-4|)
; 
; caught STYLE-WARNING:
;   The variable OPENLDK::|local-4| is defined but never used.
; 
; compilation unit finished
;   caught 9 STYLE-WARNING conditions
WARNING:
   redefining OPENLDK::|changeReturnType(Ljava/lang/Class;)| (#<STANDARD-CLASS OPENLDK::|java/lang/invoke/MethodType|>
                                                              #<SB-PCL:SYSTEM-CLASS COMMON-LISP:T>) in DEFMETHOD
; in:
;      PROGN (DEFUN OPENLDK::|sun/invoke/util/Wrapper.forPrimitiveType(Ljava/lang/Class;)|
;               (OPENLDK::|arg0|)
;          "bridge=NIL"
;          (LET ((OPENLDK::|condition-cache|)
;                (OPENLDK::|s{14}|)
;                (OPENLDK::|s{13}|)
;                (OPENLDK::|s{12}|)
;                (OPENLDK::|s{11}|)
;                (OPENLDK::|s{10}|)
;                (OPENLDK::|s{8}|)
;                (OPENLDK::|s{7}|)
;                (OPENLDK::|s{6}|)
;                (OPENLDK::|s{5}|)
;                (OPENLDK::|s{4}|)
;                (OPENLDK::|s{3}|)
;                ...)
;            (BLOCK NIL
;              (TAGBODY
;               |branch-target-0|
;                (SETF #)
;                (UNLESS # #)
;                (SETF #)
;                (SETF #)
;                (SETF #)
;                (WHEN # #)
;               |branch-target-9|
;                (SETF #)
;                (LET #
;                  #
;                  #)
;               |branch-target-11| ...))))
;     (OPENLDK::|condition-cache|)
; 
; caught STYLE-WARNING:
;   The variable OPENLDK::|condition-cache| is assigned but never read.

;     (OPENLDK::|s{11}|)
; 
; caught STYLE-WARNING:
;   The variable OPENLDK::|s{11}| is assigned but never read.

;     (OPENLDK::|s{5}|)
; 
; caught STYLE-WARNING:
;   The variable OPENLDK::|s{5}| is assigned but never read.

;     (OPENLDK::|s{4}|)
; 
; caught STYLE-WARNING:
;   The variable OPENLDK::|s{4}| is assigned but never read.

;     (OPENLDK::|s{3}|)
; 
; caught STYLE-WARNING:
;   The variable OPENLDK::|s{3}| is assigned but never read.

;     (OPENLDK::|s{1}|)
; 
; caught STYLE-WARNING:
;   The variable OPENLDK::|s{1}| is assigned but never read.

;     (OPENLDK::|local-2|)
; 
; caught STYLE-WARNING:
;   The variable OPENLDK::|local-2| is defined but never used.

;     (OPENLDK::|local-3|)
; 
; caught STYLE-WARNING:
;   The variable OPENLDK::|local-3| is defined but never used.

;     (OPENLDK::|local-4|)
; 
; caught STYLE-WARNING:
;   The variable OPENLDK::|local-4| is defined but never used.
; 
; compilation unit finished
;   caught 9 STYLE-WARNING conditions
WARNING:
   redefining OPENLDK::|sun/invoke/util/Wrapper.forPrimitiveType(Ljava/lang/Class;)| in DEFUN
; in:
;      PROGN (DEFUN OPENLDK::|sun/invoke/util/Wrapper.findPrimitiveType(Ljava/lang/Class;)|
;               (OPENLDK::|arg0|)
;          "bridge=NIL"
;          (LET ((OPENLDK::|condition-cache|)
;                (OPENLDK::|s{9}|)
;                (OPENLDK::|s{8}|)
;                (OPENLDK::|s{7}|)
;                (OPENLDK::|s{6}|)
;                (OPENLDK::|s{5}|)
;                (OPENLDK::|s{4}|)
;                (OPENLDK::|s{3}|)
;                (OPENLDK::|s{2}|)
;                (OPENLDK::|s{1}|)
;                (OPENLDK::|local-0| OPENLDK::|arg0|)
;                (OPENLDK::|local-1|)
;                ...)
;            (HANDLER-BIND ((SB-INT:INVALID-ARRAY-INDEX-ERROR #) (TYPE-ERROR #))
;              (BLOCK NIL
;                (TAGBODY
;                 |branch-target-0|
;                  #
;                  #
;                  #
;                  #
;                  #
;                  #
;                  #
;                  #
;                  #
;                 |branch-target-13| ...)))))
;     (OPENLDK::|condition-cache|)
; 
; caught STYLE-WARNING:
;   The variable OPENLDK::|condition-cache| is defined but never used.

;     (OPENLDK::|s{9}|)
; 
; caught STYLE-WARNING:
;   The variable OPENLDK::|s{9}| is assigned but never read.

;     (OPENLDK::|s{8}|)
; 
; caught STYLE-WARNING:
;   The variable OPENLDK::|s{8}| is assigned but never read.

;     (OPENLDK::|s{6}|)
; 
; caught STYLE-WARNING:
;   The variable OPENLDK::|s{6}| is assigned but never read.

;     (OPENLDK::|s{5}|)
; 
; caught STYLE-WARNING:
;   The variable OPENLDK::|s{5}| is assigned but never read.

;     (OPENLDK::|s{2}|)
; 
; caught STYLE-WARNING:
;   The variable OPENLDK::|s{2}| is assigned but never read.

;     (OPENLDK::|local-2|)
; 
; caught STYLE-WARNING:
;   The variable OPENLDK::|local-2| is defined but never used.

;     (OPENLDK::|local-3|)
; 
; caught STYLE-WARNING:
;   The variable OPENLDK::|local-3| is defined but never used.

;     (OPENLDK::|local-4|)
; 
; caught STYLE-WARNING:
;   The variable OPENLDK::|local-4| is defined but never used.

;     (SB-INT:INVALID-ARRAY-INDEX-ERROR
;      (LAMBDA (OPENLDK::E)
;        (ERROR
;         (OPENLDK::%LISP-CONDITION
;          (OPENLDK::%MAKE-THROWABLE
;           'OPENLDK::|java/lang/ArrayIndexOutOfBoundsException|)))))
; 
; caught STYLE-WARNING:
;   The variable OPENLDK::E is defined but never used.
; 
; compilation unit finished
;   caught 10 STYLE-WARNING conditions
WARNING:
   redefining OPENLDK::|sun/invoke/util/Wrapper.findPrimitiveType(Ljava/lang/Class;)| in DEFUN
; in:
;      PROGN (DEFMETHOD OPENLDK::|isDoubleWord()|
;                   ((OPENLDK::|this| OPENLDK::|sun/invoke/util/Wrapper|))
;          (SETF OPENLDK::*FORCE-THIS-TO-BE-USED* OPENLDK::|this|)
;          "bridge=NIL"
;          (LET ((OPENLDK::|condition-cache|)
;                (OPENLDK::|s{5,6}|)
;                (OPENLDK::|s{2}|)
;                (OPENLDK::|s{1}|)
;                (OPENLDK::|local-0| OPENLDK::|this|)
;                (OPENLDK::|local-1|)
;                (OPENLDK::|local-2|)
;                (OPENLDK::|local-3|))
;            (BLOCK NIL
;              (TAGBODY
;               |branch-target-0|
;                (SETF #)
;                (SETF #)
;                (WHEN # #)
;               |branch-target-9|
;                (SETF #)
;                (GO |branch-target-14|)
;               |branch-target-14|
;                (LET #
;                  #
;                  #)
;               |branch-target-13|
;                (SETF #) ...))))
;     (OPENLDK::|condition-cache|)
; 
; caught STYLE-WARNING:
;   The variable OPENLDK::|condition-cache| is defined but never used.

;     (OPENLDK::|s{1}|)
; 
; caught STYLE-WARNING:
;   The variable OPENLDK::|s{1}| is assigned but never read.

;     (OPENLDK::|local-1|)
; 
; caught STYLE-WARNING:
;   The variable OPENLDK::|local-1| is defined but never used.

;     (OPENLDK::|local-2|)
; 
; caught STYLE-WARNING:
;   The variable OPENLDK::|local-2| is defined but never used.

;     (OPENLDK::|local-3|)
; 
; caught STYLE-WARNING:
;   The variable OPENLDK::|local-3| is defined but never used.
; 
; compilation unit finished
;   caught 5 STYLE-WARNING conditions
WARNING:
   redefining OPENLDK::|isDoubleWord()| (#<STANDARD-CLASS OPENLDK::|sun/invoke/util/Wrapper|>) in DEFMETHOD
; in:
;      PROGN (DEFMETHOD OPENLDK::|isSubwordOrInt()|
;                   ((OPENLDK::|this| OPENLDK::|sun/invoke/util/Wrapper|))
;          (SETF OPENLDK::*FORCE-THIS-TO-BE-USED* OPENLDK::|this|)
;          "bridge=NIL"
;          (LET ((OPENLDK::|condition-cache|)
;                (OPENLDK::|s{5,6}|)
;                (OPENLDK::|s{4}|)
;                (OPENLDK::|s{3}|)
;                (OPENLDK::|s{2}|)
;                (OPENLDK::|s{1}|)
;                (OPENLDK::|local-0| OPENLDK::|this|)
;                (OPENLDK::|local-1|)
;                (OPENLDK::|local-2|)
;                (OPENLDK::|local-3|))
;            (BLOCK NIL
;              (TAGBODY
;               |branch-target-0|
;                (SETF #)
;                (SETF #)
;                (WHEN # #)
;               |branch-target-7|
;                (SETF #)
;                (SETF #)
;                (WHEN # #)
;               |branch-target-14|
;                (SETF #)
;                (GO |branch-target-19|) ...))))
;     (OPENLDK::|condition-cache|)
; 
; caught STYLE-WARNING:
;   The variable OPENLDK::|condition-cache| is defined but never used.

;     (OPENLDK::|s{3}|)
; 
; caught STYLE-WARNING:
;   The variable OPENLDK::|s{3}| is assigned but never read.

;     (OPENLDK::|s{1}|)
; 
; caught STYLE-WARNING:
;   The variable OPENLDK::|s{1}| is assigned but never read.

;     (OPENLDK::|local-1|)
; 
; caught STYLE-WARNING:
;   The variable OPENLDK::|local-1| is defined but never used.

;     (OPENLDK::|local-2|)
; 
; caught STYLE-WARNING:
;   The variable OPENLDK::|local-2| is defined but never used.

;     (OPENLDK::|local-3|)
; 
; caught STYLE-WARNING:
;   The variable OPENLDK::|local-3| is defined but never used.
; 
; compilation unit finished
;   caught 6 STYLE-WARNING conditions
WARNING:
   redefining OPENLDK::|isSubwordOrInt()| (#<STANDARD-CLASS OPENLDK::|sun/invoke/util/Wrapper|>) in DEFMETHOD
; in:
;      PROGN (DEFMETHOD OPENLDK::|isIntegral()|
;                   ((OPENLDK::|this| OPENLDK::|sun/invoke/util/Wrapper|))
;          (SETF OPENLDK::*FORCE-THIS-TO-BE-USED* OPENLDK::|this|)
;          "bridge=NIL"
;          (LET ((OPENLDK::|condition-cache|)
;                (OPENLDK::|s{6,7}|)
;                (OPENLDK::|s{4}|)
;                (OPENLDK::|s{3}|)
;                (OPENLDK::|s{2}|)
;                (OPENLDK::|s{1}|)
;                (OPENLDK::|local-0| OPENLDK::|this|)
;                (OPENLDK::|local-1|)
;                (OPENLDK::|local-2|)
;                (OPENLDK::|local-3|))
;            (BLOCK NIL
;              (TAGBODY
;               |branch-target-0|
;                (SETF #)
;                (SETF #)
;                (WHEN # #)
;               |branch-target-7|
;                (SETF #)
;                (SETF #)
;                (PROGN #)
;               |branch-target-17|
;                (SETF #)
;                (GO |branch-target-22|) ...))))
;     (OPENLDK::|condition-cache|)
; 
; caught STYLE-WARNING:
;   The variable OPENLDK::|condition-cache| is defined but never used.

;     (OPENLDK::|s{3}|)
; 
; caught STYLE-WARNING:
;   The variable OPENLDK::|s{3}| is assigned but never read.

;     (OPENLDK::|s{1}|)
; 
; caught STYLE-WARNING:
;   The variable OPENLDK::|s{1}| is assigned but never read.

;     (OPENLDK::|local-1|)
; 
; caught STYLE-WARNING:
;   The variable OPENLDK::|local-1| is defined but never used.

;     (OPENLDK::|local-2|)
; 
; caught STYLE-WARNING:
;   The variable OPENLDK::|local-2| is defined but never used.

;     (OPENLDK::|local-3|)
; 
; caught STYLE-WARNING:
;   The variable OPENLDK::|local-3| is defined but never used.
; 
; compilation unit finished
;   caught 6 STYLE-WARNING conditions
WARNING:
   redefining OPENLDK::|isIntegral()| (#<STANDARD-CLASS OPENLDK::|sun/invoke/util/Wrapper|>) in DEFMETHOD
; in:
;      PROGN (DEFMETHOD OPENLDK::|isNumeric()|
;                   ((OPENLDK::|this| OPENLDK::|sun/invoke/util/Wrapper|))
;          (SETF OPENLDK::*FORCE-THIS-TO-BE-USED* OPENLDK::|this|)
;          "bridge=NIL"
;          (LET ((OPENLDK::|condition-cache|)
;                (OPENLDK::|s{5,6}|)
;                (OPENLDK::|s{2}|)
;                (OPENLDK::|s{1}|)
;                (OPENLDK::|local-0| OPENLDK::|this|)
;                (OPENLDK::|local-1|)
;                (OPENLDK::|local-2|)
;                (OPENLDK::|local-3|))
;            (BLOCK NIL
;              (TAGBODY
;               |branch-target-0|
;                (SETF #)
;                (SETF #)
;                (WHEN # #)
;               |branch-target-10|
;                (SETF #)
;                (GO |branch-target-15|)
;               |branch-target-15|
;                (LET #
;                  #
;                  #)
;               |branch-target-14|
;                (SETF #) ...))))
;     (OPENLDK::|condition-cache|)
; 
; caught STYLE-WARNING:
;   The variable OPENLDK::|condition-cache| is defined but never used.

;     (OPENLDK::|s{1}|)
; 
; caught STYLE-WARNING:
;   The variable OPENLDK::|s{1}| is assigned but never read.

;     (OPENLDK::|local-1|)
; 
; caught STYLE-WARNING:
;   The variable OPENLDK::|local-1| is defined but never used.

;     (OPENLDK::|local-2|)
; 
; caught STYLE-WARNING:
;   The variable OPENLDK::|local-2| is defined but never used.

;     (OPENLDK::|local-3|)
; 
; caught STYLE-WARNING:
;   The variable OPENLDK::|local-3| is defined but never used.
; 
; compilation unit finished
;   caught 5 STYLE-WARNING conditions
WARNING:
   redefining OPENLDK::|isNumeric()| (#<STANDARD-CLASS OPENLDK::|sun/invoke/util/Wrapper|>) in DEFMETHOD
; in:
;      PROGN (DEFUN OPENLDK::|java/lang/invoke/InnerClassLambdaMetafactory.<clinit>()|
;               ()
;          "bridge=NIL"
;          (LET ((OPENLDK::|condition-cache|)
;                (OPENLDK::|s{55}|)
;                (OPENLDK::|s{54,56}|)
;                (OPENLDK::|s{53}|)
;                (OPENLDK::|s{51}|)
;                (OPENLDK::|s{48}|)
;                (OPENLDK::|s{46}|)
;                (OPENLDK::|s{42}|)
;                (OPENLDK::|s{40}|)
;                (OPENLDK::|s{39}|)
;                (OPENLDK::|s{35}|)
;                (OPENLDK::|s{33}|)
;                ...)
;            (HANDLER-BIND ((SB-INT:INVALID-ARRAY-INDEX-ERROR #) (TYPE-ERROR #))
;              (BLOCK NIL (TAGBODY |branch-target-0| # # # # # # # # # # ...)))))
;     (OPENLDK::|condition-cache|)
; 
; caught STYLE-WARNING:
;   The variable OPENLDK::|condition-cache| is defined but never used.

;     (OPENLDK::|s{55}|)
; 
; caught STYLE-WARNING:
;   The variable OPENLDK::|s{55}| is assigned but never read.

;     (OPENLDK::|s{53}|)
; 
; caught STYLE-WARNING:
;   The variable OPENLDK::|s{53}| is assigned but never read.

;     (OPENLDK::|local-0|)
; 
; caught STYLE-WARNING:
;   The variable OPENLDK::|local-0| is defined but never used.

;     (OPENLDK::|local-2|)
; 
; caught STYLE-WARNING:
;   The variable OPENLDK::|local-2| is defined but never used.

;     (OPENLDK::|local-3|)
; 
; caught STYLE-WARNING:
;   The variable OPENLDK::|local-3| is defined but never used.

;     (OPENLDK::|local-4|)
; 
; caught STYLE-WARNING:
;   The variable OPENLDK::|local-4| is defined but never used.

;     (SB-INT:INVALID-ARRAY-INDEX-ERROR
;      (LAMBDA (OPENLDK::E)
;        (ERROR
;         (OPENLDK::%LISP-CONDITION
;          (OPENLDK::%MAKE-THROWABLE
;           'OPENLDK::|java/lang/ArrayIndexOutOfBoundsException|)))))
; 
; caught STYLE-WARNING:
;   The variable OPENLDK::E is defined but never used.
; 
; compilation unit finished
;   caught 8 STYLE-WARNING conditions
WARNING:
   redefining OPENLDK::|java/lang/invoke/InnerClassLambdaMetafactory.<clinit>()| in DEFUN
; in:
;      PROGN (DEFUN OPENLDK::|jdk/internal/org/objectweb/asm/Type.<clinit>()| ()
;          "bridge=NIL"
;          (LET ((OPENLDK::|condition-cache|)
;                (OPENLDK::|s{41}|)
;                (OPENLDK::|s{36}|)
;                (OPENLDK::|s{31}|)
;                (OPENLDK::|s{26}|)
;                (OPENLDK::|s{21}|)
;                (OPENLDK::|s{16}|)
;                (OPENLDK::|s{11}|)
;                (OPENLDK::|s{6}|)
;                (OPENLDK::|s{1}|)
;                (OPENLDK::|local-0|)
;                (OPENLDK::|local-1|)
;                ...)
;            (BLOCK NIL
;              (TAGBODY
;               |branch-target-0|
;                (SETF #)
;                (OPENLDK::INVOKE-SPECIAL 'OPENLDK::|<init>(I[CII)|
;                                         'OPENLDK::|jdk/internal/org/objectweb/asm/Type|
;                                         #)
;                (SETF #)
;                (SETF #)
;                (OPENLDK::INVOKE-SPECIAL 'OPENLDK::|<init>(I[CII)|
;                                         'OPENLDK::|jdk/internal/org/objectweb/asm/Type|
;                                         #)
;                (SETF #)
;                (SETF #)
;                (OPENLDK::INVOKE-SPECIAL 'OPENLDK::|<init>(I[CII)|
;                                         'OPENLDK::|jdk/internal/org/objectweb/asm/Type|
;                                         #)
;                (SETF #)
;                (SETF #) ...))))
;     (OPENLDK::|condition-cache|)
; 
; caught STYLE-WARNING:
;   The variable OPENLDK::|condition-cache| is defined but never used.

;     (OPENLDK::|local-0|)
; 
; caught STYLE-WARNING:
;   The variable OPENLDK::|local-0| is defined but never used.

;     (OPENLDK::|local-1|)
; 
; caught STYLE-WARNING:
;   The variable OPENLDK::|local-1| is defined but never used.

;     (OPENLDK::|local-2|)
; 
; caught STYLE-WARNING:
;   The variable OPENLDK::|local-2| is defined but never used.
; 
; compilation unit finished
;   caught 4 STYLE-WARNING conditions
WARNING:
   redefining OPENLDK::|jdk/internal/org/objectweb/asm/Type.<clinit>()| in DEFUN
; in:
;      PROGN (DEFMETHOD OPENLDK::|<init>(I[CII)|
;                   (
;                    (OPENLDK::|this|
;                     OPENLDK::|jdk/internal/org/objectweb/asm/Type|)
;                    OPENLDK::|arg1| OPENLDK::|arg2| OPENLDK::|arg3|
;                    OPENLDK::|arg4|)
;          (SETF OPENLDK::*FORCE-THIS-TO-BE-USED* OPENLDK::|this|)
;          "bridge=NIL"
;          (LET ((OPENLDK::|condition-cache|)
;                (OPENLDK::|s{9}|)
;                (OPENLDK::|s{8}|)
;                (OPENLDK::|s{7}|)
;                (OPENLDK::|s{6}|)
;                (OPENLDK::|s{5}|)
;                (OPENLDK::|s{4}|)
;                (OPENLDK::|s{3}|)
;                (OPENLDK::|s{2}|)
;                (OPENLDK::|s{1}|)
;                (OPENLDK::|local-0| OPENLDK::|this|)
;                (OPENLDK::|local-1| OPENLDK::|arg1|)
;                ...)
;            (BLOCK NIL
;              (TAGBODY
;               |branch-target-0|
;                (SETF #)
;                (OPENLDK::INVOKE-SPECIAL 'OPENLDK::|<init>()|
;                                         'OPENLDK::|java/lang/Object| #)
;                (SETF #)
;                (SETF #)
;                (SETF #)
;                (SETF #)
;                (SETF #)
;                (SETF #)
;                (SETF #)
;                (SETF #) ...))))
;     (OPENLDK::|condition-cache|)
; 
; caught STYLE-WARNING:
;   The variable OPENLDK::|condition-cache| is defined but never used.

;     (OPENLDK::|s{9}|)
; 
; caught STYLE-WARNING:
;   The variable OPENLDK::|s{9}| is assigned but never read.

;     (OPENLDK::|s{7}|)
; 
; caught STYLE-WARNING:
;   The variable OPENLDK::|s{7}| is assigned but never read.

;     (OPENLDK::|s{5}|)
; 
; caught STYLE-WARNING:
;   The variable OPENLDK::|s{5}| is assigned but never read.

;     (OPENLDK::|s{3}|)
; 
; caught STYLE-WARNING:
;   The variable OPENLDK::|s{3}| is assigned but never read.

;     (OPENLDK::|s{1}|)
; 
; caught STYLE-WARNING:
;   The variable OPENLDK::|s{1}| is assigned but never read.

;     (OPENLDK::|local-5|)
; 
; caught STYLE-WARNING:
;   The variable OPENLDK::|local-5| is defined but never used.

;     (OPENLDK::|local-6|)
; 
; caught STYLE-WARNING:
;   The variable OPENLDK::|local-6| is defined but never used.

;     (OPENLDK::|local-7|)
; 
; caught STYLE-WARNING:
;   The variable OPENLDK::|local-7| is defined but never used.
; 
; compilation unit finished
;   caught 9 STYLE-WARNING conditions
WARNING:
   redefining OPENLDK::|<init>(I[CII)| (#<STANDARD-CLASS OPENLDK::|jdk/internal/org/objectweb/asm/Type|>
                                        #<SB-PCL:SYSTEM-CLASS COMMON-LISP:T>
                                        #<SB-PCL:SYSTEM-CLASS COMMON-LISP:T>
                                        #<SB-PCL:SYSTEM-CLASS COMMON-LISP:T>
                                        #<SB-PCL:SYSTEM-CLASS COMMON-LISP:T>) in DEFMETHOD
; in:
;      PROGN (DEFUN OPENLDK::|jdk/internal/org/objectweb/asm/Type.getMethodDescriptor(Ljdk/internal/org/objectweb/asm/Type;[Ljdk/internal/org/objectweb/asm/Type;)|
;               (OPENLDK::|arg0| OPENLDK::|arg1|)
;          "bridge=NIL"
;          (LET ((OPENLDK::|condition-cache|)
;                (OPENLDK::|s{19}|)
;                (OPENLDK::|s{18}|)
;                (OPENLDK::|s{17}|)
;                (OPENLDK::|s{16}|)
;                (OPENLDK::|s{15}|)
;                (OPENLDK::|s{13}|)
;                (OPENLDK::|s{12}|)
;                (OPENLDK::|s{11}|)
;                (OPENLDK::|s{10}|)
;                (OPENLDK::|s{9}|)
;                (OPENLDK::|s{8}|)
;                ...)
;            (HANDLER-BIND ((SB-INT:INVALID-ARRAY-INDEX-ERROR #) (TYPE-ERROR #))
;              (BLOCK NIL
;                (TAGBODY
;                 |branch-target-0|
;                  #
;                  #
;                  #
;                  #
;                  #
;                  #
;                 |branch-target-17|
;                  #
;                  #
;                  # ...)))))
;     (OPENLDK::|condition-cache|)
; 
; caught STYLE-WARNING:
;   The variable OPENLDK::|condition-cache| is defined but never used.

;     (OPENLDK::|s{18}|)
; 
; caught STYLE-WARNING:
;   The variable OPENLDK::|s{18}| is assigned but never read.

;     (OPENLDK::|s{17}|)
; 
; caught STYLE-WARNING:
;   The variable OPENLDK::|s{17}| is assigned but never read.

;     (OPENLDK::|s{16}|)
; 
; caught STYLE-WARNING:
;   The variable OPENLDK::|s{16}| is assigned but never read.

;     (OPENLDK::|s{15}|)
; 
; caught STYLE-WARNING:
;   The variable OPENLDK::|s{15}| is assigned but never read.

;     (OPENLDK::|s{13}|)
; 
; caught STYLE-WARNING:
;   The variable OPENLDK::|s{13}| is assigned but never read.

;     (OPENLDK::|s{12}|)
; 
; caught STYLE-WARNING:
;   The variable OPENLDK::|s{12}| is assigned but never read.

;     (OPENLDK::|s{10}|)
; 
; caught STYLE-WARNING:
;   The variable OPENLDK::|s{10}| is assigned but never read.

;     (OPENLDK::|s{9}|)
; 
; caught STYLE-WARNING:
;   The variable OPENLDK::|s{9}| is assigned but never read.

;     (OPENLDK::|s{7}|)
; 
; caught STYLE-WARNING:
;   The variable OPENLDK::|s{7}| is assigned but never read.

;     (OPENLDK::|s{6}|)
; 
; caught STYLE-WARNING:
;   The variable OPENLDK::|s{6}| is assigned but never read.

;     (OPENLDK::|s{4}|)
; 
; caught STYLE-WARNING:
;   The variable OPENLDK::|s{4}| is assigned but never read.

;     (OPENLDK::|s{2}|)
; 
; caught STYLE-WARNING:
;   The variable OPENLDK::|s{2}| is assigned but never read.

;     (OPENLDK::|local-4|)
; 
; caught STYLE-WARNING:
;   The variable OPENLDK::|local-4| is defined but never used.

;     (OPENLDK::|local-5|)
; 
; caught STYLE-WARNING:
;   The variable OPENLDK::|local-5| is defined but never used.

;     (OPENLDK::|local-6|)
; 
; caught STYLE-WARNING:
;   The variable OPENLDK::|local-6| is defined but never used.

;     (SB-INT:INVALID-ARRAY-INDEX-ERROR
;      (LAMBDA (OPENLDK::E)
;        (ERROR
;         (OPENLDK::%LISP-CONDITION
;          (OPENLDK::%MAKE-THROWABLE
;           'OPENLDK::|java/lang/ArrayIndexOutOfBoundsException|)))))
; 
; caught STYLE-WARNING:
;   The variable OPENLDK::E is defined but never used.
; 
; compilation unit finished
;   caught 17 STYLE-WARNING conditions
WARNING:
   redefining OPENLDK::|jdk/internal/org/objectweb/asm/Type.getMethodDescriptor(Ljdk/internal/org/objectweb/asm/Type;[Ljdk/internal/org/objectweb/asm/Type;)| in DEFUN
; in:
;      PROGN (DEFMETHOD OPENLDK::|append(C)|
;                   ((OPENLDK::|this| OPENLDK::|java/lang/StringBuffer|)
;                    OPENLDK::|arg1|)
;          (SETF OPENLDK::*FORCE-THIS-TO-BE-USED* OPENLDK::|this|)
;          "bridge=NIL"
;          (LET ((OPENLDK::|condition-cache|)
;                (OPENLDK::|s{6}|)
;                (OPENLDK::|s{5}|)
;                (OPENLDK::|s{4}|)
;                (OPENLDK::|s{3}|)
;                (OPENLDK::|s{1}|)
;                (OPENLDK::|local-0| OPENLDK::|this|)
;                (OPENLDK::|local-1| OPENLDK::|arg1|)
;                (OPENLDK::|local-2|)
;                (OPENLDK::|local-3|)
;                (OPENLDK::|local-4|))
;            (BLOCK NIL
;              (TAGBODY
;               |branch-target-0|
;                (SETF #)
;                (SETF #)
;                (SETF #)
;                (SETF #)
;                (SETF #)
;                (SETF #)
;                (LET #
;                  #
;                  #)))))
;     (OPENLDK::|condition-cache|)
; 
; caught STYLE-WARNING:
;   The variable OPENLDK::|condition-cache| is defined but never used.

;     (OPENLDK::|s{6}|)
; 
; caught STYLE-WARNING:
;   The variable OPENLDK::|s{6}| is assigned but never read.

;     (OPENLDK::|s{5}|)
; 
; caught STYLE-WARNING:
;   The variable OPENLDK::|s{5}| is assigned but never read.

;     (OPENLDK::|s{4}|)
; 
; caught STYLE-WARNING:
;   The variable OPENLDK::|s{4}| is assigned but never read.

;     (OPENLDK::|s{3}|)
; 
; caught STYLE-WARNING:
;   The variable OPENLDK::|s{3}| is assigned but never read.

;     (OPENLDK::|local-2|)
; 
; caught STYLE-WARNING:
;   The variable OPENLDK::|local-2| is defined but never used.

;     (OPENLDK::|local-3|)
; 
; caught STYLE-WARNING:
;   The variable OPENLDK::|local-3| is defined but never used.

;     (OPENLDK::|local-4|)
; 
; caught STYLE-WARNING:
;   The variable OPENLDK::|local-4| is defined but never used.
; 
; compilation unit finished
;   caught 8 STYLE-WARNING conditions
WARNING:
   redefining OPENLDK::|append(C)| (#<STANDARD-CLASS OPENLDK::|java/lang/StringBuffer|>
                                    #<SB-PCL:SYSTEM-CLASS COMMON-LISP:T>) in DEFMETHOD
; in:
;      PROGN (DEFMETHOD OPENLDK::|getDescriptor(Ljava/lang/StringBuffer;)|
;                   (
;                    (OPENLDK::|this|
;                     OPENLDK::|jdk/internal/org/objectweb/asm/Type|)
;                    OPENLDK::|arg1|)
;          (SETF OPENLDK::*FORCE-THIS-TO-BE-USED* OPENLDK::|this|)
;          "bridge=NIL"
;          (LET ((OPENLDK::|condition-cache|)
;                (OPENLDK::|s{36}|)
;                (OPENLDK::|s{35}|)
;                (OPENLDK::|s{34}|)
;                (OPENLDK::|s{33}|)
;                (OPENLDK::|s{32}|)
;                (OPENLDK::|s{31}|)
;                (OPENLDK::|s{30}|)
;                (OPENLDK::|s{29}|)
;                (OPENLDK::|s{28}|)
;                (OPENLDK::|s{26}|)
;                (OPENLDK::|s{25}|)
;                ...)
;            (BLOCK NIL
;              (TAGBODY
;               |branch-target-0|
;                (SETF #)
;                (SETF #)
;                (WHEN # #)
;               |branch-target-7|
;                (SETF #)
;                (SETF #)
;                (SETF #)
;                (SETF #)
;                (GO |branch-target-86|)
;               |branch-target-86| ...))))
;     (OPENLDK::|condition-cache|)
; 
; caught STYLE-WARNING:
;   The variable OPENLDK::|condition-cache| is defined but never used.

;     (OPENLDK::|s{36}|)
; 
; caught STYLE-WARNING:
;   The variable OPENLDK::|s{36}| is assigned but never read.

;     (OPENLDK::|s{34}|)
; 
; caught STYLE-WARNING:
;   The variable OPENLDK::|s{34}| is assigned but never read.

;     (OPENLDK::|s{32}|)
; 
; caught STYLE-WARNING:
;   The variable OPENLDK::|s{32}| is assigned but never read.

;     (OPENLDK::|s{30}|)
; 
; caught STYLE-WARNING:
;   The variable OPENLDK::|s{30}| is assigned but never read.

;     (OPENLDK::|s{29}|)
; 
; caught STYLE-WARNING:
;   The variable OPENLDK::|s{29}| is assigned but never read.

;     (OPENLDK::|s{28}|)
; 
; caught STYLE-WARNING:
;   The variable OPENLDK::|s{28}| is assigned but never read.

;     (OPENLDK::|s{26}|)
; 
; caught STYLE-WARNING:
;   The variable OPENLDK::|s{26}| is assigned but never read.

;     (OPENLDK::|s{25}|)
; 
; caught STYLE-WARNING:
;   The variable OPENLDK::|s{25}| is assigned but never read.

;     (OPENLDK::|s{23}|)
; 
; caught STYLE-WARNING:
;   The variable OPENLDK::|s{23}| is assigned but never read.

;     (OPENLDK::|s{21}|)
; 
; caught STYLE-WARNING:
;   The variable OPENLDK::|s{21}| is assigned but never read.

;     (OPENLDK::|s{19}|)
; 
; caught STYLE-WARNING:
;   The variable OPENLDK::|s{19}| is assigned but never read.

;     (OPENLDK::|s{18}|)
; 
; caught STYLE-WARNING:
;   The variable OPENLDK::|s{18}| is assigned but never read.

;     (OPENLDK::|s{17}|)
; 
; caught STYLE-WARNING:
;   The variable OPENLDK::|s{17}| is assigned but never read.

;     (OPENLDK::|s{15}|)
; 
; caught STYLE-WARNING:
;   The variable OPENLDK::|s{15}| is assigned but never read.

;     (OPENLDK::|s{12}|)
; 
; caught STYLE-WARNING:
;   The variable OPENLDK::|s{12}| is assigned but never read.

;     (OPENLDK::|s{11}|)
; 
; caught STYLE-WARNING:
;   The variable OPENLDK::|s{11}| is assigned but never read.

;     (OPENLDK::|s{4}|)
; 
; caught STYLE-WARNING:
;   The variable OPENLDK::|s{4}| is assigned but never read.

;     (OPENLDK::|s{3}|)
; 
; caught STYLE-WARNING:
;   The variable OPENLDK::|s{3}| is assigned but never read.

;     (OPENLDK::|s{1}|)
; 
; caught STYLE-WARNING:
;   The variable OPENLDK::|s{1}| is assigned but never read.

;     (OPENLDK::|local-2|)
; 
; caught STYLE-WARNING:
;   The variable OPENLDK::|local-2| is defined but never used.

;     (OPENLDK::|local-3|)
; 
; caught STYLE-WARNING:
;   The variable OPENLDK::|local-3| is defined but never used.

;     (OPENLDK::|local-4|)
; 
; caught STYLE-WARNING:
;   The variable OPENLDK::|local-4| is defined but never used.
; 
; compilation unit finished
;   caught 23 STYLE-WARNING conditions
WARNING:
   redefining OPENLDK::|getDescriptor(Ljava/lang/StringBuffer;)| (#<STANDARD-CLASS OPENLDK::|jdk/internal/org/objectweb/asm/Type|>
                                                                  #<SB-PCL:SYSTEM-CLASS COMMON-LISP:T>) in DEFMETHOD
; in:
;      PROGN (DEFUN OPENLDK::|java/lang/invoke/MethodType.methodType(Ljava/lang/Class;Ljava/lang/Class;[Ljava/lang/Class;)|
;               (OPENLDK::|arg0| OPENLDK::|arg1| OPENLDK::|arg2|)
;          "bridge=NIL"
;          (LET ((OPENLDK::|condition-cache|)
;                (OPENLDK::|s{18}|)
;                (OPENLDK::|s{16}|)
;                (OPENLDK::|s{15}|)
;                (OPENLDK::|s{14}|)
;                (OPENLDK::|s{13}|)
;                (OPENLDK::|s{11}|)
;                (OPENLDK::|s{9}|)
;                (OPENLDK::|s{8}|)
;                (OPENLDK::|s{6}|)
;                (OPENLDK::|s{5}|)
;                (OPENLDK::|s{3}|)
;                ...)
;            (HANDLER-BIND ((SB-INT:INVALID-ARRAY-INDEX-ERROR #) (TYPE-ERROR #))
;              (BLOCK NIL (TAGBODY |branch-target-0| # # # # # # # # # # ...)))))
;     (OPENLDK::|condition-cache|)
; 
; caught STYLE-WARNING:
;   The variable OPENLDK::|condition-cache| is defined but never used.

;     (OPENLDK::|s{16}|)
; 
; caught STYLE-WARNING:
;   The variable OPENLDK::|s{16}| is assigned but never read.

;     (OPENLDK::|s{15}|)
; 
; caught STYLE-WARNING:
;   The variable OPENLDK::|s{15}| is assigned but never read.

;     (OPENLDK::|s{13}|)
; 
; caught STYLE-WARNING:
;   The variable OPENLDK::|s{13}| is assigned but never read.

;     (OPENLDK::|s{11}|)
; 
; caught STYLE-WARNING:
;   The variable OPENLDK::|s{11}| is assigned but never read.

;     (OPENLDK::|s{9}|)
; 
; caught STYLE-WARNING:
;   The variable OPENLDK::|s{9}| is assigned but never read.

;     (OPENLDK::|s{8}|)
; 
; caught STYLE-WARNING:
;   The variable OPENLDK::|s{8}| is assigned but never read.

;     (OPENLDK::|s{6}|)
; 
; caught STYLE-WARNING:
;   The variable OPENLDK::|s{6}| is assigned but never read.

;     (OPENLDK::|s{2}|)
; 
; caught STYLE-WARNING:
;   The variable OPENLDK::|s{2}| is assigned but never read.

;     (OPENLDK::|local-4|)
; 
; caught STYLE-WARNING:
;   The variable OPENLDK::|local-4| is defined but never used.

;     (OPENLDK::|local-5|)
; 
; caught STYLE-WARNING:
;   The variable OPENLDK::|local-5| is defined but never used.

;     (OPENLDK::|local-6|)
; 
; caught STYLE-WARNING:
;   The variable OPENLDK::|local-6| is defined but never used.

;     (SB-INT:INVALID-ARRAY-INDEX-ERROR
;      (LAMBDA (OPENLDK::E)
;        (ERROR
;         (OPENLDK::%LISP-CONDITION
;          (OPENLDK::%MAKE-THROWABLE
;           'OPENLDK::|java/lang/ArrayIndexOutOfBoundsException|)))))
; 
; caught STYLE-WARNING:
;   The variable OPENLDK::E is defined but never used.
; 
; compilation unit finished
;   caught 13 STYLE-WARNING conditions
WARNING:
   redefining OPENLDK::|java/lang/invoke/MethodType.methodType(Ljava/lang/Class;Ljava/lang/Class;[Ljava/lang/Class;)| in DEFUN
; in:
;      PROGN (DEFUN OPENLDK::|java/lang/invoke/MethodType.checkPtype(Ljava/lang/Class;)|
;               (OPENLDK::|arg0|)
;          "bridge=NIL"
;          (LET ((OPENLDK::|condition-cache|)
;                (OPENLDK::|s{6}|)
;                (OPENLDK::|s{4}|)
;                (OPENLDK::|s{3}|)
;                (OPENLDK::|s{2}|)
;                (OPENLDK::|s{1}|)
;                (OPENLDK::|local-0| OPENLDK::|arg0|)
;                (OPENLDK::|local-1|)
;                (OPENLDK::|local-2|)
;                (OPENLDK::|local-3|))
;            (BLOCK NIL
;              (TAGBODY
;               |branch-target-0|
;                (SETF #)
;                (UNLESS # #)
;                (SETF #)
;                (SETF #)
;                (UNLESS # #)
;                (SETF #)
;                (WHEN # #)
;               |branch-target-12|
;                (UNLESS # #)
;                (SETF #) ...))))
;     (OPENLDK::|condition-cache|)
; 
; caught STYLE-WARNING:
;   The variable OPENLDK::|condition-cache| is assigned but never read.

;     (OPENLDK::|s{3}|)
; 
; caught STYLE-WARNING:
;   The variable OPENLDK::|s{3}| is assigned but never read.

;     (OPENLDK::|s{2}|)
; 
; caught STYLE-WARNING:
;   The variable OPENLDK::|s{2}| is assigned but never read.

;     (OPENLDK::|s{1}|)
; 
; caught STYLE-WARNING:
;   The variable OPENLDK::|s{1}| is assigned but never read.

;     (OPENLDK::|local-1|)
; 
; caught STYLE-WARNING:
;   The variable OPENLDK::|local-1| is defined but never used.

;     (OPENLDK::|local-2|)
; 
; caught STYLE-WARNING:
;   The variable OPENLDK::|local-2| is defined but never used.

;     (OPENLDK::|local-3|)
; 
; caught STYLE-WARNING:
;   The variable OPENLDK::|local-3| is defined but never used.
; 
; compilation unit finished
;   caught 7 STYLE-WARNING conditions
WARNING:
   redefining OPENLDK::|java/lang/invoke/MethodType.checkPtype(Ljava/lang/Class;)| in DEFUN
; in:
;      PROGN (DEFMETHOD OPENLDK::|isSingleWord()|
;                   ((OPENLDK::|this| OPENLDK::|sun/invoke/util/Wrapper|))
;          (SETF OPENLDK::*FORCE-THIS-TO-BE-USED* OPENLDK::|this|)
;          "bridge=NIL"
;          (LET ((OPENLDK::|condition-cache|)
;                (OPENLDK::|s{5,6}|)
;                (OPENLDK::|s{2}|)
;                (OPENLDK::|s{1}|)
;                (OPENLDK::|local-0| OPENLDK::|this|)
;                (OPENLDK::|local-1|)
;                (OPENLDK::|local-2|)
;                (OPENLDK::|local-3|))
;            (BLOCK NIL
;              (TAGBODY
;               |branch-target-0|
;                (SETF #)
;                (SETF #)
;                (WHEN # #)
;               |branch-target-9|
;                (SETF #)
;                (GO |branch-target-14|)
;               |branch-target-14|
;                (LET #
;                  #
;                  #)
;               |branch-target-13|
;                (SETF #) ...))))
;     (OPENLDK::|condition-cache|)
; 
; caught STYLE-WARNING:
;   The variable OPENLDK::|condition-cache| is defined but never used.

;     (OPENLDK::|s{1}|)
; 
; caught STYLE-WARNING:
;   The variable OPENLDK::|s{1}| is assigned but never read.

;     (OPENLDK::|local-1|)
; 
; caught STYLE-WARNING:
;   The variable OPENLDK::|local-1| is defined but never used.

;     (OPENLDK::|local-2|)
; 
; caught STYLE-WARNING:
;   The variable OPENLDK::|local-2| is defined but never used.

;     (OPENLDK::|local-3|)
; 
; caught STYLE-WARNING:
;   The variable OPENLDK::|local-3| is defined but never used.
; 
; compilation unit finished
;   caught 5 STYLE-WARNING conditions
WARNING:
   redefining OPENLDK::|isSingleWord()| (#<STANDARD-CLASS OPENLDK::|sun/invoke/util/Wrapper|>) in DEFMETHOD
; in:
;      PROGN (DEFUN OPENLDK::|java/lang/invoke/MethodType.genericMethodType(I)|
;               (OPENLDK::|arg0|)
;          "bridge=NIL"
;          (LET ((OPENLDK::|condition-cache|)
;                (OPENLDK::|s{3}|)
;                (OPENLDK::|s{1}|)
;                (OPENLDK::|local-0| OPENLDK::|arg0|)
;                (OPENLDK::|local-1|)
;                (OPENLDK::|local-2|)
;                (OPENLDK::|local-3|))
;            (BLOCK NIL
;              (TAGBODY
;               |branch-target-0|
;                (SETF #)
;                (UNLESS # #)
;                (SETF #)
;                (LET #
;                  #
;                  #)))))
;     (OPENLDK::|condition-cache|)
; 
; caught STYLE-WARNING:
;   The variable OPENLDK::|condition-cache| is defined but never used.

;     (OPENLDK::|s{1}|)
; 
; caught STYLE-WARNING:
;   The variable OPENLDK::|s{1}| is assigned but never read.

;     (OPENLDK::|local-1|)
; 
; caught STYLE-WARNING:
;   The variable OPENLDK::|local-1| is defined but never used.

;     (OPENLDK::|local-2|)
; 
; caught STYLE-WARNING:
;   The variable OPENLDK::|local-2| is defined but never used.

;     (OPENLDK::|local-3|)
; 
; caught STYLE-WARNING:
;   The variable OPENLDK::|local-3| is defined but never used.
; 
; compilation unit finished
;   caught 5 STYLE-WARNING conditions
WARNING:
   redefining OPENLDK::|java/lang/invoke/MethodType.genericMethodType(I)| in DEFUN
; in:
;      PROGN (DEFUN OPENLDK::|java/lang/invoke/MethodType.genericMethodType(IZ)|
;               (OPENLDK::|arg0| OPENLDK::|arg1|)
;          "bridge=NIL"
;          (LET ((OPENLDK::|condition-cache|)
;                (OPENLDK::|s{38}|)
;                (OPENLDK::|s{37}|)
;                (OPENLDK::|s{36}|)
;                (OPENLDK::|s{35}|)
;                (OPENLDK::|s{34}|)
;                (OPENLDK::|s{33}|)
;                (OPENLDK::|s{32}|)
;                (OPENLDK::|s{31}|)
;                (OPENLDK::|s{29}|)
;                (OPENLDK::|s{26}|)
;                (OPENLDK::|s{25}|)
;                ...)
;            (HANDLER-BIND ((SB-INT:INVALID-ARRAY-INDEX-ERROR #) (TYPE-ERROR #))
;              (BLOCK NIL
;                (TAGBODY
;                 |branch-target-0|
;                  #
;                  #
;                  #
;                  #
;                  #
;                 |branch-target-8|
;                  #
;                  #
;                 |branch-target-13|
;                  # ...)))))
;     (OPENLDK::|condition-cache|)
; 
; caught STYLE-WARNING:
;   The variable OPENLDK::|condition-cache| is defined but never used.

;     (OPENLDK::|s{38}|)
; 
; caught STYLE-WARNING:
;   The variable OPENLDK::|s{38}| is assigned but never read.

;     (OPENLDK::|s{37}|)
; 
; caught STYLE-WARNING:
;   The variable OPENLDK::|s{37}| is assigned but never read.

;     (OPENLDK::|s{36}|)
; 
; caught STYLE-WARNING:
;   The variable OPENLDK::|s{36}| is assigned but never read.

;     (OPENLDK::|s{32}|)
; 
; caught STYLE-WARNING:
;   The variable OPENLDK::|s{32}| is assigned but never read.

;     (OPENLDK::|s{29}|)
; 
; caught STYLE-WARNING:
;   The variable OPENLDK::|s{29}| is assigned but never read.

;     (OPENLDK::|s{26}|)
; 
; caught STYLE-WARNING:
;   The variable OPENLDK::|s{26}| is assigned but never read.

;     (OPENLDK::|s{25}|)
; 
; caught STYLE-WARNING:
;   The variable OPENLDK::|s{25}| is assigned but never read.

;     (OPENLDK::|s{24}|)
; 
; caught STYLE-WARNING:
;   The variable OPENLDK::|s{24}| is assigned but never read.

;     (OPENLDK::|s{22}|)
; 
; caught STYLE-WARNING:
;   The variable OPENLDK::|s{22}| is assigned but never read.

;     (OPENLDK::|s{19}|)
; 
; caught STYLE-WARNING:
;   The variable OPENLDK::|s{19}| is assigned but never read.

;     (OPENLDK::|s{18}|)
; 
; caught STYLE-WARNING:
;   The variable OPENLDK::|s{18}| is assigned but never read.

;     (OPENLDK::|s{17}|)
; 
; caught STYLE-WARNING:
;   The variable OPENLDK::|s{17}| is assigned but never read.

;     (OPENLDK::|s{16}|)
; 
; caught STYLE-WARNING:
;   The variable OPENLDK::|s{16}| is assigned but never read.

;     (OPENLDK::|s{14}|)
; 
; caught STYLE-WARNING:
;   The variable OPENLDK::|s{14}| is assigned but never read.

;     (OPENLDK::|s{10}|)
; 
; caught STYLE-WARNING:
;   The variable OPENLDK::|s{10}| is assigned but never read.

;     (OPENLDK::|s{8}|)
; 
; caught STYLE-WARNING:
;   The variable OPENLDK::|s{8}| is assigned but never read.

;     (OPENLDK::|s{5}|)
; 
; caught STYLE-WARNING:
;   The variable OPENLDK::|s{5}| is assigned but never read.

;     (OPENLDK::|s{2}|)
; 
; caught STYLE-WARNING:
;   The variable OPENLDK::|s{2}| is assigned but never read.

;     (OPENLDK::|s{1}|)
; 
; caught STYLE-WARNING:
;   The variable OPENLDK::|s{1}| is assigned but never read.

;     (OPENLDK::|local-6|)
; 
; caught STYLE-WARNING:
;   The variable OPENLDK::|local-6| is defined but never used.

;     (OPENLDK::|local-7|)
; 
; caught STYLE-WARNING:
;   The variable OPENLDK::|local-7| is defined but never used.

;     (OPENLDK::|local-8|)
; 
; caught STYLE-WARNING:
;   The variable OPENLDK::|local-8| is defined but never used.

;     (SB-INT:INVALID-ARRAY-INDEX-ERROR
;      (LAMBDA (OPENLDK::E)
;        (ERROR
;         (OPENLDK::%LISP-CONDITION
;          (OPENLDK::%MAKE-THROWABLE
;           'OPENLDK::|java/lang/ArrayIndexOutOfBoundsException|)))))
; 
; caught STYLE-WARNING:
;   The variable OPENLDK::E is defined but never used.
; 
; compilation unit finished
;   caught 24 STYLE-WARNING conditions
WARNING:
   redefining OPENLDK::|java/lang/invoke/MethodType.genericMethodType(IZ)| in DEFUN
; in:
;      PROGN (DEFUN OPENLDK::|java/util/Arrays.fill([Ljava/lang/Object;Ljava/lang/Object;)|
;               (OPENLDK::|arg0| OPENLDK::|arg1|)
;          "bridge=NIL"
;          (LET ((OPENLDK::|condition-cache|)
;                (OPENLDK::|s{8}|)
;                (OPENLDK::|s{7}|)
;                (OPENLDK::|s{6}|)
;                (OPENLDK::|s{5}|)
;                (OPENLDK::|s{4}|)
;                (OPENLDK::|s{3}|)
;                (OPENLDK::|s{2}|)
;                (OPENLDK::|local-0| OPENLDK::|arg0|)
;                (OPENLDK::|local-1| OPENLDK::|arg1|)
;                (OPENLDK::|local-2|)
;                (OPENLDK::|local-3|)
;                ...)
;            (HANDLER-BIND ((SB-INT:INVALID-ARRAY-INDEX-ERROR #) (TYPE-ERROR #))
;              (BLOCK NIL
;                (TAGBODY
;                 |branch-target-0|
;                  #
;                  #
;                  #
;                  #
;                 |branch-target-5|
;                  #
;                  #
;                  #
;                 |branch-target-10|
;                  # ...)))))
;     (OPENLDK::|condition-cache|)
; 
; caught STYLE-WARNING:
;   The variable OPENLDK::|condition-cache| is defined but never used.

;     (OPENLDK::|s{8}|)
; 
; caught STYLE-WARNING:
;   The variable OPENLDK::|s{8}| is assigned but never read.

;     (OPENLDK::|s{7}|)
; 
; caught STYLE-WARNING:
;   The variable OPENLDK::|s{7}| is assigned but never read.

;     (OPENLDK::|s{6}|)
; 
; caught STYLE-WARNING:
;   The variable OPENLDK::|s{6}| is assigned but never read.

;     (OPENLDK::|s{5}|)
; 
; caught STYLE-WARNING:
;   The variable OPENLDK::|s{5}| is assigned but never read.

;     (OPENLDK::|s{4}|)
; 
; caught STYLE-WARNING:
;   The variable OPENLDK::|s{4}| is assigned but never read.

;     (OPENLDK::|s{2}|)
; 
; caught STYLE-WARNING:
;   The variable OPENLDK::|s{2}| is assigned but never read.

;     (OPENLDK::|local-4|)
; 
; caught STYLE-WARNING:
;   The variable OPENLDK::|local-4| is defined but never used.

;     (OPENLDK::|local-5|)
; 
; caught STYLE-WARNING:
;   The variable OPENLDK::|local-5| is defined but never used.

;     (OPENLDK::|local-6|)
; 
; caught STYLE-WARNING:
;   The variable OPENLDK::|local-6| is defined but never used.

;     (SB-INT:INVALID-ARRAY-INDEX-ERROR
;      (LAMBDA (OPENLDK::E)
;        (ERROR
;         (OPENLDK::%LISP-CONDITION
;          (OPENLDK::%MAKE-THROWABLE
;           'OPENLDK::|java/lang/ArrayIndexOutOfBoundsException|)))))
; 
; caught STYLE-WARNING:
;   The variable OPENLDK::E is defined but never used.
; 
; compilation unit finished
;   caught 11 STYLE-WARNING conditions
WARNING:
   redefining OPENLDK::|java/util/Arrays.fill([Ljava/lang/Object;Ljava/lang/Object;)| in DEFUN
; in:
;      PROGN (DEFMETHOD OPENLDK::|next()|
;                   (
;                    (OPENLDK::|this|
;                     OPENLDK::|java/util/Collections$UnmodifiableCollection$1|))
;          (SETF OPENLDK::*FORCE-THIS-TO-BE-USED* OPENLDK::|this|)
;          "bridge=NIL"
;          (LET ((OPENLDK::|condition-cache|)
;                (OPENLDK::|s{3}|)
;                (OPENLDK::|s{2}|)
;                (OPENLDK::|s{1}|)
;                (OPENLDK::|local-0| OPENLDK::|this|)
;                (OPENLDK::|local-1|)
;                (OPENLDK::|local-2|)
;                (OPENLDK::|local-3|))
;            (BLOCK NIL
;              (TAGBODY
;               |branch-target-0|
;                (SETF #)
;                (SETF #)
;                (SETF #)
;                (LET #
;                  #
;                  #)))))
;     (OPENLDK::|condition-cache|)
; 
; caught STYLE-WARNING:
;   The variable OPENLDK::|condition-cache| is defined but never used.

;     (OPENLDK::|s{1}|)
; 
; caught STYLE-WARNING:
;   The variable OPENLDK::|s{1}| is assigned but never read.

;     (OPENLDK::|local-1|)
; 
; caught STYLE-WARNING:
;   The variable OPENLDK::|local-1| is defined but never used.

;     (OPENLDK::|local-2|)
; 
; caught STYLE-WARNING:
;   The variable OPENLDK::|local-2| is defined but never used.

;     (OPENLDK::|local-3|)
; 
; caught STYLE-WARNING:
;   The variable OPENLDK::|local-3| is defined but never used.
; 
; compilation unit finished
;   caught 5 STYLE-WARNING conditions
WARNING:
   redefining OPENLDK::|next()| (#<STANDARD-CLASS OPENLDK::|java/util/Collections$UnmodifiableCollection$1|>) in DEFMETHOD
; in:
;      PROGN (DEFMETHOD OPENLDK::|next()|
;                   ((OPENLDK::|this| OPENLDK::|java/util/AbstractList$Itr|))
;          (SETF OPENLDK::*FORCE-THIS-TO-BE-USED* OPENLDK::|this|)
;          "bridge=NIL"
;          (LET ((OPENLDK::|condition-cache|)
;                (OPENLDK::|s{17}|)
;                (OPENLDK::|s{16}|)
;                (OPENLDK::|s{15}|)
;                (OPENLDK::|s{14}|)
;                (OPENLDK::|s{11}|)
;                (OPENLDK::|s{10}|)
;                (OPENLDK::|s{9}|)
;                (OPENLDK::|s{8}|)
;                (OPENLDK::|s{7}|)
;                (OPENLDK::|s{6}|)
;                (OPENLDK::|s{5}|)
;                ...)
;            (BLOCK NIL
;              (TAGBODY
;               |branch-target-0|
;                (SETF #)
;                (OPENLDK::|checkForComodification()| OPENLDK::|local-0|)
;               |branch-target-4|
;                (HANDLER-CASE # #)
;               |branch-target-31|
;                (LET #
;                  #
;                  #)
;               |branch-target-32|
;                (SETF #)
;                (SETF #)
;                (SETF #) ...))))
;     (OPENLDK::|s{16}|)
; 
; caught STYLE-WARNING:
;   The variable OPENLDK::|s{16}| is assigned but never read.

;     (OPENLDK::|s{11}|)
; 
; caught STYLE-WARNING:
;   The variable OPENLDK::|s{11}| is assigned but never read.

;     (OPENLDK::|s{9}|)
; 
; caught STYLE-WARNING:
;   The variable OPENLDK::|s{9}| is assigned but never read.

;     (OPENLDK::|s{6}|)
; 
; caught STYLE-WARNING:
;   The variable OPENLDK::|s{6}| is assigned but never read.

;     (OPENLDK::|s{4}|)
; 
; caught STYLE-WARNING:
;   The variable OPENLDK::|s{4}| is assigned but never read.

;     (OPENLDK::|s{2}|)
; 
; caught STYLE-WARNING:
;   The variable OPENLDK::|s{2}| is assigned but never read.

;     (OPENLDK::|s{1}|)
; 
; caught STYLE-WARNING:
;   The variable OPENLDK::|s{1}| is assigned but never read.

;     (OPENLDK::|local-3|)
; 
; caught STYLE-WARNING:
;   The variable OPENLDK::|local-3| is defined but never used.

;     (OPENLDK::|local-4|)
; 
; caught STYLE-WARNING:
;   The variable OPENLDK::|local-4| is defined but never used.

;     (OPENLDK::|local-5|)
; 
; caught STYLE-WARNING:
;   The variable OPENLDK::|local-5| is defined but never used.
; 
; compilation unit finished
;   caught 10 STYLE-WARNING conditions
WARNING:
   redefining OPENLDK::|next()| (#<STANDARD-CLASS OPENLDK::|java/util/AbstractList$Itr|>) in DEFMETHOD
; in:
;      PROGN (DEFMETHOD OPENLDK::|checkForComodification()|
;                   ((OPENLDK::|this| OPENLDK::|java/util/AbstractList$Itr|))
;          (SETF OPENLDK::*FORCE-THIS-TO-BE-USED* OPENLDK::|this|)
;          "bridge=NIL"
;          (LET ((OPENLDK::|condition-cache|)
;                (OPENLDK::|s{6}|)
;                (OPENLDK::|s{5}|)
;                (OPENLDK::|s{4}|)
;                (OPENLDK::|s{3}|)
;                (OPENLDK::|s{2}|)
;                (OPENLDK::|s{1}|)
;                (OPENLDK::|local-0| OPENLDK::|this|)
;                (OPENLDK::|local-1|)
;                (OPENLDK::|local-2|)
;                (OPENLDK::|local-3|))
;            (BLOCK NIL
;              (TAGBODY
;               |branch-target-0|
;                (SETF #)
;                (SETF #)
;                (SETF #)
;                (SETF #)
;                (SETF #)
;                (PROGN #)
;               |branch-target-14|
;                (SETF #)
;                (OPENLDK::INVOKE-SPECIAL 'OPENLDK::|<init>()|
;                                         'OPENLDK::|java/util/ConcurrentModificationException|
;                                         #)
;                (LET #
;                  #
;                  #) ...))))
;     (OPENLDK::|condition-cache|)
; 
; caught STYLE-WARNING:
;   The variable OPENLDK::|condition-cache| is assigned but never read.

;     (OPENLDK::|s{4}|)
; 
; caught STYLE-WARNING:
;   The variable OPENLDK::|s{4}| is assigned but never read.

;     (OPENLDK::|s{1}|)
; 
; caught STYLE-WARNING:
;   The variable OPENLDK::|s{1}| is assigned but never read.

;     (OPENLDK::|local-1|)
; 
; caught STYLE-WARNING:
;   The variable OPENLDK::|local-1| is defined but never used.

;     (OPENLDK::|local-2|)
; 
; caught STYLE-WARNING:
;   The variable OPENLDK::|local-2| is defined but never used.

;     (OPENLDK::|local-3|)
; 
; caught STYLE-WARNING:
;   The variable OPENLDK::|local-3| is defined but never used.
; 
; compilation unit finished
;   caught 6 STYLE-WARNING conditions
WARNING:
   redefining OPENLDK::|checkForComodification()| (#<STANDARD-CLASS OPENLDK::|java/util/AbstractList$Itr|>) in DEFMETHOD
; in:
;      PROGN (DEFMETHOD OPENLDK::|get(I)|
;                   ((OPENLDK::|this| OPENLDK::|java/util/Arrays$ArrayList|)
;                    OPENLDK::|arg1|)
;          (SETF OPENLDK::*FORCE-THIS-TO-BE-USED* OPENLDK::|this|)
;          "bridge=NIL"
;          (LET ((OPENLDK::|condition-cache|)
;                (OPENLDK::|s{4}|)
;                (OPENLDK::|s{3}|)
;                (OPENLDK::|s{2}|)
;                (OPENLDK::|s{1}|)
;                (OPENLDK::|local-0| OPENLDK::|this|)
;                (OPENLDK::|local-1| OPENLDK::|arg1|)
;                (OPENLDK::|local-2|)
;                (OPENLDK::|local-3|)
;                (OPENLDK::|local-4|))
;            (HANDLER-BIND ((SB-INT:INVALID-ARRAY-INDEX-ERROR #) (TYPE-ERROR #))
;              (BLOCK NIL (TAGBODY |branch-target-0| # # # # #)))))
;     (OPENLDK::|condition-cache|)
; 
; caught STYLE-WARNING:
;   The variable OPENLDK::|condition-cache| is defined but never used.

;     (OPENLDK::|s{3}|)
; 
; caught STYLE-WARNING:
;   The variable OPENLDK::|s{3}| is assigned but never read.

;     (OPENLDK::|s{1}|)
; 
; caught STYLE-WARNING:
;   The variable OPENLDK::|s{1}| is assigned but never read.

;     (OPENLDK::|local-2|)
; 
; caught STYLE-WARNING:
;   The variable OPENLDK::|local-2| is defined but never used.

;     (OPENLDK::|local-3|)
; 
; caught STYLE-WARNING:
;   The variable OPENLDK::|local-3| is defined but never used.

;     (OPENLDK::|local-4|)
; 
; caught STYLE-WARNING:
;   The variable OPENLDK::|local-4| is defined but never used.

;     (SB-INT:INVALID-ARRAY-INDEX-ERROR
;      (LAMBDA (OPENLDK::E)
;        (ERROR
;         (OPENLDK::%LISP-CONDITION
;          (OPENLDK::%MAKE-THROWABLE
;           'OPENLDK::|java/lang/ArrayIndexOutOfBoundsException|)))))
; 
; caught STYLE-WARNING:
;   The variable OPENLDK::E is defined but never used.
; 
; compilation unit finished
;   caught 7 STYLE-WARNING conditions
WARNING:
   redefining OPENLDK::|get(I)| (#<STANDARD-CLASS OPENLDK::|java/util/Arrays$ArrayList|>
                                 #<SB-PCL:SYSTEM-CLASS COMMON-LISP:T>) in DEFMETHOD
; in:
;      PROGN (DEFUN OPENLDK::|java/lang/invoke/MethodType.methodType(Ljava/lang/Class;Ljava/lang/Class;)|
;               (OPENLDK::|arg0| OPENLDK::|arg1|)
;          "bridge=NIL"
;          (LET ((OPENLDK::|condition-cache|)
;                (OPENLDK::|s{7}|)
;                (OPENLDK::|s{5}|)
;                (OPENLDK::|s{3}|)
;                (OPENLDK::|s{1}|)
;                (OPENLDK::|local-0| OPENLDK::|arg0|)
;                (OPENLDK::|local-1| OPENLDK::|arg1|)
;                (OPENLDK::|local-2|)
;                (OPENLDK::|local-3|)
;                (OPENLDK::|local-4|))
;            (HANDLER-BIND ((SB-INT:INVALID-ARRAY-INDEX-ERROR #) (TYPE-ERROR #))
;              (BLOCK NIL (TAGBODY |branch-target-0| # # # # # # #)))))
;     (OPENLDK::|condition-cache|)
; 
; caught STYLE-WARNING:
;   The variable OPENLDK::|condition-cache| is defined but never used.

;     (OPENLDK::|s{5}|)
; 
; caught STYLE-WARNING:
;   The variable OPENLDK::|s{5}| is assigned but never read.

;     (OPENLDK::|s{1}|)
; 
; caught STYLE-WARNING:
;   The variable OPENLDK::|s{1}| is assigned but never read.

;     (OPENLDK::|local-2|)
; 
; caught STYLE-WARNING:
;   The variable OPENLDK::|local-2| is defined but never used.

;     (OPENLDK::|local-3|)
; 
; caught STYLE-WARNING:
;   The variable OPENLDK::|local-3| is defined but never used.

;     (OPENLDK::|local-4|)
; 
; caught STYLE-WARNING:
;   The variable OPENLDK::|local-4| is defined but never used.

;     (SB-INT:INVALID-ARRAY-INDEX-ERROR
;      (LAMBDA (OPENLDK::E)
;        (ERROR
;         (OPENLDK::%LISP-CONDITION
;          (OPENLDK::%MAKE-THROWABLE
;           'OPENLDK::|java/lang/ArrayIndexOutOfBoundsException|)))))
; 
; caught STYLE-WARNING:
;   The variable OPENLDK::E is defined but never used.
; 
; compilation unit finished
;   caught 7 STYLE-WARNING conditions
WARNING:
   redefining OPENLDK::|java/lang/invoke/MethodType.methodType(Ljava/lang/Class;Ljava/lang/Class;)| in DEFUN
; in:
;      PROGN (DEFMETHOD OPENLDK::|<init>(I)|
;                   (
;                    (OPENLDK::|this|
;                     OPENLDK::|java/util/concurrent/atomic/AtomicInteger|)
;                    OPENLDK::|arg1|)
;          (SETF OPENLDK::*FORCE-THIS-TO-BE-USED* OPENLDK::|this|)
;          "bridge=NIL"
;          (LET ((OPENLDK::|condition-cache|)
;                (OPENLDK::|s{3}|)
;                (OPENLDK::|s{2}|)
;                (OPENLDK::|s{1}|)
;                (OPENLDK::|local-0| OPENLDK::|this|)
;                (OPENLDK::|local-1| OPENLDK::|arg1|)
;                (OPENLDK::|local-2|)
;                (OPENLDK::|local-3|)
;                (OPENLDK::|local-4|))
;            (BLOCK NIL
;              (TAGBODY
;               |branch-target-0|
;                (SETF #)
;                (OPENLDK::INVOKE-SPECIAL 'OPENLDK::|<init>()|
;                                         'OPENLDK::|java/lang/Number| #)
;                (SETF #)
;                (SETF #)
;                (SETF #)
;                (RETURN)))))
;     (OPENLDK::|condition-cache|)
; 
; caught STYLE-WARNING:
;   The variable OPENLDK::|condition-cache| is defined but never used.

;     (OPENLDK::|s{3}|)
; 
; caught STYLE-WARNING:
;   The variable OPENLDK::|s{3}| is assigned but never read.

;     (OPENLDK::|s{1}|)
; 
; caught STYLE-WARNING:
;   The variable OPENLDK::|s{1}| is assigned but never read.

;     (OPENLDK::|local-2|)
; 
; caught STYLE-WARNING:
;   The variable OPENLDK::|local-2| is defined but never used.

;     (OPENLDK::|local-3|)
; 
; caught STYLE-WARNING:
;   The variable OPENLDK::|local-3| is defined but never used.

;     (OPENLDK::|local-4|)
; 
; caught STYLE-WARNING:
;   The variable OPENLDK::|local-4| is defined but never used.
; 
; compilation unit finished
;   caught 6 STYLE-WARNING conditions
WARNING:
   redefining OPENLDK::|<init>(I)| (#<STANDARD-CLASS OPENLDK::|java/util/concurrent/atomic/AtomicInteger|>
                                    #<SB-PCL:SYSTEM-CLASS COMMON-LISP:T>) in DEFMETHOD
; in:
;      PROGN (DEFMETHOD OPENLDK::|<init>(Ljava/lang/String;Ljava/lang/String;)|
;                   ((OPENLDK::|this| OPENLDK::|java/util/PropertyPermission|)
;                    OPENLDK::|arg1| OPENLDK::|arg2|)
;          (SETF OPENLDK::*FORCE-THIS-TO-BE-USED* OPENLDK::|this|)
;          "bridge=NIL"
;          (LET ((OPENLDK::|condition-cache|)
;                (OPENLDK::|s{6}|)
;                (OPENLDK::|s{5}|)
;                (OPENLDK::|s{4}|)
;                (OPENLDK::|s{3}|)
;                (OPENLDK::|s{2}|)
;                (OPENLDK::|s{1}|)
;                (OPENLDK::|local-0| OPENLDK::|this|)
;                (OPENLDK::|local-1| OPENLDK::|arg1|)
;                (OPENLDK::|local-2| OPENLDK::|arg2|)
;                (OPENLDK::|local-3|)
;                (OPENLDK::|local-4|)
;                ...)
;            (BLOCK NIL
;              (TAGBODY
;               |branch-target-0|
;                (SETF #)
;                (SETF #)
;                (SETF #)
;                (OPENLDK::INVOKE-SPECIAL
;                 'OPENLDK::|<init>(Ljava/lang/String;Ljava/lang/String;)|
;                 'OPENLDK::|java/security/BasicPermission| #)
;                (SETF #)
;                (SETF #)
;                (UNLESS # #)
;                (SETF #)
;                (OPENLDK::INVOKE-SPECIAL 'OPENLDK::|init(I)|
;                                         'OPENLDK::|java/util/PropertyPermission|
;                                         #)
;                (RETURN)))))
;     (OPENLDK::|condition-cache|)
; 
; caught STYLE-WARNING:
;   The variable OPENLDK::|condition-cache| is defined but never used.

;     (OPENLDK::|s{5}|)
; 
; caught STYLE-WARNING:
;   The variable OPENLDK::|s{5}| is assigned but never read.

;     (OPENLDK::|s{4}|)
; 
; caught STYLE-WARNING:
;   The variable OPENLDK::|s{4}| is assigned but never read.

;     (OPENLDK::|s{3}|)
; 
; caught STYLE-WARNING:
;   The variable OPENLDK::|s{3}| is assigned but never read.

;     (OPENLDK::|s{2}|)
; 
; caught STYLE-WARNING:
;   The variable OPENLDK::|s{2}| is assigned but never read.

;     (OPENLDK::|s{1}|)
; 
; caught STYLE-WARNING:
;   The variable OPENLDK::|s{1}| is assigned but never read.

;     (OPENLDK::|local-3|)
; 
; caught STYLE-WARNING:
;   The variable OPENLDK::|local-3| is defined but never used.

;     (OPENLDK::|local-4|)
; 
; caught STYLE-WARNING:
;   The variable OPENLDK::|local-4| is defined but never used.

;     (OPENLDK::|local-5|)
; 
; caught STYLE-WARNING:
;   The variable OPENLDK::|local-5| is defined but never used.
; 
; compilation unit finished
;   caught 9 STYLE-WARNING conditions
WARNING:
   redefining OPENLDK::|<init>(Ljava/lang/String;Ljava/lang/String;)| (#<STANDARD-CLASS OPENLDK::|java/util/PropertyPermission|>
                                                                       #<SB-PCL:SYSTEM-CLASS COMMON-LISP:T>
                                                                       #<SB-PCL:SYSTEM-CLASS COMMON-LISP:T>) in DEFMETHOD
; in:
;      PROGN (DEFMETHOD OPENLDK::|<init>(Ljava/lang/String;Ljava/lang/String;)|
;                   ((OPENLDK::|this| OPENLDK::|java/security/BasicPermission|)
;                    OPENLDK::|arg1| OPENLDK::|arg2|)
;          (SETF OPENLDK::*FORCE-THIS-TO-BE-USED* OPENLDK::|this|)
;          "bridge=NIL"
;          (LET ((OPENLDK::|condition-cache|)
;                (OPENLDK::|s{4}|)
;                (OPENLDK::|s{3}|)
;                (OPENLDK::|s{2}|)
;                (OPENLDK::|s{1}|)
;                (OPENLDK::|local-0| OPENLDK::|this|)
;                (OPENLDK::|local-1| OPENLDK::|arg1|)
;                (OPENLDK::|local-2| OPENLDK::|arg2|)
;                (OPENLDK::|local-3|)
;                (OPENLDK::|local-4|)
;                (OPENLDK::|local-5|))
;            (BLOCK NIL
;              (TAGBODY
;               |branch-target-0|
;                (SETF #)
;                (SETF #)
;                (OPENLDK::INVOKE-SPECIAL 'OPENLDK::|<init>(Ljava/lang/String;)|
;                                         'OPENLDK::|java/security/Permission| #)
;                (SETF #)
;                (SETF #)
;                (OPENLDK::INVOKE-SPECIAL 'OPENLDK::|init(Ljava/lang/String;)|
;                                         'OPENLDK::|java/security/BasicPermission|
;                                         #)
;                (RETURN)))))
;     (OPENLDK::|condition-cache|)
; 
; caught STYLE-WARNING:
;   The variable OPENLDK::|condition-cache| is defined but never used.

;     (OPENLDK::|s{4}|)
; 
; caught STYLE-WARNING:
;   The variable OPENLDK::|s{4}| is assigned but never read.

;     (OPENLDK::|s{3}|)
; 
; caught STYLE-WARNING:
;   The variable OPENLDK::|s{3}| is assigned but never read.

;     (OPENLDK::|s{2}|)
; 
; caught STYLE-WARNING:
;   The variable OPENLDK::|s{2}| is assigned but never read.

;     (OPENLDK::|s{1}|)
; 
; caught STYLE-WARNING:
;   The variable OPENLDK::|s{1}| is assigned but never read.

;     (OPENLDK::|local-2| OPENLDK::|arg2|)
; 
; caught STYLE-WARNING:
;   The variable OPENLDK::|local-2| is defined but never used.

;     (OPENLDK::|local-3|)
; 
; caught STYLE-WARNING:
;   The variable OPENLDK::|local-3| is defined but never used.

;     (OPENLDK::|local-4|)
; 
; caught STYLE-WARNING:
;   The variable OPENLDK::|local-4| is defined but never used.

;     (OPENLDK::|local-5|)
; 
; caught STYLE-WARNING:
;   The variable OPENLDK::|local-5| is defined but never used.
; 
; compilation unit finished
;   caught 9 STYLE-WARNING conditions
WARNING:
   redefining OPENLDK::|<init>(Ljava/lang/String;Ljava/lang/String;)| (#<STANDARD-CLASS OPENLDK::|java/security/BasicPermission|>
                                                                       #<SB-PCL:SYSTEM-CLASS COMMON-LISP:T>
                                                                       #<SB-PCL:SYSTEM-CLASS COMMON-LISP:T>) in DEFMETHOD
; in:
;      PROGN (DEFUN OPENLDK::|java/util/PropertyPermission.getMask(Ljava/lang/String;)|
;               (OPENLDK::|arg0|)
;          "bridge=NIL"
;          (LET ((OPENLDK::|condition-cache|)
;                (OPENLDK::|s{176}|)
;                (OPENLDK::|s{174}|)
;                (OPENLDK::|s{173}|)
;                (OPENLDK::|s{172}|)
;                (OPENLDK::|s{171}|)
;                (OPENLDK::|s{170}|)
;                (OPENLDK::|s{169}|)
;                (OPENLDK::|s{167}|)
;                (OPENLDK::|s{166}|)
;                (OPENLDK::|s{164}|)
;                (OPENLDK::|s{162}|)
;                ...)
;            (HANDLER-BIND ((SB-INT:INVALID-ARRAY-INDEX-ERROR #) (TYPE-ERROR #))
;              (BLOCK NIL
;                (TAGBODY
;                 |branch-target-0|
;                  #
;                  #
;                  #
;                 |branch-target-6|
;                  #
;                  #
;                 |branch-target-8|
;                  #
;                  #
;                 |branch-target-14| ...)))))
;     (OPENLDK::|condition-cache|)
; 
; caught STYLE-WARNING:
;   The variable OPENLDK::|condition-cache| is assigned but never read.

;     (OPENLDK::|s{176}|)
; 
; caught STYLE-WARNING:
;   The variable OPENLDK::|s{176}| is assigned but never read.

;     (OPENLDK::|s{174}|)
; 
; caught STYLE-WARNING:
;   The variable OPENLDK::|s{174}| is assigned but never read.

;     (OPENLDK::|s{173}|)
; 
; caught STYLE-WARNING:
;   The variable OPENLDK::|s{173}| is assigned but never read.

;     (OPENLDK::|s{170}|)
; 
; caught STYLE-WARNING:
;   The variable OPENLDK::|s{170}| is assigned but never read.

;     (OPENLDK::|s{162}|)
; 
; caught STYLE-WARNING:
;   The variable OPENLDK::|s{162}| is assigned but never read.

;     (OPENLDK::|s{161}|)
; 
; caught STYLE-WARNING:
;   The variable OPENLDK::|s{161}| is assigned but never read.

;     (OPENLDK::|s{160}|)
; 
; caught STYLE-WARNING:
;   The variable OPENLDK::|s{160}| is assigned but never read.

;     (OPENLDK::|s{159}|)
; 
; caught STYLE-WARNING:
;   The variable OPENLDK::|s{159}| is assigned but never read.

;     (OPENLDK::|s{158}|)
; 
; caught STYLE-WARNING:
;   The variable OPENLDK::|s{158}| is assigned but never read.

;     (OPENLDK::|s{157}|)
; 
; caught STYLE-WARNING:
;   The variable OPENLDK::|s{157}| is assigned but never read.

;     (OPENLDK::|s{153}|)
; 
; caught STYLE-WARNING:
;   The variable OPENLDK::|s{153}| is assigned but never read.

;     (OPENLDK::|s{146}|)
; 
; caught STYLE-WARNING:
;   The variable OPENLDK::|s{146}| is assigned but never read.

;     (OPENLDK::|s{142}|)
; 
; caught STYLE-WARNING:
;   The variable OPENLDK::|s{142}| is assigned but never read.

;     (OPENLDK::|s{141}|)
; 
; caught STYLE-WARNING:
;   The variable OPENLDK::|s{141}| is assigned but never read.

;     (OPENLDK::|s{138}|)
; 
; caught STYLE-WARNING:
;   The variable OPENLDK::|s{138}| is assigned but never read.

;     (OPENLDK::|s{137}|)
; 
; caught STYLE-WARNING:
;   The variable OPENLDK::|s{137}| is assigned but never read.

;     (OPENLDK::|s{132}|)
; 
; caught STYLE-WARNING:
;   The variable OPENLDK::|s{132}| is assigned but never read.

;     (OPENLDK::|s{131}|)
; 
; caught STYLE-WARNING:
;   The variable OPENLDK::|s{131}| is assigned but never read.

;     (OPENLDK::|s{126}|)
; 
; caught STYLE-WARNING:
;   The variable OPENLDK::|s{126}| is assigned but never read.

;     (OPENLDK::|s{125}|)
; 
; caught STYLE-WARNING:
;   The variable OPENLDK::|s{125}| is assigned but never read.

;     (OPENLDK::|s{120}|)
; 
; caught STYLE-WARNING:
;   The variable OPENLDK::|s{120}| is assigned but never read.

;     (OPENLDK::|s{119}|)
; 
; caught STYLE-WARNING:
;   The variable OPENLDK::|s{119}| is assigned but never read.

;     (OPENLDK::|s{114}|)
; 
; caught STYLE-WARNING:
;   The variable OPENLDK::|s{114}| is assigned but never read.

;     (OPENLDK::|s{113}|)
; 
; caught STYLE-WARNING:
;   The variable OPENLDK::|s{113}| is assigned but never read.

;     (OPENLDK::|s{108}|)
; 
; caught STYLE-WARNING:
;   The variable OPENLDK::|s{108}| is assigned but never read.

;     (OPENLDK::|s{107}|)
; 
; caught STYLE-WARNING:
;   The variable OPENLDK::|s{107}| is assigned but never read.

;     (OPENLDK::|s{102}|)
; 
; caught STYLE-WARNING:
;   The variable OPENLDK::|s{102}| is assigned but never read.

;     (OPENLDK::|s{101}|)
; 
; caught STYLE-WARNING:
;   The variable OPENLDK::|s{101}| is assigned but never read.

;     (OPENLDK::|s{96}|)
; 
; caught STYLE-WARNING:
;   The variable OPENLDK::|s{96}| is assigned but never read.

;     (OPENLDK::|s{95}|)
; 
; caught STYLE-WARNING:
;   The variable OPENLDK::|s{95}| is assigned but never read.

;     (OPENLDK::|s{90}|)
; 
; caught STYLE-WARNING:
;   The variable OPENLDK::|s{90}| is assigned but never read.

;     (OPENLDK::|s{89}|)
; 
; caught STYLE-WARNING:
;   The variable OPENLDK::|s{89}| is assigned but never read.

;     (OPENLDK::|s{87}|)
; 
; caught STYLE-WARNING:
;   The variable OPENLDK::|s{87}| is assigned but never read.

;     (OPENLDK::|s{84}|)
; 
; caught STYLE-WARNING:
;   The variable OPENLDK::|s{84}| is assigned but never read.

;     (OPENLDK::|s{80}|)
; 
; caught STYLE-WARNING:
;   The variable OPENLDK::|s{80}| is assigned but never read.

;     (OPENLDK::|s{79}|)
; 
; caught STYLE-WARNING:
;   The variable OPENLDK::|s{79}| is assigned but never read.

;     (OPENLDK::|s{76}|)
; 
; caught STYLE-WARNING:
;   The variable OPENLDK::|s{76}| is assigned but never read.

;     (OPENLDK::|s{75}|)
; 
; caught STYLE-WARNING:
;   The variable OPENLDK::|s{75}| is assigned but never read.

;     (OPENLDK::|s{70}|)
; 
; caught STYLE-WARNING:
;   The variable OPENLDK::|s{70}| is assigned but never read.

;     (OPENLDK::|s{69}|)
; 
; caught STYLE-WARNING:
;   The variable OPENLDK::|s{69}| is assigned but never read.

;     (OPENLDK::|s{64}|)
; 
; caught STYLE-WARNING:
;   The variable OPENLDK::|s{64}| is assigned but never read.

;     (OPENLDK::|s{63}|)
; 
; caught STYLE-WARNING:
;   The variable OPENLDK::|s{63}| is assigned but never read.

;     (OPENLDK::|s{58}|)
; 
; caught STYLE-WARNING:
;   The variable OPENLDK::|s{58}| is assigned but never read.

;     (OPENLDK::|s{57}|)
; 
; caught STYLE-WARNING:
;   The variable OPENLDK::|s{57}| is assigned but never read.

;     (OPENLDK::|s{52}|)
; 
; caught STYLE-WARNING:
;   The variable OPENLDK::|s{52}| is assigned but never read.

;     (OPENLDK::|s{51}|)
; 
; caught STYLE-WARNING:
;   The variable OPENLDK::|s{51}| is assigned but never read.

;     (OPENLDK::|s{46}|)
; 
; caught STYLE-WARNING:
;   The variable OPENLDK::|s{46}| is assigned but never read.

;     (OPENLDK::|s{45}|)
; 
; caught STYLE-WARNING:
;   The variable OPENLDK::|s{45}| is assigned but never read.

;     (OPENLDK::|s{40}|)
; 
; caught STYLE-WARNING:
;   The variable OPENLDK::|s{40}| is assigned but never read.

;     (OPENLDK::|s{39}|)
; 
; caught STYLE-WARNING:
;   The variable OPENLDK::|s{39}| is assigned but never read.

;     (OPENLDK::|s{37}|)
; 
; caught STYLE-WARNING:
;   The variable OPENLDK::|s{37}| is assigned but never read.

;     (OPENLDK::|s{35}|)
; 
; caught STYLE-WARNING:
;   The variable OPENLDK::|s{35}| is assigned but never read.

;     (OPENLDK::|s{33}|)
; 
; caught STYLE-WARNING:
;   The variable OPENLDK::|s{33}| is assigned but never read.

;     (OPENLDK::|s{31}|)
; 
; caught STYLE-WARNING:
;   The variable OPENLDK::|s{31}| is assigned but never read.

;     (OPENLDK::|s{29}|)
; 
; caught STYLE-WARNING:
;   The variable OPENLDK::|s{29}| is assigned but never read.

;     (OPENLDK::|s{26}|)
; 
; caught STYLE-WARNING:
;   The variable OPENLDK::|s{26}| is assigned but never read.

;     (OPENLDK::|s{25}|)
; 
; caught STYLE-WARNING:
;   The variable OPENLDK::|s{25}| is assigned but never read.

;     (OPENLDK::|s{23}|)
; 
; caught STYLE-WARNING:
;   The variable OPENLDK::|s{23}| is assigned but never read.

;     (OPENLDK::|s{21}|)
; 
; caught STYLE-WARNING:
;   The variable OPENLDK::|s{21}| is assigned but never read.

;     (OPENLDK::|s{20}|)
; 
; caught STYLE-WARNING:
;   The variable OPENLDK::|s{20}| is assigned but never read.

;     (OPENLDK::|s{19}|)
; 
; caught STYLE-WARNING:
;   The variable OPENLDK::|s{19}| is assigned but never read.

;     (OPENLDK::|s{15}|)
; 
; caught STYLE-WARNING:
;   The variable OPENLDK::|s{15}| is assigned but never read.

;     (OPENLDK::|s{13}|)
; 
; caught STYLE-WARNING:
;   The variable OPENLDK::|s{13}| is assigned but never read.

;     (OPENLDK::|s{10}|)
; 
; caught STYLE-WARNING:
;   The variable OPENLDK::|s{10}| is assigned but never read.

;     (OPENLDK::|s{7}|)
; 
; caught STYLE-WARNING:
;   The variable OPENLDK::|s{7}| is assigned but never read.

;     (OPENLDK::|s{4}|)
; 
; caught STYLE-WARNING:
;   The variable OPENLDK::|s{4}| is assigned but never read.

;     (OPENLDK::|s{3}|)
; 
; caught STYLE-WARNING:
;   The variable OPENLDK::|s{3}| is assigned but never read.

;     (OPENLDK::|s{2}|)
; 
; caught STYLE-WARNING:
;   The variable OPENLDK::|s{2}| is assigned but never read.

;     (OPENLDK::|local-7|)
; 
; caught STYLE-WARNING:
;   The variable OPENLDK::|local-7| is defined but never used.

;     (OPENLDK::|local-8|)
; 
; caught STYLE-WARNING:
;   The variable OPENLDK::|local-8| is defined but never used.

;     (OPENLDK::|local-9|)
; 
; caught STYLE-WARNING:
;   The variable OPENLDK::|local-9| is defined but never used.

;     (SB-INT:INVALID-ARRAY-INDEX-ERROR
;      (LAMBDA (OPENLDK::E)
;        (ERROR
;         (OPENLDK::%LISP-CONDITION
;          (OPENLDK::%MAKE-THROWABLE
;           'OPENLDK::|java/lang/ArrayIndexOutOfBoundsException|)))))
; 
; caught STYLE-WARNING:
;   The variable OPENLDK::E is defined but never used.
; 
; compilation unit finished
;   caught 73 STYLE-WARNING conditions
WARNING:
   redefining OPENLDK::|java/util/PropertyPermission.getMask(Ljava/lang/String;)| in DEFUN
; in:
;      PROGN (DEFMETHOD OPENLDK::|init(I)|
;                   ((OPENLDK::|this| OPENLDK::|java/util/PropertyPermission|)
;                    OPENLDK::|arg1|)
;          (SETF OPENLDK::*FORCE-THIS-TO-BE-USED* OPENLDK::|this|)
;          "bridge=NIL"
;          (LET ((OPENLDK::|condition-cache|)
;                (OPENLDK::|s{15}|)
;                (OPENLDK::|s{14}|)
;                (OPENLDK::|s{12}|)
;                (OPENLDK::|s{11}|)
;                (OPENLDK::|s{10}|)
;                (OPENLDK::|s{8}|)
;                (OPENLDK::|s{7}|)
;                (OPENLDK::|s{5}|)
;                (OPENLDK::|s{4}|)
;                (OPENLDK::|s{1}|)
;                (OPENLDK::|local-0| OPENLDK::|this|)
;                ...)
;            (BLOCK NIL
;              (TAGBODY
;               |branch-target-0|
;                (SETF #)
;                (SETF #)
;                (PROGN #)
;               |branch-target-7|
;                (SETF #)
;                (OPENLDK::INVOKE-SPECIAL 'OPENLDK::|<init>(Ljava/lang/String;)|
;                                         'OPENLDK::|java/lang/IllegalArgumentException|
;                                         #)
;                (LET #
;                  #
;                  #)
;               |branch-target-17|
;                (SETF #)
;                (WHEN # #) ...))))
;     (OPENLDK::|condition-cache|)
; 
; caught STYLE-WARNING:
;   The variable OPENLDK::|condition-cache| is assigned but never read.

;     (OPENLDK::|s{15}|)
; 
; caught STYLE-WARNING:
;   The variable OPENLDK::|s{15}| is assigned but never read.

;     (OPENLDK::|s{10}|)
; 
; caught STYLE-WARNING:
;   The variable OPENLDK::|s{10}| is assigned but never read.

;     (OPENLDK::|s{7}|)
; 
; caught STYLE-WARNING:
;   The variable OPENLDK::|s{7}| is assigned but never read.

;     (OPENLDK::|s{4}|)
; 
; caught STYLE-WARNING:
;   The variable OPENLDK::|s{4}| is assigned but never read.

;     (OPENLDK::|s{1}|)
; 
; caught STYLE-WARNING:
;   The variable OPENLDK::|s{1}| is assigned but never read.

;     (OPENLDK::|local-2|)
; 
; caught STYLE-WARNING:
;   The variable OPENLDK::|local-2| is defined but never used.

;     (OPENLDK::|local-3|)
; 
; caught STYLE-WARNING:
;   The variable OPENLDK::|local-3| is defined but never used.

;     (OPENLDK::|local-4|)
; 
; caught STYLE-WARNING:
;   The variable OPENLDK::|local-4| is defined but never used.
; 
; compilation unit finished
;   caught 9 STYLE-WARNING conditions
WARNING:
   redefining OPENLDK::|init(I)| (#<STANDARD-CLASS OPENLDK::|java/util/PropertyPermission|>
                                  #<SB-PCL:SYSTEM-CLASS COMMON-LISP:T>) in DEFMETHOD
; in:
;      PROGN (DEFMETHOD OPENLDK::|getName()|
;                   ((OPENLDK::|this| OPENLDK::|java/security/Permission|))
;          (SETF OPENLDK::*FORCE-THIS-TO-BE-USED* OPENLDK::|this|)
;          "bridge=NIL"
;          (LET ((OPENLDK::|condition-cache|)
;                (OPENLDK::|s{2}|)
;                (OPENLDK::|s{1}|)
;                (OPENLDK::|local-0| OPENLDK::|this|)
;                (OPENLDK::|local-1|)
;                (OPENLDK::|local-2|)
;                (OPENLDK::|local-3|))
;            (BLOCK NIL
;              (TAGBODY
;               |branch-target-0|
;                (SETF #)
;                (SETF #)
;                (LET #
;                  #
;                  #)))))
;     (OPENLDK::|condition-cache|)
; 
; caught STYLE-WARNING:
;   The variable OPENLDK::|condition-cache| is defined but never used.

;     (OPENLDK::|s{1}|)
; 
; caught STYLE-WARNING:
;   The variable OPENLDK::|s{1}| is assigned but never read.

;     (OPENLDK::|local-1|)
; 
; caught STYLE-WARNING:
;   The variable OPENLDK::|local-1| is defined but never used.

;     (OPENLDK::|local-2|)
; 
; caught STYLE-WARNING:
;   The variable OPENLDK::|local-2| is defined but never used.

;     (OPENLDK::|local-3|)
; 
; caught STYLE-WARNING:
;   The variable OPENLDK::|local-3| is defined but never used.
; 
; compilation unit finished
;   caught 5 STYLE-WARNING conditions
WARNING:
   redefining OPENLDK::|getName()| (#<STANDARD-CLASS OPENLDK::|java/security/Permission|>) in DEFMETHOD
; in:
;      PROGN (DEFUN OPENLDK::|java/security/AccessController.doPrivileged(Ljava/security/PrivilegedAction;Ljava/security/AccessControlContext;[Ljava/security/Permission;)|
;               (OPENLDK::|arg0| OPENLDK::|arg1| OPENLDK::|arg2|)
;          "bridge=NIL"
;          (LET ((OPENLDK::|condition-cache|)
;                (OPENLDK::|s{17}|)
;                (OPENLDK::|s{16}|)
;                (OPENLDK::|s{15}|)
;                (OPENLDK::|s{14}|)
;                (OPENLDK::|s{13}|)
;                (OPENLDK::|s{12}|)
;                (OPENLDK::|s{11}|)
;                (OPENLDK::|s{10}|)
;                (OPENLDK::|s{8}|)
;                (OPENLDK::|s{7,9}|)
;                (OPENLDK::|s{6}|)
;                ...)
;            (BLOCK NIL
;              (TAGBODY
;               |branch-target-0|
;                (UNLESS # #)
;                (SETF #)
;                (SETF #)
;                (SETF #)
;                (WHEN # #)
;               |branch-target-8|
;                (SETF #)
;                (OPENLDK::INVOKE-SPECIAL 'OPENLDK::|<init>(Ljava/lang/String;)|
;                                         'OPENLDK::|java/lang/NullPointerException|
;                                         #)
;                (LET #
;                  #
;                  #)
;               |branch-target-18| ...))))
;     (OPENLDK::|condition-cache|)
; 
; caught STYLE-WARNING:
;   The variable OPENLDK::|condition-cache| is assigned but never read.

;     (OPENLDK::|s{15}|)
; 
; caught STYLE-WARNING:
;   The variable OPENLDK::|s{15}| is assigned but never read.

;     (OPENLDK::|s{14}|)
; 
; caught STYLE-WARNING:
;   The variable OPENLDK::|s{14}| is assigned but never read.

;     (OPENLDK::|s{13}|)
; 
; caught STYLE-WARNING:
;   The variable OPENLDK::|s{13}| is assigned but never read.

;     (OPENLDK::|s{12}|)
; 
; caught STYLE-WARNING:
;   The variable OPENLDK::|s{12}| is assigned but never read.

;     (OPENLDK::|s{11}|)
; 
; caught STYLE-WARNING:
;   The variable OPENLDK::|s{11}| is assigned but never read.

;     (OPENLDK::|s{10}|)
; 
; caught STYLE-WARNING:
;   The variable OPENLDK::|s{10}| is assigned but never read.

;     (OPENLDK::|s{8}|)
; 
; caught STYLE-WARNING:
;   The variable OPENLDK::|s{8}| is assigned but never read.

;     (OPENLDK::|s{6}|)
; 
; caught STYLE-WARNING:
;   The variable OPENLDK::|s{6}| is assigned but never read.

;     (OPENLDK::|s{2}|)
; 
; caught STYLE-WARNING:
;   The variable OPENLDK::|s{2}| is assigned but never read.

;     (OPENLDK::|local-6|)
; 
; caught STYLE-WARNING:
;   The variable OPENLDK::|local-6| is defined but never used.

;     (OPENLDK::|local-7|)
; 
; caught STYLE-WARNING:
;   The variable OPENLDK::|local-7| is defined but never used.

;     (OPENLDK::|local-8|)
; 
; caught STYLE-WARNING:
;   The variable OPENLDK::|local-8| is defined but never used.
; 
; compilation unit finished
;   caught 13 STYLE-WARNING conditions
WARNING:
   redefining OPENLDK::|java/security/AccessController.doPrivileged(Ljava/security/PrivilegedAction;Ljava/security/AccessControlContext;[Ljava/security/Permission;)| in DEFUN
; in:
;      PROGN (DEFUN OPENLDK::|java/security/AccessController.createWrapper(Ljava/security/DomainCombiner;Ljava/lang/Class;Ljava/security/AccessControlContext;Ljava/security/AccessControlContext;[Ljava/security/Permission;)|
;               (OPENLDK::|arg0| OPENLDK::|arg1| OPENLDK::|arg2| OPENLDK::|arg3|
;                OPENLDK::|arg4|)
;          "bridge=NIL"
;          (LET ((OPENLDK::|condition-cache|)
;                (OPENLDK::|s{22}|)
;                (OPENLDK::|s{21}|)
;                (OPENLDK::|s{20}|)
;                (OPENLDK::|s{19}|)
;                (OPENLDK::|s{18}|)
;                (OPENLDK::|s{17}|)
;                (OPENLDK::|s{16}|)
;                (OPENLDK::|s{14}|)
;                (OPENLDK::|s{12}|)
;                (OPENLDK::|s{9}|)
;                (OPENLDK::|s{8}|)
;                ...)
;            (HANDLER-BIND ((SB-INT:INVALID-ARRAY-INDEX-ERROR #) (TYPE-ERROR #))
;              (BLOCK NIL
;                (TAGBODY
;                 |branch-target-0|
;                  #
;                  #
;                  #
;                  #
;                  #
;                  #
;                 |branch-target-10|
;                  #
;                  #
;                  # ...)))))
;     (OPENLDK::|condition-cache|)
; 
; caught STYLE-WARNING:
;   The variable OPENLDK::|condition-cache| is defined but never used.

;     (OPENLDK::|s{22}|)
; 
; caught STYLE-WARNING:
;   The variable OPENLDK::|s{22}| is assigned but never read.

;     (OPENLDK::|s{21}|)
; 
; caught STYLE-WARNING:
;   The variable OPENLDK::|s{21}| is assigned but never read.

;     (OPENLDK::|s{20}|)
; 
; caught STYLE-WARNING:
;   The variable OPENLDK::|s{20}| is assigned but never read.

;     (OPENLDK::|s{19}|)
; 
; caught STYLE-WARNING:
;   The variable OPENLDK::|s{19}| is assigned but never read.

;     (OPENLDK::|s{18}|)
; 
; caught STYLE-WARNING:
;   The variable OPENLDK::|s{18}| is assigned but never read.

;     (OPENLDK::|s{16}|)
; 
; caught STYLE-WARNING:
;   The variable OPENLDK::|s{16}| is assigned but never read.

;     (OPENLDK::|s{7}|)
; 
; caught STYLE-WARNING:
;   The variable OPENLDK::|s{7}| is assigned but never read.

;     (OPENLDK::|s{4}|)
; 
; caught STYLE-WARNING:
;   The variable OPENLDK::|s{4}| is assigned but never read.

;     (OPENLDK::|s{3}|)
; 
; caught STYLE-WARNING:
;   The variable OPENLDK::|s{3}| is assigned but never read.

;     (OPENLDK::|s{1}|)
; 
; caught STYLE-WARNING:
;   The variable OPENLDK::|s{1}| is assigned but never read.

;     (OPENLDK::|local-7|)
; 
; caught STYLE-WARNING:
;   The variable OPENLDK::|local-7| is defined but never used.

;     (OPENLDK::|local-8|)
; 
; caught STYLE-WARNING:
;   The variable OPENLDK::|local-8| is defined but never used.

;     (OPENLDK::|local-9|)
; 
; caught STYLE-WARNING:
;   The variable OPENLDK::|local-9| is defined but never used.

;     (SB-INT:INVALID-ARRAY-INDEX-ERROR
;      (LAMBDA (OPENLDK::E)
;        (ERROR
;         (OPENLDK::%LISP-CONDITION
;          (OPENLDK::%MAKE-THROWABLE
;           'OPENLDK::|java/lang/ArrayIndexOutOfBoundsException|)))))
; 
; caught STYLE-WARNING:
;   The variable OPENLDK::E is defined but never used.
; 
; compilation unit finished
;   caught 15 STYLE-WARNING conditions
WARNING:
   redefining OPENLDK::|java/security/AccessController.createWrapper(Ljava/security/DomainCombiner;Ljava/lang/Class;Ljava/security/AccessControlContext;Ljava/security/AccessControlContext;[Ljava/security/Permission;)| in DEFUN
; in:
;      PROGN (DEFUN OPENLDK::|java/security/AccessController.getCallerPD(Ljava/lang/Class;)|
;               (OPENLDK::|arg0|)
;          "bridge=NIL"
;          (LET ((OPENLDK::|condition-cache|)
;                (OPENLDK::|s{4}|)
;                (OPENLDK::|s{3}|)
;                (OPENLDK::|s{2}|)
;                (OPENLDK::|s{1}|)
;                (OPENLDK::|local-0| OPENLDK::|arg0|)
;                (OPENLDK::|local-1|)
;                (OPENLDK::|local-2|)
;                (OPENLDK::|local-3|)
;                (OPENLDK::|local-4|))
;            (BLOCK NIL
;              (TAGBODY
;               |branch-target-0|
;                (SETF #)
;                (SETF #)
;                (OPENLDK::INVOKE-SPECIAL 'OPENLDK::|<init>(Ljava/lang/Class;)|
;                                         'OPENLDK::|java/security/AccessController$1|
;                                         #)
;                (UNLESS # #)
;                (SETF #)
;                (LET #
;                  #)
;                (SETF #)
;                (SETF #)
;                (LET #
;                  #
;                  #)))))
;     (OPENLDK::|condition-cache|)
; 
; caught STYLE-WARNING:
;   The variable OPENLDK::|condition-cache| is defined but never used.

;     (OPENLDK::|s{4}|)
; 
; caught STYLE-WARNING:
;   The variable OPENLDK::|s{4}| is assigned but never read.

;     (OPENLDK::|s{2}|)
; 
; caught STYLE-WARNING:
;   The variable OPENLDK::|s{2}| is assigned but never read.

;     (OPENLDK::|local-2|)
; 
; caught STYLE-WARNING:
;   The variable OPENLDK::|local-2| is defined but never used.

;     (OPENLDK::|local-3|)
; 
; caught STYLE-WARNING:
;   The variable OPENLDK::|local-3| is defined but never used.

;     (OPENLDK::|local-4|)
; 
; caught STYLE-WARNING:
;   The variable OPENLDK::|local-4| is defined but never used.
; 
; compilation unit finished
;   caught 6 STYLE-WARNING conditions
WARNING:
   redefining OPENLDK::|java/security/AccessController.getCallerPD(Ljava/lang/Class;)| in DEFUN
; in:
;      PROGN (DEFMETHOD OPENLDK::|<init>(Ljava/lang/Class;)|
;                   (
;                    (OPENLDK::|this|
;                     OPENLDK::|java/security/AccessController$1|)
;                    OPENLDK::|arg1|)
;          (SETF OPENLDK::*FORCE-THIS-TO-BE-USED* OPENLDK::|this|)
;          "bridge=NIL"
;          (LET ((OPENLDK::|condition-cache|)
;                (OPENLDK::|s{3}|)
;                (OPENLDK::|s{2}|)
;                (OPENLDK::|s{1}|)
;                (OPENLDK::|local-0| OPENLDK::|this|)
;                (OPENLDK::|local-1| OPENLDK::|arg1|)
;                (OPENLDK::|local-2|)
;                (OPENLDK::|local-3|)
;                (OPENLDK::|local-4|))
;            (BLOCK NIL
;              (TAGBODY
;               |branch-target-0|
;                (SETF #)
;                (SETF #)
;                (SETF #)
;                (SETF #)
;                (OPENLDK::INVOKE-SPECIAL 'OPENLDK::|<init>()|
;                                         'OPENLDK::|java/lang/Object| #)
;                (RETURN)))))
;     (OPENLDK::|condition-cache|)
; 
; caught STYLE-WARNING:
;   The variable OPENLDK::|condition-cache| is defined but never used.

;     (OPENLDK::|s{3}|)
; 
; caught STYLE-WARNING:
;   The variable OPENLDK::|s{3}| is assigned but never read.

;     (OPENLDK::|s{2}|)
; 
; caught STYLE-WARNING:
;   The variable OPENLDK::|s{2}| is assigned but never read.

;     (OPENLDK::|local-2|)
; 
; caught STYLE-WARNING:
;   The variable OPENLDK::|local-2| is defined but never used.

;     (OPENLDK::|local-3|)
; 
; caught STYLE-WARNING:
;   The variable OPENLDK::|local-3| is defined but never used.

;     (OPENLDK::|local-4|)
; 
; caught STYLE-WARNING:
;   The variable OPENLDK::|local-4| is defined but never used.
; 
; compilation unit finished
;   caught 6 STYLE-WARNING conditions
WARNING:
   redefining OPENLDK::|<init>(Ljava/lang/Class;)| (#<STANDARD-CLASS OPENLDK::|java/security/AccessController$1|>
                                                    #<SB-PCL:SYSTEM-CLASS COMMON-LISP:T>) in DEFMETHOD
; in:
;      PROGN (DEFMETHOD OPENLDK::|run()|
;                   (
;                    (OPENLDK::|this|
;                     OPENLDK::|java/security/AccessController$1|))
;          (SETF OPENLDK::*FORCE-THIS-TO-BE-USED* OPENLDK::|this|)
;          "bridge=NIL"
;          (LET ((OPENLDK::|condition-cache|)
;                (OPENLDK::|s{3}|)
;                (OPENLDK::|s{2}|)
;                (OPENLDK::|s{1}|)
;                (OPENLDK::|local-0| OPENLDK::|this|)
;                (OPENLDK::|local-1|)
;                (OPENLDK::|local-2|)
;                (OPENLDK::|local-3|))
;            (BLOCK NIL
;              (TAGBODY
;               |branch-target-0|
;                (SETF #)
;                (SETF #)
;                (SETF #)
;                (LET #
;                  #
;                  #)))))
;     (OPENLDK::|condition-cache|)
; 
; caught STYLE-WARNING:
;   The variable OPENLDK::|condition-cache| is defined but never used.

;     (OPENLDK::|s{1}|)
; 
; caught STYLE-WARNING:
;   The variable OPENLDK::|s{1}| is assigned but never read.

;     (OPENLDK::|local-1|)
; 
; caught STYLE-WARNING:
;   The variable OPENLDK::|local-1| is defined but never used.

;     (OPENLDK::|local-2|)
; 
; caught STYLE-WARNING:
;   The variable OPENLDK::|local-2| is defined but never used.

;     (OPENLDK::|local-3|)
; 
; caught STYLE-WARNING:
;   The variable OPENLDK::|local-3| is defined but never used.
; 
; compilation unit finished
;   caught 5 STYLE-WARNING conditions
WARNING:
   redefining OPENLDK::|run()| (#<STANDARD-CLASS OPENLDK::|java/security/AccessController$1|>) in DEFMETHOD
; in:
;      PROGN (DEFMETHOD OPENLDK::|getProtectionDomain()|
;                   ((OPENLDK::|this| OPENLDK::|java/lang/Class|))
;          (SETF OPENLDK::*FORCE-THIS-TO-BE-USED* OPENLDK::|this|)
;          "bridge=NIL"
;          (LET ((OPENLDK::|condition-cache|)
;                (OPENLDK::|s{16}|)
;                (OPENLDK::|s{15}|)
;                (OPENLDK::|s{14}|)
;                (OPENLDK::|s{12}|)
;                (OPENLDK::|s{11}|)
;                (OPENLDK::|s{10}|)
;                (OPENLDK::|s{9}|)
;                (OPENLDK::|s{8}|)
;                (OPENLDK::|s{7}|)
;                (OPENLDK::|s{6}|)
;                (OPENLDK::|s{5}|)
;                ...)
;            (BLOCK NIL
;              (TAGBODY
;               |branch-target-0|
;                (UNLESS # #)
;                (SETF #)
;                (SETF #)
;                (SETF #)
;                (WHEN # #)
;               |branch-target-8|
;                (SETF #)
;                (UNLESS # #)
;                (SETF #)
;                (FUNCALL
;                 #'OPENLDK::|checkPermission(Ljava/security/Permission;)|
;                 OPENLDK::|local-1| OPENLDK::|s{4}|) ...))))
;     (OPENLDK::|condition-cache|)
; 
; caught STYLE-WARNING:
;   The variable OPENLDK::|condition-cache| is defined but never used.

;     (OPENLDK::|s{16}|)
; 
; caught STYLE-WARNING:
;   The variable OPENLDK::|s{16}| is assigned but never read.

;     (OPENLDK::|s{14}|)
; 
; caught STYLE-WARNING:
;   The variable OPENLDK::|s{14}| is assigned but never read.

;     (OPENLDK::|s{10}|)
; 
; caught STYLE-WARNING:
;   The variable OPENLDK::|s{10}| is assigned but never read.

;     (OPENLDK::|s{7}|)
; 
; caught STYLE-WARNING:
;   The variable OPENLDK::|s{7}| is assigned but never read.

;     (OPENLDK::|s{5}|)
; 
; caught STYLE-WARNING:
;   The variable OPENLDK::|s{5}| is assigned but never read.

;     (OPENLDK::|s{3}|)
; 
; caught STYLE-WARNING:
;   The variable OPENLDK::|s{3}| is assigned but never read.

;     (OPENLDK::|s{2}|)
; 
; caught STYLE-WARNING:
;   The variable OPENLDK::|s{2}| is assigned but never read.

;     (OPENLDK::|local-4|)
; 
; caught STYLE-WARNING:
;   The variable OPENLDK::|local-4| is defined but never used.

;     (OPENLDK::|local-5|)
; 
; caught STYLE-WARNING:
;   The variable OPENLDK::|local-5| is defined but never used.

;     (OPENLDK::|local-6|)
; 
; caught STYLE-WARNING:
;   The variable OPENLDK::|local-6| is defined but never used.
; 
; compilation unit finished
;   caught 11 STYLE-WARNING conditions
WARNING:
   redefining OPENLDK::|getProtectionDomain()| (#<STANDARD-CLASS OPENLDK::|java/lang/Class|>) in DEFMETHOD
; in:
;      PROGN (DEFMETHOD OPENLDK::|<init>()|
;                   ((OPENLDK::|this| OPENLDK::|java/security/Permissions|))
;          (SETF OPENLDK::*FORCE-THIS-TO-BE-USED* OPENLDK::|this|)
;          "bridge=NIL"
;          (LET ((OPENLDK::|condition-cache|)
;                (OPENLDK::|s{7}|)
;                (OPENLDK::|s{5}|)
;                (OPENLDK::|s{4}|)
;                (OPENLDK::|s{2}|)
;                (OPENLDK::|s{1}|)
;                (OPENLDK::|local-0| OPENLDK::|this|)
;                (OPENLDK::|local-1|)
;                (OPENLDK::|local-2|)
;                (OPENLDK::|local-3|))
;            (BLOCK NIL
;              (TAGBODY
;               |branch-target-0|
;                (SETF #)
;                (OPENLDK::INVOKE-SPECIAL 'OPENLDK::|<init>()|
;                                         'OPENLDK::|java/security/PermissionCollection|
;                                         #)
;                (SETF #)
;                (SETF #)
;                (SETF #)
;                (SETF #)
;                (OPENLDK::INVOKE-SPECIAL 'OPENLDK::|<init>(I)|
;                                         'OPENLDK::|java/util/HashMap| #)
;                (SETF #)
;                (SETF #)
;                (SETF #) ...))))
;     (OPENLDK::|condition-cache|)
; 
; caught STYLE-WARNING:
;   The variable OPENLDK::|condition-cache| is defined but never used.

;     (OPENLDK::|s{1}|)
; 
; caught STYLE-WARNING:
;   The variable OPENLDK::|s{1}| is assigned but never read.

;     (OPENLDK::|local-1|)
; 
; caught STYLE-WARNING:
;   The variable OPENLDK::|local-1| is defined but never used.

;     (OPENLDK::|local-2|)
; 
; caught STYLE-WARNING:
;   The variable OPENLDK::|local-2| is defined but never used.

;     (OPENLDK::|local-3|)
; 
; caught STYLE-WARNING:
;   The variable OPENLDK::|local-3| is defined but never used.
; 
; compilation unit finished
;   caught 5 STYLE-WARNING conditions
WARNING:
   redefining OPENLDK::|<init>()| (#<STANDARD-CLASS OPENLDK::|java/security/Permissions|>) in DEFMETHOD
; in:
;      PROGN (DEFMETHOD OPENLDK::|<init>()|
;                   (
;                    (OPENLDK::|this|
;                     OPENLDK::|java/security/PermissionCollection|))
;          (SETF OPENLDK::*FORCE-THIS-TO-BE-USED* OPENLDK::|this|)
;          "bridge=NIL"
;          (LET ((OPENLDK::|condition-cache|)
;                (OPENLDK::|s{1}|)
;                (OPENLDK::|local-0| OPENLDK::|this|)
;                (OPENLDK::|local-1|)
;                (OPENLDK::|local-2|)
;                (OPENLDK::|local-3|))
;            (BLOCK NIL
;              (TAGBODY
;               |branch-target-0|
;                (SETF #)
;                (OPENLDK::INVOKE-SPECIAL 'OPENLDK::|<init>()|
;                                         'OPENLDK::|java/lang/Object| #)
;                (RETURN)))))
;     (OPENLDK::|condition-cache|)
; 
; caught STYLE-WARNING:
;   The variable OPENLDK::|condition-cache| is defined but never used.

;     (OPENLDK::|s{1}|)
; 
; caught STYLE-WARNING:
;   The variable OPENLDK::|s{1}| is assigned but never read.

;     (OPENLDK::|local-1|)
; 
; caught STYLE-WARNING:
;   The variable OPENLDK::|local-1| is defined but never used.

;     (OPENLDK::|local-2|)
; 
; caught STYLE-WARNING:
;   The variable OPENLDK::|local-2| is defined but never used.

;     (OPENLDK::|local-3|)
; 
; caught STYLE-WARNING:
;   The variable OPENLDK::|local-3| is defined but never used.
; 
; compilation unit finished
;   caught 5 STYLE-WARNING conditions
WARNING:
   redefining OPENLDK::|<init>()| (#<STANDARD-CLASS OPENLDK::|java/security/PermissionCollection|>) in DEFMETHOD
